Jun 09 21:42:30 yry-ThinkPad-X1-Carbon-Gen-11 kernel: Linux version 6.8.0-35-generic (buildd@lcy02-amd64-020) (x86_64-linux-gnu-gcc-13 (Ubuntu 13.2.0-23ubuntu4) 13.2.0, GNU ld (GNU Binutils for Ubuntu) 2.42) #35-Ubuntu SMP PREEMPT_DYNAMIC Mon May 20 15:51:52 UTC 2024 (Ubuntu 6.8.0-35.35-generic 6.8.4)
Jun 09 21:42:30 yry-ThinkPad-X1-Carbon-Gen-11 kernel: Command line: BOOT_IMAGE=/boot/vmlinuz-6.8.0-35-generic root=UUID=904598e8-ccbe-4f35-a892-50d90c109100 ro quiet splash vt.handoff=7
Jun 09 21:42:30 yry-ThinkPad-X1-Carbon-Gen-11 kernel: KERNEL supported cpus:
Jun 09 21:42:30 yry-ThinkPad-X1-Carbon-Gen-11 kernel:   Intel GenuineIntel
Jun 09 21:42:30 yry-ThinkPad-X1-Carbon-Gen-11 kernel:   AMD AuthenticAMD
Jun 09 21:42:30 yry-ThinkPad-X1-Carbon-Gen-11 kernel:   Hygon HygonGenuine
Jun 09 21:42:30 yry-ThinkPad-X1-Carbon-Gen-11 kernel:   Centaur CentaurHauls
Jun 09 21:42:30 yry-ThinkPad-X1-Carbon-Gen-11 kernel:   zhaoxin   Shanghai  
Jun 09 21:42:30 yry-ThinkPad-X1-Carbon-Gen-11 kernel: x86/tme: not enabled by BIOS
Jun 09 21:42:30 yry-ThinkPad-X1-Carbon-Gen-11 kernel: x86/split lock detection: #AC: crashing the kernel on kernel split_locks and warning on user-space split_locks
Jun 09 21:42:30 yry-ThinkPad-X1-Carbon-Gen-11 kernel: BIOS-provided physical RAM map:
Jun 09 21:42:30 yry-ThinkPad-X1-Carbon-Gen-11 kernel: BIOS-e820: [mem 0x0000000000000000-0x000000000009efff] usable
Jun 09 21:42:30 yry-ThinkPad-X1-Carbon-Gen-11 kernel: BIOS-e820: [mem 0x000000000009f000-0x00000000000fffff] reserved
Jun 09 21:42:30 yry-ThinkPad-X1-Carbon-Gen-11 kernel: BIOS-e820: [mem 0x0000000000100000-0x000000005862efff] usable
Jun 09 21:42:30 yry-ThinkPad-X1-Carbon-Gen-11 kernel: BIOS-e820: [mem 0x000000005862f000-0x000000005922efff] ACPI NVS
Jun 09 21:42:30 yry-ThinkPad-X1-Carbon-Gen-11 kernel: BIOS-e820: [mem 0x000000005922f000-0x00000000592fefff] ACPI data
Jun 09 21:42:30 yry-ThinkPad-X1-Carbon-Gen-11 kernel: BIOS-e820: [mem 0x00000000592ff000-0x000000005bcfefff] reserved
Jun 09 21:42:30 yry-ThinkPad-X1-Carbon-Gen-11 kernel: BIOS-e820: [mem 0x000000005bcff000-0x000000008dcfefff] usable
Jun 09 21:42:30 yry-ThinkPad-X1-Carbon-Gen-11 kernel: BIOS-e820: [mem 0x000000008dcff000-0x00000000917fefff] reserved
Jun 09 21:42:30 yry-ThinkPad-X1-Carbon-Gen-11 kernel: BIOS-e820: [mem 0x00000000917ff000-0x00000000917fffff] usable
Jun 09 21:42:30 yry-ThinkPad-X1-Carbon-Gen-11 kernel: BIOS-e820: [mem 0x0000000091800000-0x0000000095ffffff] reserved
Jun 09 21:42:30 yry-ThinkPad-X1-Carbon-Gen-11 kernel: BIOS-e820: [mem 0x0000000097400000-0x00000000977fffff] reserved
Jun 09 21:42:30 yry-ThinkPad-X1-Carbon-Gen-11 kernel: BIOS-e820: [mem 0x0000000098200000-0x00000000a07fffff] reserved
Jun 09 21:42:30 yry-ThinkPad-X1-Carbon-Gen-11 kernel: BIOS-e820: [mem 0x00000000c0000000-0x00000000cfffffff] reserved
Jun 09 21:42:30 yry-ThinkPad-X1-Carbon-Gen-11 kernel: BIOS-e820: [mem 0x00000000fed20000-0x00000000fed7ffff] reserved
Jun 09 21:42:30 yry-ThinkPad-X1-Carbon-Gen-11 kernel: BIOS-e820: [mem 0x0000000100000000-0x000000085f7fffff] usable
Jun 09 21:42:30 yry-ThinkPad-X1-Carbon-Gen-11 kernel: NX (Execute Disable) protection: active
Jun 09 21:42:30 yry-ThinkPad-X1-Carbon-Gen-11 kernel: APIC: Static calls initialized
Jun 09 21:42:30 yry-ThinkPad-X1-Carbon-Gen-11 kernel: efi: EFI v2.7 by Lenovo
Jun 09 21:42:30 yry-ThinkPad-X1-Carbon-Gen-11 kernel: efi: ACPI=0x592fe000 ACPI 2.0=0x592fe014 TPMFinalLog=0x591ae000 SMBIOS=0x5b97e000 SMBIOS 3.0=0x5b971000 MEMATTR=0x876de018 ESRT=0x87720b98 MOKvar=0x5b972000 INITRD=0x5862e698 RNG=0x592fd018 TPMEventLog=0x53d27018 
Jun 09 21:42:30 yry-ThinkPad-X1-Carbon-Gen-11 kernel: random: crng init done
Jun 09 21:42:30 yry-ThinkPad-X1-Carbon-Gen-11 kernel: efi: Remove mem77: MMIO range=[0xc0000000-0xcfffffff] (256MB) from e820 map
Jun 09 21:42:30 yry-ThinkPad-X1-Carbon-Gen-11 kernel: e820: remove [mem 0xc0000000-0xcfffffff] reserved
Jun 09 21:42:30 yry-ThinkPad-X1-Carbon-Gen-11 kernel: secureboot: Secure boot disabled
Jun 09 21:42:30 yry-ThinkPad-X1-Carbon-Gen-11 kernel: SMBIOS 3.4.0 present.
Jun 09 21:42:30 yry-ThinkPad-X1-Carbon-Gen-11 kernel: DMI: LENOVO 21HM000SUS/21HM000SUS, BIOS N3XET50W (1.25 ) 01/25/2024
Jun 09 21:42:30 yry-ThinkPad-X1-Carbon-Gen-11 kernel: tsc: Detected 2700.000 MHz processor
Jun 09 21:42:30 yry-ThinkPad-X1-Carbon-Gen-11 kernel: tsc: Detected 2688.000 MHz TSC
Jun 09 21:42:30 yry-ThinkPad-X1-Carbon-Gen-11 kernel: e820: update [mem 0x00000000-0x00000fff] usable ==> reserved
Jun 09 21:42:30 yry-ThinkPad-X1-Carbon-Gen-11 kernel: e820: remove [mem 0x000a0000-0x000fffff] usable
Jun 09 21:42:30 yry-ThinkPad-X1-Carbon-Gen-11 kernel: last_pfn = 0x85f800 max_arch_pfn = 0x400000000
Jun 09 21:42:30 yry-ThinkPad-X1-Carbon-Gen-11 kernel: total RAM covered: 63936M
Jun 09 21:42:30 yry-ThinkPad-X1-Carbon-Gen-11 kernel: Found optimal setting for mtrr clean up
Jun 09 21:42:30 yry-ThinkPad-X1-Carbon-Gen-11 kernel:  gran_size: 64K         chunk_size: 128M         num_reg: 7          lose cover RAM: 0G
Jun 09 21:42:30 yry-ThinkPad-X1-Carbon-Gen-11 kernel: MTRR map: 6 entries (3 fixed + 3 variable; max 23), built from 10 variable MTRRs
Jun 09 21:42:30 yry-ThinkPad-X1-Carbon-Gen-11 kernel: x86/PAT: Configuration [0-7]: WB  WC  UC- UC  WB  WP  UC- WT  
Jun 09 21:42:30 yry-ThinkPad-X1-Carbon-Gen-11 kernel: e820: update [mem 0x9c000000-0xffffffff] usable ==> reserved
Jun 09 21:42:30 yry-ThinkPad-X1-Carbon-Gen-11 kernel: last_pfn = 0x91800 max_arch_pfn = 0x400000000
Jun 09 21:42:30 yry-ThinkPad-X1-Carbon-Gen-11 kernel: esrt: Reserving ESRT space from 0x0000000087720b98 to 0x0000000087720e50.
Jun 09 21:42:30 yry-ThinkPad-X1-Carbon-Gen-11 kernel: e820: update [mem 0x87720000-0x87720fff] usable ==> reserved
Jun 09 21:42:30 yry-ThinkPad-X1-Carbon-Gen-11 kernel: Using GB pages for direct mapping
Jun 09 21:42:30 yry-ThinkPad-X1-Carbon-Gen-11 kernel: Incomplete global flushes, disabling PCID
Jun 09 21:42:30 yry-ThinkPad-X1-Carbon-Gen-11 kernel: secureboot: Secure boot disabled
Jun 09 21:42:30 yry-ThinkPad-X1-Carbon-Gen-11 kernel: RAMDISK: [mem 0x487a3000-0x4c649fff]
Jun 09 21:42:30 yry-ThinkPad-X1-Carbon-Gen-11 kernel: ACPI: Early table checksum verification disabled
Jun 09 21:42:30 yry-ThinkPad-X1-Carbon-Gen-11 kernel: ACPI: RSDP 0x00000000592FE014 000024 (v02 LENOVO)
Jun 09 21:42:30 yry-ThinkPad-X1-Carbon-Gen-11 kernel: ACPI: XSDT 0x00000000592FC188 00013C (v01 LENOVO TP-N3X   00001250 PTEC 00000002)
Jun 09 21:42:30 yry-ThinkPad-X1-Carbon-Gen-11 kernel: ACPI: FACP 0x000000005B960000 000114 (v06 LENOVO TP-N3X   00001250 PTEC 00000002)
Jun 09 21:42:30 yry-ThinkPad-X1-Carbon-Gen-11 kernel: ACPI: DSDT 0x000000005B90B000 05033B (v02 LENOVO ICL      00000002      01000013)
Jun 09 21:42:30 yry-ThinkPad-X1-Carbon-Gen-11 kernel: ACPI: FACS 0x0000000059194000 000040
Jun 09 21:42:30 yry-ThinkPad-X1-Carbon-Gen-11 kernel: ACPI: SSDT 0x000000005BA1B000 00038C (v02 LENOVO Pmax_Dev 00000001 INTL 20200717)
Jun 09 21:42:30 yry-ThinkPad-X1-Carbon-Gen-11 kernel: ACPI: SSDT 0x000000005BA02000 005D34 (v02 LENOVO CpuSsdt  00003000 INTL 20200717)
Jun 09 21:42:30 yry-ThinkPad-X1-Carbon-Gen-11 kernel: ACPI: SSDT 0x000000005BA01000 00059B (v02 LENOVO CtdpB    00001000 INTL 20200717)
Jun 09 21:42:30 yry-ThinkPad-X1-Carbon-Gen-11 kernel: ACPI: SSDT 0x000000005B991000 0043D8 (v02 LENOVO DptfTabl 00001000 INTL 20200717)
Jun 09 21:42:30 yry-ThinkPad-X1-Carbon-Gen-11 kernel: ACPI: SSDT 0x000000005B962000 00060E (v02 LENOVO Tpm2Tabl 00001000 INTL 20200717)
Jun 09 21:42:30 yry-ThinkPad-X1-Carbon-Gen-11 kernel: ACPI: TPM2 0x000000005B961000 00004C (v04 LENOVO TP-N3X   00001250 PTEC 00000002)
Jun 09 21:42:30 yry-ThinkPad-X1-Carbon-Gen-11 kernel: ACPI: HPET 0x000000005B95F000 000038 (v01 LENOVO TP-N3X   00001250 PTEC 00000002)
Jun 09 21:42:30 yry-ThinkPad-X1-Carbon-Gen-11 kernel: ACPI: APIC 0x000000005B95E000 0001DC (v05 LENOVO TP-N3X   00001250 PTEC 00000002)
Jun 09 21:42:30 yry-ThinkPad-X1-Carbon-Gen-11 kernel: ACPI: MCFG 0x000000005B95D000 00003C (v01 LENOVO TP-N3X   00001250 PTEC 00000002)
Jun 09 21:42:30 yry-ThinkPad-X1-Carbon-Gen-11 kernel: ACPI: ECDT 0x000000005B95C000 000053 (v01 LENOVO TP-N3X   00001250 PTEC 00000002)
Jun 09 21:42:30 yry-ThinkPad-X1-Carbon-Gen-11 kernel: ACPI: SSDT 0x000000005B908000 002E20 (v02 LENOVO AdlP_Rvp 00001000 INTL 20200717)
Jun 09 21:42:30 yry-ThinkPad-X1-Carbon-Gen-11 kernel: ACPI: SSDT 0x000000005B907000 0000F2 (v02 LENOVO PID1Ssdt 00000010 INTL 20200717)
Jun 09 21:42:30 yry-ThinkPad-X1-Carbon-Gen-11 kernel: ACPI: SSDT 0x000000005B905000 00127B (v02 LENOVO ProjSsdt 00000010 INTL 20200717)
Jun 09 21:42:30 yry-ThinkPad-X1-Carbon-Gen-11 kernel: ACPI: SSDT 0x000000005B902000 002B26 (v02 LENOVO SaSsdt   00003000 INTL 20200717)
Jun 09 21:42:30 yry-ThinkPad-X1-Carbon-Gen-11 kernel: ACPI: SSDT 0x000000005B8FE000 0035EC (v02 LENOVO IgfxSsdt 00003000 INTL 20200717)
Jun 09 21:42:30 yry-ThinkPad-X1-Carbon-Gen-11 kernel: ACPI: SSDT 0x000000005B8F5000 0089E0 (v02 LENOVO TcssSsdt 00001000 INTL 20200717)
Jun 09 21:42:30 yry-ThinkPad-X1-Carbon-Gen-11 kernel: ACPI: LPIT 0x000000005B8F4000 0000CC (v01 LENOVO TP-N3X   00001250 PTEC 00000002)
Jun 09 21:42:30 yry-ThinkPad-X1-Carbon-Gen-11 kernel: ACPI: WSMT 0x000000005B8F3000 000028 (v01 LENOVO TP-N3X   00001250 PTEC 00000002)
Jun 09 21:42:30 yry-ThinkPad-X1-Carbon-Gen-11 kernel: ACPI: SSDT 0x000000005B8E9000 0092F4 (v02 LENOVO TbtTypeC 00000000 INTL 20200717)
Jun 09 21:42:30 yry-ThinkPad-X1-Carbon-Gen-11 kernel: ACPI: DBGP 0x000000005B8E8000 000034 (v01 LENOVO TP-N3X   00001250 PTEC 00000002)
Jun 09 21:42:30 yry-ThinkPad-X1-Carbon-Gen-11 kernel: ACPI: DBG2 0x000000005B8E7000 000054 (v00 LENOVO TP-N3X   00001250 PTEC 00000002)
Jun 09 21:42:30 yry-ThinkPad-X1-Carbon-Gen-11 kernel: ACPI: NHLT 0x000000005B8E6000 000F7C (v00 LENOVO TP-N3X   00001250 PTEC 00000002)
Jun 09 21:42:30 yry-ThinkPad-X1-Carbon-Gen-11 kernel: ACPI: MSDM 0x000000005B8E5000 000055 (v03 LENOVO TP-N3X   00001250 PTEC 00000002)
Jun 09 21:42:30 yry-ThinkPad-X1-Carbon-Gen-11 kernel: ACPI: SSDT 0x000000005B8CF000 000E44 (v02 LENOVO UsbCTabl 00001000 INTL 20200717)
Jun 09 21:42:30 yry-ThinkPad-X1-Carbon-Gen-11 kernel: ACPI: BATB 0x000000005B8CD000 00004A (v02 LENOVO TP-N3X   00001250 PTEC 00000002)
Jun 09 21:42:30 yry-ThinkPad-X1-Carbon-Gen-11 kernel: ACPI: DMAR 0x0000000059ACB000 000088 (v01 LENOVO TP-N3X   00001250 PTEC 00000002)
Jun 09 21:42:30 yry-ThinkPad-X1-Carbon-Gen-11 kernel: ACPI: SDEV 0x0000000059ACA000 0000BC (v01 LENOVO TP-N3X   00001250 PTEC 00000002)
Jun 09 21:42:30 yry-ThinkPad-X1-Carbon-Gen-11 kernel: ACPI: FPDT 0x000000005B97D000 000034 (v01 LENOVO TP-N3X   00001250 PTEC 00000002)
Jun 09 21:42:30 yry-ThinkPad-X1-Carbon-Gen-11 kernel: ACPI: SSDT 0x000000005B97B000 00118A (v02 LENOVO SocGpe   00003000 INTL 20200717)
Jun 09 21:42:30 yry-ThinkPad-X1-Carbon-Gen-11 kernel: ACPI: SSDT 0x000000005B977000 0039DA (v02 LENOVO SocCmn   00003000 INTL 20200717)
Jun 09 21:42:30 yry-ThinkPad-X1-Carbon-Gen-11 kernel: ACPI: BGRT 0x000000005B974000 000038 (v01 LENOVO TP-N3X   00001250 PTEC 00000002)
Jun 09 21:42:30 yry-ThinkPad-X1-Carbon-Gen-11 kernel: ACPI: ASF! 0x000000005B976000 0000A0 (v32 LENOVO TP-N3X   00001250 PTEC 00000002)
Jun 09 21:42:30 yry-ThinkPad-X1-Carbon-Gen-11 kernel: ACPI: PHAT 0x000000005B973000 000918 (v01 LENOVO TP-N3X   00001250 PTEC 00000002)
Jun 09 21:42:30 yry-ThinkPad-X1-Carbon-Gen-11 kernel: ACPI: UEFI 0x000000005918B000 000076 (v01 LENOVO TP-N3X   00001250 PTEC 00000002)
Jun 09 21:42:30 yry-ThinkPad-X1-Carbon-Gen-11 kernel: ACPI: Reserving FACP table memory at [mem 0x5b960000-0x5b960113]
Jun 09 21:42:30 yry-ThinkPad-X1-Carbon-Gen-11 kernel: ACPI: Reserving DSDT table memory at [mem 0x5b90b000-0x5b95b33a]
Jun 09 21:42:30 yry-ThinkPad-X1-Carbon-Gen-11 kernel: ACPI: Reserving FACS table memory at [mem 0x59194000-0x5919403f]
Jun 09 21:42:30 yry-ThinkPad-X1-Carbon-Gen-11 kernel: ACPI: Reserving SSDT table memory at [mem 0x5ba1b000-0x5ba1b38b]
Jun 09 21:42:30 yry-ThinkPad-X1-Carbon-Gen-11 kernel: ACPI: Reserving SSDT table memory at [mem 0x5ba02000-0x5ba07d33]
Jun 09 21:42:30 yry-ThinkPad-X1-Carbon-Gen-11 kernel: ACPI: Reserving SSDT table memory at [mem 0x5ba01000-0x5ba0159a]
Jun 09 21:42:30 yry-ThinkPad-X1-Carbon-Gen-11 kernel: ACPI: Reserving SSDT table memory at [mem 0x5b991000-0x5b9953d7]
Jun 09 21:42:30 yry-ThinkPad-X1-Carbon-Gen-11 kernel: ACPI: Reserving SSDT table memory at [mem 0x5b962000-0x5b96260d]
Jun 09 21:42:30 yry-ThinkPad-X1-Carbon-Gen-11 kernel: ACPI: Reserving TPM2 table memory at [mem 0x5b961000-0x5b96104b]
Jun 09 21:42:30 yry-ThinkPad-X1-Carbon-Gen-11 kernel: ACPI: Reserving HPET table memory at [mem 0x5b95f000-0x5b95f037]
Jun 09 21:42:30 yry-ThinkPad-X1-Carbon-Gen-11 kernel: ACPI: Reserving APIC table memory at [mem 0x5b95e000-0x5b95e1db]
Jun 09 21:42:30 yry-ThinkPad-X1-Carbon-Gen-11 kernel: ACPI: Reserving MCFG table memory at [mem 0x5b95d000-0x5b95d03b]
Jun 09 21:42:30 yry-ThinkPad-X1-Carbon-Gen-11 kernel: ACPI: Reserving ECDT table memory at [mem 0x5b95c000-0x5b95c052]
Jun 09 21:42:30 yry-ThinkPad-X1-Carbon-Gen-11 kernel: ACPI: Reserving SSDT table memory at [mem 0x5b908000-0x5b90ae1f]
Jun 09 21:42:30 yry-ThinkPad-X1-Carbon-Gen-11 kernel: ACPI: Reserving SSDT table memory at [mem 0x5b907000-0x5b9070f1]
Jun 09 21:42:30 yry-ThinkPad-X1-Carbon-Gen-11 kernel: ACPI: Reserving SSDT table memory at [mem 0x5b905000-0x5b90627a]
Jun 09 21:42:30 yry-ThinkPad-X1-Carbon-Gen-11 kernel: ACPI: Reserving SSDT table memory at [mem 0x5b902000-0x5b904b25]
Jun 09 21:42:30 yry-ThinkPad-X1-Carbon-Gen-11 kernel: ACPI: Reserving SSDT table memory at [mem 0x5b8fe000-0x5b9015eb]
Jun 09 21:42:30 yry-ThinkPad-X1-Carbon-Gen-11 kernel: ACPI: Reserving SSDT table memory at [mem 0x5b8f5000-0x5b8fd9df]
Jun 09 21:42:30 yry-ThinkPad-X1-Carbon-Gen-11 kernel: ACPI: Reserving LPIT table memory at [mem 0x5b8f4000-0x5b8f40cb]
Jun 09 21:42:30 yry-ThinkPad-X1-Carbon-Gen-11 kernel: ACPI: Reserving WSMT table memory at [mem 0x5b8f3000-0x5b8f3027]
Jun 09 21:42:30 yry-ThinkPad-X1-Carbon-Gen-11 kernel: ACPI: Reserving SSDT table memory at [mem 0x5b8e9000-0x5b8f22f3]
Jun 09 21:42:30 yry-ThinkPad-X1-Carbon-Gen-11 kernel: ACPI: Reserving DBGP table memory at [mem 0x5b8e8000-0x5b8e8033]
Jun 09 21:42:30 yry-ThinkPad-X1-Carbon-Gen-11 kernel: ACPI: Reserving DBG2 table memory at [mem 0x5b8e7000-0x5b8e7053]
Jun 09 21:42:30 yry-ThinkPad-X1-Carbon-Gen-11 kernel: ACPI: Reserving NHLT table memory at [mem 0x5b8e6000-0x5b8e6f7b]
Jun 09 21:42:30 yry-ThinkPad-X1-Carbon-Gen-11 kernel: ACPI: Reserving MSDM table memory at [mem 0x5b8e5000-0x5b8e5054]
Jun 09 21:42:30 yry-ThinkPad-X1-Carbon-Gen-11 kernel: ACPI: Reserving SSDT table memory at [mem 0x5b8cf000-0x5b8cfe43]
Jun 09 21:42:30 yry-ThinkPad-X1-Carbon-Gen-11 kernel: ACPI: Reserving BATB table memory at [mem 0x5b8cd000-0x5b8cd049]
Jun 09 21:42:30 yry-ThinkPad-X1-Carbon-Gen-11 kernel: ACPI: Reserving DMAR table memory at [mem 0x59acb000-0x59acb087]
Jun 09 21:42:30 yry-ThinkPad-X1-Carbon-Gen-11 kernel: ACPI: Reserving SDEV table memory at [mem 0x59aca000-0x59aca0bb]
Jun 09 21:42:30 yry-ThinkPad-X1-Carbon-Gen-11 kernel: ACPI: Reserving FPDT table memory at [mem 0x5b97d000-0x5b97d033]
Jun 09 21:42:30 yry-ThinkPad-X1-Carbon-Gen-11 kernel: ACPI: Reserving SSDT table memory at [mem 0x5b97b000-0x5b97c189]
Jun 09 21:42:30 yry-ThinkPad-X1-Carbon-Gen-11 kernel: ACPI: Reserving SSDT table memory at [mem 0x5b977000-0x5b97a9d9]
Jun 09 21:42:30 yry-ThinkPad-X1-Carbon-Gen-11 kernel: ACPI: Reserving BGRT table memory at [mem 0x5b974000-0x5b974037]
Jun 09 21:42:30 yry-ThinkPad-X1-Carbon-Gen-11 kernel: ACPI: Reserving ASF! table memory at [mem 0x5b976000-0x5b97609f]
Jun 09 21:42:30 yry-ThinkPad-X1-Carbon-Gen-11 kernel: ACPI: Reserving PHAT table memory at [mem 0x5b973000-0x5b973917]
Jun 09 21:42:30 yry-ThinkPad-X1-Carbon-Gen-11 kernel: ACPI: Reserving UEFI table memory at [mem 0x5918b000-0x5918b075]
Jun 09 21:42:30 yry-ThinkPad-X1-Carbon-Gen-11 kernel: ACPI: DMI detected: Lenovo ThinkPad X1 Carbon
Jun 09 21:42:30 yry-ThinkPad-X1-Carbon-Gen-11 kernel: No NUMA configuration found
Jun 09 21:42:30 yry-ThinkPad-X1-Carbon-Gen-11 kernel: Faking a node at [mem 0x0000000000000000-0x000000085f7fffff]
Jun 09 21:42:30 yry-ThinkPad-X1-Carbon-Gen-11 kernel: NODE_DATA(0) allocated [mem 0x85f7d5000-0x85f7fffff]
Jun 09 21:42:30 yry-ThinkPad-X1-Carbon-Gen-11 kernel: Zone ranges:
Jun 09 21:42:30 yry-ThinkPad-X1-Carbon-Gen-11 kernel:   DMA      [mem 0x0000000000001000-0x0000000000ffffff]
Jun 09 21:42:30 yry-ThinkPad-X1-Carbon-Gen-11 kernel:   DMA32    [mem 0x0000000001000000-0x00000000ffffffff]
Jun 09 21:42:30 yry-ThinkPad-X1-Carbon-Gen-11 kernel:   Normal   [mem 0x0000000100000000-0x000000085f7fffff]
Jun 09 21:42:30 yry-ThinkPad-X1-Carbon-Gen-11 kernel:   Device   empty
Jun 09 21:42:30 yry-ThinkPad-X1-Carbon-Gen-11 kernel: Movable zone start for each node
Jun 09 21:42:30 yry-ThinkPad-X1-Carbon-Gen-11 kernel: Early memory node ranges
Jun 09 21:42:30 yry-ThinkPad-X1-Carbon-Gen-11 kernel:   node   0: [mem 0x0000000000001000-0x000000000009efff]
Jun 09 21:42:30 yry-ThinkPad-X1-Carbon-Gen-11 kernel:   node   0: [mem 0x0000000000100000-0x000000005862efff]
Jun 09 21:42:30 yry-ThinkPad-X1-Carbon-Gen-11 kernel:   node   0: [mem 0x000000005bcff000-0x000000008dcfefff]
Jun 09 21:42:30 yry-ThinkPad-X1-Carbon-Gen-11 kernel:   node   0: [mem 0x00000000917ff000-0x00000000917fffff]
Jun 09 21:42:30 yry-ThinkPad-X1-Carbon-Gen-11 kernel:   node   0: [mem 0x0000000100000000-0x000000085f7fffff]
Jun 09 21:42:30 yry-ThinkPad-X1-Carbon-Gen-11 kernel: Initmem setup node 0 [mem 0x0000000000001000-0x000000085f7fffff]
Jun 09 21:42:30 yry-ThinkPad-X1-Carbon-Gen-11 kernel: On node 0, zone DMA: 1 pages in unavailable ranges
Jun 09 21:42:30 yry-ThinkPad-X1-Carbon-Gen-11 kernel: On node 0, zone DMA: 97 pages in unavailable ranges
Jun 09 21:42:30 yry-ThinkPad-X1-Carbon-Gen-11 kernel: On node 0, zone DMA32: 14032 pages in unavailable ranges
Jun 09 21:42:30 yry-ThinkPad-X1-Carbon-Gen-11 kernel: On node 0, zone DMA32: 15104 pages in unavailable ranges
Jun 09 21:42:30 yry-ThinkPad-X1-Carbon-Gen-11 kernel: On node 0, zone Normal: 26624 pages in unavailable ranges
Jun 09 21:42:30 yry-ThinkPad-X1-Carbon-Gen-11 kernel: On node 0, zone Normal: 2048 pages in unavailable ranges
Jun 09 21:42:30 yry-ThinkPad-X1-Carbon-Gen-11 kernel: Reserving Intel graphics memory at [mem 0x9c800000-0xa07fffff]
Jun 09 21:42:30 yry-ThinkPad-X1-Carbon-Gen-11 kernel: ACPI: PM-Timer IO Port: 0x1808
Jun 09 21:42:30 yry-ThinkPad-X1-Carbon-Gen-11 kernel: ACPI: LAPIC_NMI (acpi_id[0x01] high edge lint[0x1])
Jun 09 21:42:30 yry-ThinkPad-X1-Carbon-Gen-11 kernel: ACPI: LAPIC_NMI (acpi_id[0x02] high edge lint[0x1])
Jun 09 21:42:30 yry-ThinkPad-X1-Carbon-Gen-11 kernel: ACPI: LAPIC_NMI (acpi_id[0x03] high edge lint[0x1])
Jun 09 21:42:30 yry-ThinkPad-X1-Carbon-Gen-11 kernel: ACPI: LAPIC_NMI (acpi_id[0x04] high edge lint[0x1])
Jun 09 21:42:30 yry-ThinkPad-X1-Carbon-Gen-11 kernel: ACPI: LAPIC_NMI (acpi_id[0x05] high edge lint[0x1])
Jun 09 21:42:30 yry-ThinkPad-X1-Carbon-Gen-11 kernel: ACPI: LAPIC_NMI (acpi_id[0x06] high edge lint[0x1])
Jun 09 21:42:30 yry-ThinkPad-X1-Carbon-Gen-11 kernel: ACPI: LAPIC_NMI (acpi_id[0x07] high edge lint[0x1])
Jun 09 21:42:30 yry-ThinkPad-X1-Carbon-Gen-11 kernel: ACPI: LAPIC_NMI (acpi_id[0x08] high edge lint[0x1])
Jun 09 21:42:30 yry-ThinkPad-X1-Carbon-Gen-11 kernel: ACPI: LAPIC_NMI (acpi_id[0x09] high edge lint[0x1])
Jun 09 21:42:30 yry-ThinkPad-X1-Carbon-Gen-11 kernel: ACPI: LAPIC_NMI (acpi_id[0x0a] high edge lint[0x1])
Jun 09 21:42:30 yry-ThinkPad-X1-Carbon-Gen-11 kernel: ACPI: LAPIC_NMI (acpi_id[0x0b] high edge lint[0x1])
Jun 09 21:42:30 yry-ThinkPad-X1-Carbon-Gen-11 kernel: ACPI: LAPIC_NMI (acpi_id[0x0c] high edge lint[0x1])
Jun 09 21:42:30 yry-ThinkPad-X1-Carbon-Gen-11 kernel: ACPI: LAPIC_NMI (acpi_id[0x0d] high edge lint[0x1])
Jun 09 21:42:30 yry-ThinkPad-X1-Carbon-Gen-11 kernel: ACPI: LAPIC_NMI (acpi_id[0x0e] high edge lint[0x1])
Jun 09 21:42:30 yry-ThinkPad-X1-Carbon-Gen-11 kernel: ACPI: LAPIC_NMI (acpi_id[0x0f] high edge lint[0x1])
Jun 09 21:42:30 yry-ThinkPad-X1-Carbon-Gen-11 kernel: ACPI: LAPIC_NMI (acpi_id[0x10] high edge lint[0x1])
Jun 09 21:42:30 yry-ThinkPad-X1-Carbon-Gen-11 kernel: ACPI: LAPIC_NMI (acpi_id[0x11] high edge lint[0x1])
Jun 09 21:42:30 yry-ThinkPad-X1-Carbon-Gen-11 kernel: ACPI: LAPIC_NMI (acpi_id[0x12] high edge lint[0x1])
Jun 09 21:42:30 yry-ThinkPad-X1-Carbon-Gen-11 kernel: ACPI: LAPIC_NMI (acpi_id[0x13] high edge lint[0x1])
Jun 09 21:42:30 yry-ThinkPad-X1-Carbon-Gen-11 kernel: ACPI: LAPIC_NMI (acpi_id[0x14] high edge lint[0x1])
Jun 09 21:42:30 yry-ThinkPad-X1-Carbon-Gen-11 kernel: ACPI: LAPIC_NMI (acpi_id[0x15] high edge lint[0x1])
Jun 09 21:42:30 yry-ThinkPad-X1-Carbon-Gen-11 kernel: ACPI: LAPIC_NMI (acpi_id[0x16] high edge lint[0x1])
Jun 09 21:42:30 yry-ThinkPad-X1-Carbon-Gen-11 kernel: ACPI: LAPIC_NMI (acpi_id[0x17] high edge lint[0x1])
Jun 09 21:42:30 yry-ThinkPad-X1-Carbon-Gen-11 kernel: ACPI: LAPIC_NMI (acpi_id[0x00] high edge lint[0x1])
Jun 09 21:42:30 yry-ThinkPad-X1-Carbon-Gen-11 kernel: IOAPIC[0]: apic_id 2, version 32, address 0xfec00000, GSI 0-119
Jun 09 21:42:30 yry-ThinkPad-X1-Carbon-Gen-11 kernel: ACPI: INT_SRC_OVR (bus 0 bus_irq 0 global_irq 2 dfl dfl)
Jun 09 21:42:30 yry-ThinkPad-X1-Carbon-Gen-11 kernel: ACPI: INT_SRC_OVR (bus 0 bus_irq 9 global_irq 9 high level)
Jun 09 21:42:30 yry-ThinkPad-X1-Carbon-Gen-11 kernel: ACPI: Using ACPI (MADT) for SMP configuration information
Jun 09 21:42:30 yry-ThinkPad-X1-Carbon-Gen-11 kernel: ACPI: HPET id: 0x8086a201 base: 0xfed00000
Jun 09 21:42:30 yry-ThinkPad-X1-Carbon-Gen-11 kernel: e820: update [mem 0x875a9000-0x87639fff] usable ==> reserved
Jun 09 21:42:30 yry-ThinkPad-X1-Carbon-Gen-11 kernel: TSC deadline timer available
Jun 09 21:42:30 yry-ThinkPad-X1-Carbon-Gen-11 kernel: smpboot: Allowing 12 CPUs, 0 hotplug CPUs
Jun 09 21:42:30 yry-ThinkPad-X1-Carbon-Gen-11 kernel: PM: hibernation: Registered nosave memory: [mem 0x00000000-0x00000fff]
Jun 09 21:42:30 yry-ThinkPad-X1-Carbon-Gen-11 kernel: PM: hibernation: Registered nosave memory: [mem 0x0009f000-0x000fffff]
Jun 09 21:42:30 yry-ThinkPad-X1-Carbon-Gen-11 kernel: PM: hibernation: Registered nosave memory: [mem 0x5862f000-0x5922efff]
Jun 09 21:42:30 yry-ThinkPad-X1-Carbon-Gen-11 kernel: PM: hibernation: Registered nosave memory: [mem 0x5922f000-0x592fefff]
Jun 09 21:42:30 yry-ThinkPad-X1-Carbon-Gen-11 kernel: PM: hibernation: Registered nosave memory: [mem 0x592ff000-0x5bcfefff]
Jun 09 21:42:30 yry-ThinkPad-X1-Carbon-Gen-11 kernel: PM: hibernation: Registered nosave memory: [mem 0x875a9000-0x87639fff]
Jun 09 21:42:30 yry-ThinkPad-X1-Carbon-Gen-11 kernel: PM: hibernation: Registered nosave memory: [mem 0x87720000-0x87720fff]
Jun 09 21:42:30 yry-ThinkPad-X1-Carbon-Gen-11 kernel: PM: hibernation: Registered nosave memory: [mem 0x8dcff000-0x917fefff]
Jun 09 21:42:30 yry-ThinkPad-X1-Carbon-Gen-11 kernel: PM: hibernation: Registered nosave memory: [mem 0x91800000-0x95ffffff]
Jun 09 21:42:30 yry-ThinkPad-X1-Carbon-Gen-11 kernel: PM: hibernation: Registered nosave memory: [mem 0x96000000-0x973fffff]
Jun 09 21:42:30 yry-ThinkPad-X1-Carbon-Gen-11 kernel: PM: hibernation: Registered nosave memory: [mem 0x97400000-0x977fffff]
Jun 09 21:42:30 yry-ThinkPad-X1-Carbon-Gen-11 kernel: PM: hibernation: Registered nosave memory: [mem 0x97800000-0x981fffff]
Jun 09 21:42:30 yry-ThinkPad-X1-Carbon-Gen-11 kernel: PM: hibernation: Registered nosave memory: [mem 0x98200000-0xa07fffff]
Jun 09 21:42:30 yry-ThinkPad-X1-Carbon-Gen-11 kernel: PM: hibernation: Registered nosave memory: [mem 0xa0800000-0xfed1ffff]
Jun 09 21:42:30 yry-ThinkPad-X1-Carbon-Gen-11 kernel: PM: hibernation: Registered nosave memory: [mem 0xfed20000-0xfed7ffff]
Jun 09 21:42:30 yry-ThinkPad-X1-Carbon-Gen-11 kernel: PM: hibernation: Registered nosave memory: [mem 0xfed80000-0xffffffff]
Jun 09 21:42:30 yry-ThinkPad-X1-Carbon-Gen-11 kernel: [mem 0xa0800000-0xfed1ffff] available for PCI devices
Jun 09 21:42:30 yry-ThinkPad-X1-Carbon-Gen-11 kernel: Booting paravirtualized kernel on bare hardware
Jun 09 21:42:30 yry-ThinkPad-X1-Carbon-Gen-11 kernel: clocksource: refined-jiffies: mask: 0xffffffff max_cycles: 0xffffffff, max_idle_ns: 1910969940391419 ns
Jun 09 21:42:30 yry-ThinkPad-X1-Carbon-Gen-11 kernel: setup_percpu: NR_CPUS:8192 nr_cpumask_bits:12 nr_cpu_ids:12 nr_node_ids:1
Jun 09 21:42:30 yry-ThinkPad-X1-Carbon-Gen-11 kernel: percpu: Embedded 86 pages/cpu s229376 r8192 d114688 u524288
Jun 09 21:42:30 yry-ThinkPad-X1-Carbon-Gen-11 kernel: pcpu-alloc: s229376 r8192 d114688 u524288 alloc=1*2097152
Jun 09 21:42:30 yry-ThinkPad-X1-Carbon-Gen-11 kernel: pcpu-alloc: [0] 00 01 02 03 [0] 04 05 06 07 
Jun 09 21:42:30 yry-ThinkPad-X1-Carbon-Gen-11 kernel: pcpu-alloc: [0] 08 09 10 11 
Jun 09 21:42:30 yry-ThinkPad-X1-Carbon-Gen-11 kernel: Kernel command line: BOOT_IMAGE=/boot/vmlinuz-6.8.0-35-generic root=UUID=904598e8-ccbe-4f35-a892-50d90c109100 ro quiet splash vt.handoff=7
Jun 09 21:42:30 yry-ThinkPad-X1-Carbon-Gen-11 kernel: Unknown kernel command line parameters "splash BOOT_IMAGE=/boot/vmlinuz-6.8.0-35-generic", will be passed to user space.
Jun 09 21:42:30 yry-ThinkPad-X1-Carbon-Gen-11 kernel: Dentry cache hash table entries: 4194304 (order: 13, 33554432 bytes, linear)
Jun 09 21:42:30 yry-ThinkPad-X1-Carbon-Gen-11 kernel: Inode-cache hash table entries: 2097152 (order: 12, 16777216 bytes, linear)
Jun 09 21:42:30 yry-ThinkPad-X1-Carbon-Gen-11 kernel: Fallback order for Node 0: 0 
Jun 09 21:42:30 yry-ThinkPad-X1-Carbon-Gen-11 kernel: Built 1 zonelists, mobility grouping on.  Total pages: 8168119
Jun 09 21:42:30 yry-ThinkPad-X1-Carbon-Gen-11 kernel: Policy zone: Normal
Jun 09 21:42:30 yry-ThinkPad-X1-Carbon-Gen-11 kernel: mem auto-init: stack:all(zero), heap alloc:on, heap free:off
Jun 09 21:42:30 yry-ThinkPad-X1-Carbon-Gen-11 kernel: software IO TLB: area num 16.
Jun 09 21:42:30 yry-ThinkPad-X1-Carbon-Gen-11 kernel: Memory: 32302692K/33191736K available (22528K kernel code, 4439K rwdata, 14292K rodata, 4976K init, 4736K bss, 888784K reserved, 0K cma-reserved)
Jun 09 21:42:30 yry-ThinkPad-X1-Carbon-Gen-11 kernel: SLUB: HWalign=64, Order=0-3, MinObjects=0, CPUs=12, Nodes=1
Jun 09 21:42:30 yry-ThinkPad-X1-Carbon-Gen-11 kernel: ftrace: allocating 57827 entries in 226 pages
Jun 09 21:42:30 yry-ThinkPad-X1-Carbon-Gen-11 kernel: ftrace: allocated 226 pages with 4 groups
Jun 09 21:42:30 yry-ThinkPad-X1-Carbon-Gen-11 kernel: Dynamic Preempt: voluntary
Jun 09 21:42:30 yry-ThinkPad-X1-Carbon-Gen-11 kernel: rcu: Preemptible hierarchical RCU implementation.
Jun 09 21:42:30 yry-ThinkPad-X1-Carbon-Gen-11 kernel: rcu:         RCU restricting CPUs from NR_CPUS=8192 to nr_cpu_ids=12.
Jun 09 21:42:30 yry-ThinkPad-X1-Carbon-Gen-11 kernel:         Trampoline variant of Tasks RCU enabled.
Jun 09 21:42:30 yry-ThinkPad-X1-Carbon-Gen-11 kernel:         Rude variant of Tasks RCU enabled.
Jun 09 21:42:30 yry-ThinkPad-X1-Carbon-Gen-11 kernel:         Tracing variant of Tasks RCU enabled.
Jun 09 21:42:30 yry-ThinkPad-X1-Carbon-Gen-11 kernel: rcu: RCU calculated value of scheduler-enlistment delay is 100 jiffies.
Jun 09 21:42:30 yry-ThinkPad-X1-Carbon-Gen-11 kernel: rcu: Adjusting geometry for rcu_fanout_leaf=16, nr_cpu_ids=12
Jun 09 21:42:30 yry-ThinkPad-X1-Carbon-Gen-11 kernel: NR_IRQS: 524544, nr_irqs: 2152, preallocated irqs: 16
Jun 09 21:42:30 yry-ThinkPad-X1-Carbon-Gen-11 kernel: rcu: srcu_init: Setting srcu_struct sizes based on contention.
Jun 09 21:42:30 yry-ThinkPad-X1-Carbon-Gen-11 kernel: Console: colour dummy device 80x25
Jun 09 21:42:30 yry-ThinkPad-X1-Carbon-Gen-11 kernel: printk: legacy console [tty0] enabled
Jun 09 21:42:30 yry-ThinkPad-X1-Carbon-Gen-11 kernel: ACPI: Core revision 20230628
Jun 09 21:42:30 yry-ThinkPad-X1-Carbon-Gen-11 kernel: hpet: HPET dysfunctional in PC10. Force disabled.
Jun 09 21:42:30 yry-ThinkPad-X1-Carbon-Gen-11 kernel: APIC: Switch to symmetric I/O mode setup
Jun 09 21:42:30 yry-ThinkPad-X1-Carbon-Gen-11 kernel: DMAR: Host address width 39
Jun 09 21:42:30 yry-ThinkPad-X1-Carbon-Gen-11 kernel: DMAR: DRHD base: 0x000000fed90000 flags: 0x0
Jun 09 21:42:30 yry-ThinkPad-X1-Carbon-Gen-11 kernel: DMAR: dmar0: reg_base_addr fed90000 ver 4:0 cap 1c0000c40660462 ecap 29a00f0505e
Jun 09 21:42:30 yry-ThinkPad-X1-Carbon-Gen-11 kernel: DMAR: DRHD base: 0x000000fed91000 flags: 0x1
Jun 09 21:42:30 yry-ThinkPad-X1-Carbon-Gen-11 kernel: DMAR: dmar1: reg_base_addr fed91000 ver 5:0 cap d2008c40660462 ecap f050da
Jun 09 21:42:30 yry-ThinkPad-X1-Carbon-Gen-11 kernel: DMAR: RMRR base: 0x0000009c000000 end: 0x000000a07fffff
Jun 09 21:42:30 yry-ThinkPad-X1-Carbon-Gen-11 kernel: DMAR-IR: IOAPIC id 2 under DRHD base  0xfed91000 IOMMU 1
Jun 09 21:42:30 yry-ThinkPad-X1-Carbon-Gen-11 kernel: DMAR-IR: HPET id 0 under DRHD base 0xfed91000
Jun 09 21:42:30 yry-ThinkPad-X1-Carbon-Gen-11 kernel: DMAR-IR: Queued invalidation will be enabled to support x2apic and Intr-remapping.
Jun 09 21:42:30 yry-ThinkPad-X1-Carbon-Gen-11 kernel: DMAR-IR: Enabled IRQ remapping in x2apic mode
Jun 09 21:42:30 yry-ThinkPad-X1-Carbon-Gen-11 kernel: x2apic enabled
Jun 09 21:42:30 yry-ThinkPad-X1-Carbon-Gen-11 kernel: APIC: Switched APIC routing to: cluster x2apic
Jun 09 21:42:30 yry-ThinkPad-X1-Carbon-Gen-11 kernel: clocksource: tsc-early: mask: 0xffffffffffffffff max_cycles: 0x26bef67878b, max_idle_ns: 440795293631 ns
Jun 09 21:42:30 yry-ThinkPad-X1-Carbon-Gen-11 kernel: Calibrating delay loop (skipped), value calculated using timer frequency.. 5376.00 BogoMIPS (lpj=2688000)
Jun 09 21:42:30 yry-ThinkPad-X1-Carbon-Gen-11 kernel: CPU0: Thermal monitoring enabled (TM1)
Jun 09 21:42:30 yry-ThinkPad-X1-Carbon-Gen-11 kernel: x86/cpu: User Mode Instruction Prevention (UMIP) activated
Jun 09 21:42:30 yry-ThinkPad-X1-Carbon-Gen-11 kernel: process: using mwait in idle threads
Jun 09 21:42:30 yry-ThinkPad-X1-Carbon-Gen-11 kernel: Last level iTLB entries: 4KB 0, 2MB 0, 4MB 0
Jun 09 21:42:30 yry-ThinkPad-X1-Carbon-Gen-11 kernel: Last level dTLB entries: 4KB 0, 2MB 0, 4MB 0, 1GB 0
Jun 09 21:42:30 yry-ThinkPad-X1-Carbon-Gen-11 kernel: Spectre V1 : Mitigation: usercopy/swapgs barriers and __user pointer sanitization
Jun 09 21:42:30 yry-ThinkPad-X1-Carbon-Gen-11 kernel: Spectre V2 : Mitigation: Enhanced / Automatic IBRS
Jun 09 21:42:30 yry-ThinkPad-X1-Carbon-Gen-11 kernel: Spectre V2 : Spectre v2 / SpectreRSB mitigation: Filling RSB on context switch
Jun 09 21:42:30 yry-ThinkPad-X1-Carbon-Gen-11 kernel: Spectre V2 : Spectre v2 / PBRSB-eIBRS: Retire a single CALL on VMEXIT
Jun 09 21:42:30 yry-ThinkPad-X1-Carbon-Gen-11 kernel: Spectre V2 : mitigation: Enabling conditional Indirect Branch Prediction Barrier
Jun 09 21:42:30 yry-ThinkPad-X1-Carbon-Gen-11 kernel: Speculative Store Bypass: Mitigation: Speculative Store Bypass disabled via prctl
Jun 09 21:42:30 yry-ThinkPad-X1-Carbon-Gen-11 kernel: Register File Data Sampling: Mitigation: Clear Register File
Jun 09 21:42:30 yry-ThinkPad-X1-Carbon-Gen-11 kernel: x86/fpu: Supporting XSAVE feature 0x001: 'x87 floating point registers'
Jun 09 21:42:30 yry-ThinkPad-X1-Carbon-Gen-11 kernel: x86/fpu: Supporting XSAVE feature 0x002: 'SSE registers'
Jun 09 21:42:30 yry-ThinkPad-X1-Carbon-Gen-11 kernel: x86/fpu: Supporting XSAVE feature 0x004: 'AVX registers'
Jun 09 21:42:30 yry-ThinkPad-X1-Carbon-Gen-11 kernel: x86/fpu: Supporting XSAVE feature 0x200: 'Protection Keys User registers'
Jun 09 21:42:30 yry-ThinkPad-X1-Carbon-Gen-11 kernel: x86/fpu: Supporting XSAVE feature 0x800: 'Control-flow User registers'
Jun 09 21:42:30 yry-ThinkPad-X1-Carbon-Gen-11 kernel: x86/fpu: xstate_offset[2]:  576, xstate_sizes[2]:  256
Jun 09 21:42:30 yry-ThinkPad-X1-Carbon-Gen-11 kernel: x86/fpu: xstate_offset[9]:  832, xstate_sizes[9]:    8
Jun 09 21:42:30 yry-ThinkPad-X1-Carbon-Gen-11 kernel: x86/fpu: xstate_offset[11]:  840, xstate_sizes[11]:   16
Jun 09 21:42:30 yry-ThinkPad-X1-Carbon-Gen-11 kernel: x86/fpu: Enabled xstate features 0xa07, context size is 856 bytes, using 'compacted' format.
Jun 09 21:42:30 yry-ThinkPad-X1-Carbon-Gen-11 kernel: Freeing SMP alternatives memory: 48K
Jun 09 21:42:30 yry-ThinkPad-X1-Carbon-Gen-11 kernel: pid_max: default: 32768 minimum: 301
Jun 09 21:42:30 yry-ThinkPad-X1-Carbon-Gen-11 kernel: LSM: initializing lsm=lockdown,capability,landlock,yama,apparmor,integrity
Jun 09 21:42:30 yry-ThinkPad-X1-Carbon-Gen-11 kernel: landlock: Up and running.
Jun 09 21:42:30 yry-ThinkPad-X1-Carbon-Gen-11 kernel: Yama: becoming mindful.
Jun 09 21:42:30 yry-ThinkPad-X1-Carbon-Gen-11 kernel: AppArmor: AppArmor initialized
Jun 09 21:42:30 yry-ThinkPad-X1-Carbon-Gen-11 kernel: Mount-cache hash table entries: 65536 (order: 7, 524288 bytes, linear)
Jun 09 21:42:30 yry-ThinkPad-X1-Carbon-Gen-11 kernel: Mountpoint-cache hash table entries: 65536 (order: 7, 524288 bytes, linear)
Jun 09 21:42:30 yry-ThinkPad-X1-Carbon-Gen-11 kernel: smpboot: CPU0: 13th Gen Intel(R) Core(TM) i7-1365U (family: 0x6, model: 0xba, stepping: 0x3)
Jun 09 21:42:30 yry-ThinkPad-X1-Carbon-Gen-11 kernel: RCU Tasks: Setting shift to 4 and lim to 1 rcu_task_cb_adjust=1.
Jun 09 21:42:30 yry-ThinkPad-X1-Carbon-Gen-11 kernel: RCU Tasks Rude: Setting shift to 4 and lim to 1 rcu_task_cb_adjust=1.
Jun 09 21:42:30 yry-ThinkPad-X1-Carbon-Gen-11 kernel: RCU Tasks Trace: Setting shift to 4 and lim to 1 rcu_task_cb_adjust=1.
Jun 09 21:42:30 yry-ThinkPad-X1-Carbon-Gen-11 kernel: Performance Events: XSAVE Architectural LBR, PEBS fmt4+-baseline,  AnyThread deprecated, Alderlake Hybrid events, 32-deep LBR, full-width counters, Intel PMU driver.
Jun 09 21:42:30 yry-ThinkPad-X1-Carbon-Gen-11 kernel: core: cpu_core PMU driver: 
Jun 09 21:42:30 yry-ThinkPad-X1-Carbon-Gen-11 kernel: ... version:                5
Jun 09 21:42:30 yry-ThinkPad-X1-Carbon-Gen-11 kernel: ... bit width:              48
Jun 09 21:42:30 yry-ThinkPad-X1-Carbon-Gen-11 kernel: ... generic registers:      8
Jun 09 21:42:30 yry-ThinkPad-X1-Carbon-Gen-11 kernel: ... value mask:             0000ffffffffffff
Jun 09 21:42:30 yry-ThinkPad-X1-Carbon-Gen-11 kernel: ... max period:             00007fffffffffff
Jun 09 21:42:30 yry-ThinkPad-X1-Carbon-Gen-11 kernel: ... fixed-purpose events:   4
Jun 09 21:42:30 yry-ThinkPad-X1-Carbon-Gen-11 kernel: ... event mask:             0001000f000000ff
Jun 09 21:42:30 yry-ThinkPad-X1-Carbon-Gen-11 kernel: signal: max sigframe size: 3632
Jun 09 21:42:30 yry-ThinkPad-X1-Carbon-Gen-11 kernel: Estimated ratio of average max frequency by base frequency (times 1024): 1858
Jun 09 21:42:30 yry-ThinkPad-X1-Carbon-Gen-11 kernel: rcu: Hierarchical SRCU implementation.
Jun 09 21:42:30 yry-ThinkPad-X1-Carbon-Gen-11 kernel: rcu:         Max phase no-delay instances is 400.
Jun 09 21:42:30 yry-ThinkPad-X1-Carbon-Gen-11 kernel: NMI watchdog: Enabled. Permanently consumes one hw-PMU counter.
Jun 09 21:42:30 yry-ThinkPad-X1-Carbon-Gen-11 kernel: smp: Bringing up secondary CPUs ...
Jun 09 21:42:30 yry-ThinkPad-X1-Carbon-Gen-11 kernel: smpboot: x86: Booting SMP configuration:
Jun 09 21:42:30 yry-ThinkPad-X1-Carbon-Gen-11 kernel: .... node  #0, CPUs:        #2  #4  #5  #6  #7  #8  #9 #10 #11
Jun 09 21:42:30 yry-ThinkPad-X1-Carbon-Gen-11 kernel: core: cpu_atom PMU driver: PEBS-via-PT 
Jun 09 21:42:30 yry-ThinkPad-X1-Carbon-Gen-11 kernel: ... version:                5
Jun 09 21:42:30 yry-ThinkPad-X1-Carbon-Gen-11 kernel: ... bit width:              48
Jun 09 21:42:30 yry-ThinkPad-X1-Carbon-Gen-11 kernel: ... generic registers:      6
Jun 09 21:42:30 yry-ThinkPad-X1-Carbon-Gen-11 kernel: ... value mask:             0000ffffffffffff
Jun 09 21:42:30 yry-ThinkPad-X1-Carbon-Gen-11 kernel: ... max period:             00007fffffffffff
Jun 09 21:42:30 yry-ThinkPad-X1-Carbon-Gen-11 kernel: ... fixed-purpose events:   3
Jun 09 21:42:30 yry-ThinkPad-X1-Carbon-Gen-11 kernel: ... event mask:             000000070000003f
Jun 09 21:42:30 yry-ThinkPad-X1-Carbon-Gen-11 kernel:   #1  #3
Jun 09 21:42:30 yry-ThinkPad-X1-Carbon-Gen-11 kernel: smp: Brought up 1 node, 12 CPUs
Jun 09 21:42:30 yry-ThinkPad-X1-Carbon-Gen-11 kernel: smpboot: Max logical packages: 1
Jun 09 21:42:30 yry-ThinkPad-X1-Carbon-Gen-11 kernel: smpboot: Total of 12 processors activated (64512.00 BogoMIPS)
Jun 09 21:42:30 yry-ThinkPad-X1-Carbon-Gen-11 kernel: devtmpfs: initialized
Jun 09 21:42:30 yry-ThinkPad-X1-Carbon-Gen-11 kernel: x86/mm: Memory block size: 128MB
Jun 09 21:42:30 yry-ThinkPad-X1-Carbon-Gen-11 kernel: ACPI: PM: Registering ACPI NVS region [mem 0x5862f000-0x5922efff] (12582912 bytes)
Jun 09 21:42:30 yry-ThinkPad-X1-Carbon-Gen-11 kernel: clocksource: jiffies: mask: 0xffffffff max_cycles: 0xffffffff, max_idle_ns: 1911260446275000 ns
Jun 09 21:42:30 yry-ThinkPad-X1-Carbon-Gen-11 kernel: futex hash table entries: 4096 (order: 6, 262144 bytes, linear)
Jun 09 21:42:30 yry-ThinkPad-X1-Carbon-Gen-11 kernel: pinctrl core: initialized pinctrl subsystem
Jun 09 21:42:30 yry-ThinkPad-X1-Carbon-Gen-11 kernel: PM: RTC time: 01:42:27, date: 2024-06-10
Jun 09 21:42:30 yry-ThinkPad-X1-Carbon-Gen-11 kernel: NET: Registered PF_NETLINK/PF_ROUTE protocol family
Jun 09 21:42:30 yry-ThinkPad-X1-Carbon-Gen-11 kernel: DMA: preallocated 4096 KiB GFP_KERNEL pool for atomic allocations
Jun 09 21:42:30 yry-ThinkPad-X1-Carbon-Gen-11 kernel: DMA: preallocated 4096 KiB GFP_KERNEL|GFP_DMA pool for atomic allocations
Jun 09 21:42:30 yry-ThinkPad-X1-Carbon-Gen-11 kernel: DMA: preallocated 4096 KiB GFP_KERNEL|GFP_DMA32 pool for atomic allocations
Jun 09 21:42:30 yry-ThinkPad-X1-Carbon-Gen-11 kernel: audit: initializing netlink subsys (disabled)
Jun 09 21:42:30 yry-ThinkPad-X1-Carbon-Gen-11 kernel: audit: type=2000 audit(1717983747.025:1): state=initialized audit_enabled=0 res=1
Jun 09 21:42:30 yry-ThinkPad-X1-Carbon-Gen-11 kernel: thermal_sys: Registered thermal governor 'fair_share'
Jun 09 21:42:30 yry-ThinkPad-X1-Carbon-Gen-11 kernel: thermal_sys: Registered thermal governor 'bang_bang'
Jun 09 21:42:30 yry-ThinkPad-X1-Carbon-Gen-11 kernel: thermal_sys: Registered thermal governor 'step_wise'
Jun 09 21:42:30 yry-ThinkPad-X1-Carbon-Gen-11 kernel: thermal_sys: Registered thermal governor 'user_space'
Jun 09 21:42:30 yry-ThinkPad-X1-Carbon-Gen-11 kernel: thermal_sys: Registered thermal governor 'power_allocator'
Jun 09 21:42:30 yry-ThinkPad-X1-Carbon-Gen-11 kernel: EISA bus registered
Jun 09 21:42:30 yry-ThinkPad-X1-Carbon-Gen-11 kernel: cpuidle: using governor ladder
Jun 09 21:42:30 yry-ThinkPad-X1-Carbon-Gen-11 kernel: cpuidle: using governor menu
Jun 09 21:42:30 yry-ThinkPad-X1-Carbon-Gen-11 kernel: acpiphp: ACPI Hot Plug PCI Controller Driver version: 0.5
Jun 09 21:42:30 yry-ThinkPad-X1-Carbon-Gen-11 kernel: PCI: ECAM [mem 0xc0000000-0xcfffffff] (base 0xc0000000) for domain 0000 [bus 00-ff]
Jun 09 21:42:30 yry-ThinkPad-X1-Carbon-Gen-11 kernel: PCI: not using ECAM ([mem 0xc0000000-0xcfffffff] not reserved)
Jun 09 21:42:30 yry-ThinkPad-X1-Carbon-Gen-11 kernel: PCI: Using configuration type 1 for base access
Jun 09 21:42:30 yry-ThinkPad-X1-Carbon-Gen-11 kernel: kprobes: kprobe jump-optimization is enabled. All kprobes are optimized if possible.
Jun 09 21:42:30 yry-ThinkPad-X1-Carbon-Gen-11 kernel: HugeTLB: registered 1.00 GiB page size, pre-allocated 0 pages
Jun 09 21:42:30 yry-ThinkPad-X1-Carbon-Gen-11 kernel: HugeTLB: 16380 KiB vmemmap can be freed for a 1.00 GiB page
Jun 09 21:42:30 yry-ThinkPad-X1-Carbon-Gen-11 kernel: HugeTLB: registered 2.00 MiB page size, pre-allocated 0 pages
Jun 09 21:42:30 yry-ThinkPad-X1-Carbon-Gen-11 kernel: HugeTLB: 28 KiB vmemmap can be freed for a 2.00 MiB page
Jun 09 21:42:30 yry-ThinkPad-X1-Carbon-Gen-11 kernel: ACPI: Added _OSI(Module Device)
Jun 09 21:42:30 yry-ThinkPad-X1-Carbon-Gen-11 kernel: ACPI: Added _OSI(Processor Device)
Jun 09 21:42:30 yry-ThinkPad-X1-Carbon-Gen-11 kernel: ACPI: Added _OSI(3.0 _SCP Extensions)
Jun 09 21:42:30 yry-ThinkPad-X1-Carbon-Gen-11 kernel: ACPI: Added _OSI(Processor Aggregator Device)
Jun 09 21:42:30 yry-ThinkPad-X1-Carbon-Gen-11 kernel: ACPI: Deleted _OSI(Windows 2012)
Jun 09 21:42:30 yry-ThinkPad-X1-Carbon-Gen-11 kernel: ACPI: 16 ACPI AML tables successfully acquired and loaded
Jun 09 21:42:30 yry-ThinkPad-X1-Carbon-Gen-11 kernel: ACPI: EC: EC started
Jun 09 21:42:30 yry-ThinkPad-X1-Carbon-Gen-11 kernel: ACPI: EC: interrupt blocked
Jun 09 21:42:30 yry-ThinkPad-X1-Carbon-Gen-11 kernel: ACPI: EC: EC_CMD/EC_SC=0x66, EC_DATA=0x62
Jun 09 21:42:30 yry-ThinkPad-X1-Carbon-Gen-11 kernel: ACPI: EC: Boot ECDT EC used to handle transactions
Jun 09 21:42:30 yry-ThinkPad-X1-Carbon-Gen-11 kernel: ACPI: [Firmware Bug]: BIOS _OSI(Linux) query ignored
Jun 09 21:42:30 yry-ThinkPad-X1-Carbon-Gen-11 kernel: ACPI: USB4 _OSC: OS supports USB3+ DisplayPort+ PCIe+ XDomain+
Jun 09 21:42:30 yry-ThinkPad-X1-Carbon-Gen-11 kernel: ACPI: USB4 _OSC: OS controls USB3+ DisplayPort+ PCIe+ XDomain+
Jun 09 21:42:30 yry-ThinkPad-X1-Carbon-Gen-11 kernel: ACPI: Dynamic OEM Table Load:
Jun 09 21:42:30 yry-ThinkPad-X1-Carbon-Gen-11 kernel: ACPI: SSDT 0xFFFF9FC002582C00 000394 (v02 PmRef  Cpu0Cst  00003001 INTL 20200717)
Jun 09 21:42:30 yry-ThinkPad-X1-Carbon-Gen-11 kernel: ACPI: Dynamic OEM Table Load:
Jun 09 21:42:30 yry-ThinkPad-X1-Carbon-Gen-11 kernel: ACPI: SSDT 0xFFFF9FC0026CD800 000626 (v02 PmRef  Cpu0Ist  00003000 INTL 20200717)
Jun 09 21:42:30 yry-ThinkPad-X1-Carbon-Gen-11 kernel: ACPI: Dynamic OEM Table Load:
Jun 09 21:42:30 yry-ThinkPad-X1-Carbon-Gen-11 kernel: ACPI: SSDT 0xFFFF9FC00251D000 0001AB (v02 PmRef  Cpu0Psd  00003000 INTL 20200717)
Jun 09 21:42:30 yry-ThinkPad-X1-Carbon-Gen-11 kernel: ACPI: Dynamic OEM Table Load:
Jun 09 21:42:30 yry-ThinkPad-X1-Carbon-Gen-11 kernel: ACPI: SSDT 0xFFFF9FC0026CC000 0004B5 (v02 PmRef  Cpu0Hwp  00003000 INTL 20200717)
Jun 09 21:42:30 yry-ThinkPad-X1-Carbon-Gen-11 kernel: ACPI: Dynamic OEM Table Load:
Jun 09 21:42:30 yry-ThinkPad-X1-Carbon-Gen-11 kernel: ACPI: SSDT 0xFFFF9FC0026D0000 001BAF (v02 PmRef  ApIst    00003000 INTL 20200717)
Jun 09 21:42:30 yry-ThinkPad-X1-Carbon-Gen-11 kernel: ACPI: Dynamic OEM Table Load:
Jun 09 21:42:30 yry-ThinkPad-X1-Carbon-Gen-11 kernel: ACPI: SSDT 0xFFFF9FC0026D2000 001038 (v02 PmRef  ApHwp    00003000 INTL 20200717)
Jun 09 21:42:30 yry-ThinkPad-X1-Carbon-Gen-11 kernel: ACPI: Dynamic OEM Table Load:
Jun 09 21:42:30 yry-ThinkPad-X1-Carbon-Gen-11 kernel: ACPI: SSDT 0xFFFF9FC0026D6000 001349 (v02 PmRef  ApPsd    00003000 INTL 20200717)
Jun 09 21:42:30 yry-ThinkPad-X1-Carbon-Gen-11 kernel: ACPI: Dynamic OEM Table Load:
Jun 09 21:42:30 yry-ThinkPad-X1-Carbon-Gen-11 kernel: ACPI: SSDT 0xFFFF9FC0026E5000 000FBB (v02 PmRef  ApCst    00003000 INTL 20200717)
Jun 09 21:42:30 yry-ThinkPad-X1-Carbon-Gen-11 kernel: ACPI: _OSC evaluated successfully for all CPUs
Jun 09 21:42:30 yry-ThinkPad-X1-Carbon-Gen-11 kernel: ACPI: Interpreter enabled
Jun 09 21:42:30 yry-ThinkPad-X1-Carbon-Gen-11 kernel: ACPI: PM: (supports S0 S4 S5)
Jun 09 21:42:30 yry-ThinkPad-X1-Carbon-Gen-11 kernel: ACPI: Using IOAPIC for interrupt routing
Jun 09 21:42:30 yry-ThinkPad-X1-Carbon-Gen-11 kernel: PCI: ECAM [mem 0xc0000000-0xcfffffff] (base 0xc0000000) for domain 0000 [bus 00-ff]
Jun 09 21:42:30 yry-ThinkPad-X1-Carbon-Gen-11 kernel: PCI: ECAM [mem 0xc0000000-0xcfffffff] reserved as ACPI motherboard resource
Jun 09 21:42:30 yry-ThinkPad-X1-Carbon-Gen-11 kernel: PCI: Using host bridge windows from ACPI; if necessary, use "pci=nocrs" and report a bug
Jun 09 21:42:30 yry-ThinkPad-X1-Carbon-Gen-11 kernel: PCI: Ignoring E820 reservations for host bridge windows
Jun 09 21:42:30 yry-ThinkPad-X1-Carbon-Gen-11 kernel: ACPI: Enabled 9 GPEs in block 00 to 7F
Jun 09 21:42:30 yry-ThinkPad-X1-Carbon-Gen-11 kernel: ACPI: \_SB_.PC00.PEG0.PXP_: New power resource
Jun 09 21:42:30 yry-ThinkPad-X1-Carbon-Gen-11 kernel: ACPI: \_SB_.PC00.LPCB.EC__.PUBS: New power resource
Jun 09 21:42:30 yry-ThinkPad-X1-Carbon-Gen-11 kernel: ACPI: \_SB_.PC00.XHCI.RHUB.HS04.WWPR: New power resource
Jun 09 21:42:30 yry-ThinkPad-X1-Carbon-Gen-11 kernel: ACPI: \_SB_.PC00.XHCI.RHUB.HS10.BTRT: New power resource
Jun 09 21:42:30 yry-ThinkPad-X1-Carbon-Gen-11 kernel: ACPI: \_SB_.PC00.CNVW.WRST: New power resource
Jun 09 21:42:30 yry-ThinkPad-X1-Carbon-Gen-11 kernel: ACPI: \_SB_.PC00.RP01.PXP_: New power resource
Jun 09 21:42:30 yry-ThinkPad-X1-Carbon-Gen-11 kernel: ACPI: \_SB_.PC00.RP01.PXSX.MRST: New power resource
Jun 09 21:42:30 yry-ThinkPad-X1-Carbon-Gen-11 kernel: ACPI: \_SB_.PC00.RP01.PXSX.DRST: New power resource
Jun 09 21:42:30 yry-ThinkPad-X1-Carbon-Gen-11 kernel: ACPI: \_SB_.PC00.RP08.PXP_: New power resource
Jun 09 21:42:30 yry-ThinkPad-X1-Carbon-Gen-11 kernel: ACPI: \_SB_.PC00.TBT0: New power resource
Jun 09 21:42:30 yry-ThinkPad-X1-Carbon-Gen-11 kernel: ACPI: \_SB_.PC00.TBT1: New power resource
Jun 09 21:42:30 yry-ThinkPad-X1-Carbon-Gen-11 kernel: ACPI: \_SB_.PC00.D3C_: New power resource
Jun 09 21:42:30 yry-ThinkPad-X1-Carbon-Gen-11 kernel: ACPI: \PIN_: New power resource
Jun 09 21:42:30 yry-ThinkPad-X1-Carbon-Gen-11 kernel: ACPI: \PINP: New power resource
Jun 09 21:42:30 yry-ThinkPad-X1-Carbon-Gen-11 kernel: ACPI: PCI Root Bridge [PC00] (domain 0000 [bus 00-fe])
Jun 09 21:42:30 yry-ThinkPad-X1-Carbon-Gen-11 kernel: acpi PNP0A08:00: _OSC: OS supports [ExtendedConfig ASPM ClockPM Segments MSI EDR HPX-Type3]
Jun 09 21:42:30 yry-ThinkPad-X1-Carbon-Gen-11 kernel: acpi PNP0A08:00: _OSC: platform does not support [AER]
Jun 09 21:42:30 yry-ThinkPad-X1-Carbon-Gen-11 kernel: acpi PNP0A08:00: _OSC: OS now controls [PCIeHotplug SHPCHotplug PME PCIeCapability LTR DPC]
Jun 09 21:42:30 yry-ThinkPad-X1-Carbon-Gen-11 kernel: PCI host bridge to bus 0000:00
Jun 09 21:42:30 yry-ThinkPad-X1-Carbon-Gen-11 kernel: pci_bus 0000:00: root bus resource [io  0x0000-0x0cf7 window]
Jun 09 21:42:30 yry-ThinkPad-X1-Carbon-Gen-11 kernel: pci_bus 0000:00: root bus resource [io  0x0d00-0xffff window]
Jun 09 21:42:30 yry-ThinkPad-X1-Carbon-Gen-11 kernel: pci_bus 0000:00: root bus resource [mem 0x000a0000-0x000bffff window]
Jun 09 21:42:30 yry-ThinkPad-X1-Carbon-Gen-11 kernel: pci_bus 0000:00: root bus resource [mem 0xa0800000-0xbfffffff window]
Jun 09 21:42:30 yry-ThinkPad-X1-Carbon-Gen-11 kernel: pci_bus 0000:00: root bus resource [mem 0x4000000000-0x7fffffffff window]
Jun 09 21:42:30 yry-ThinkPad-X1-Carbon-Gen-11 kernel: pci_bus 0000:00: root bus resource [bus 00-fe]
Jun 09 21:42:30 yry-ThinkPad-X1-Carbon-Gen-11 kernel: pci 0000:00:00.0: [8086:a708] type 00 class 0x060000 conventional PCI endpoint
Jun 09 21:42:30 yry-ThinkPad-X1-Carbon-Gen-11 kernel: pci 0000:00:02.0: [8086:a7a1] type 00 class 0x030000 PCIe Root Complex Integrated Endpoint
Jun 09 21:42:30 yry-ThinkPad-X1-Carbon-Gen-11 kernel: pci 0000:00:02.0: BAR 0 [mem 0x603c000000-0x603cffffff 64bit]
Jun 09 21:42:30 yry-ThinkPad-X1-Carbon-Gen-11 kernel: pci 0000:00:02.0: BAR 2 [mem 0x4000000000-0x400fffffff 64bit pref]
Jun 09 21:42:30 yry-ThinkPad-X1-Carbon-Gen-11 kernel: pci 0000:00:02.0: BAR 4 [io  0x2000-0x203f]
Jun 09 21:42:30 yry-ThinkPad-X1-Carbon-Gen-11 kernel: pci 0000:00:02.0: DMAR: Skip IOMMU disabling for graphics
Jun 09 21:42:30 yry-ThinkPad-X1-Carbon-Gen-11 kernel: pci 0000:00:02.0: Video device with shadowed ROM at [mem 0x000c0000-0x000dffff]
Jun 09 21:42:30 yry-ThinkPad-X1-Carbon-Gen-11 kernel: pci 0000:00:02.0: VF BAR 0 [mem 0x00000000-0x00ffffff 64bit]
Jun 09 21:42:30 yry-ThinkPad-X1-Carbon-Gen-11 kernel: pci 0000:00:02.0: VF BAR 0 [mem 0x00000000-0x06ffffff 64bit]: contains BAR 0 for 7 VFs
Jun 09 21:42:30 yry-ThinkPad-X1-Carbon-Gen-11 kernel: pci 0000:00:02.0: VF BAR 2 [mem 0x00000000-0x1fffffff 64bit pref]
Jun 09 21:42:30 yry-ThinkPad-X1-Carbon-Gen-11 kernel: pci 0000:00:02.0: VF BAR 2 [mem 0x00000000-0xdfffffff 64bit pref]: contains BAR 2 for 7 VFs
Jun 09 21:42:30 yry-ThinkPad-X1-Carbon-Gen-11 kernel: pci 0000:00:04.0: [8086:a71d] type 00 class 0x118000 conventional PCI endpoint
Jun 09 21:42:30 yry-ThinkPad-X1-Carbon-Gen-11 kernel: pci 0000:00:04.0: BAR 0 [mem 0x603d180000-0x603d19ffff 64bit]
Jun 09 21:42:30 yry-ThinkPad-X1-Carbon-Gen-11 kernel: pci 0000:00:06.0: [8086:a74d] type 01 class 0x060400 PCIe Root Port
Jun 09 21:42:30 yry-ThinkPad-X1-Carbon-Gen-11 kernel: pci 0000:00:06.0: PCI bridge to [bus 04]
Jun 09 21:42:30 yry-ThinkPad-X1-Carbon-Gen-11 kernel: pci 0000:00:06.0:   bridge window [mem 0xbc200000-0xbc2fffff]
Jun 09 21:42:30 yry-ThinkPad-X1-Carbon-Gen-11 kernel: pci 0000:00:06.0: PME# supported from D0 D3hot D3cold
Jun 09 21:42:30 yry-ThinkPad-X1-Carbon-Gen-11 kernel: pci 0000:00:06.0: PTM enabled (root), 4ns granularity
Jun 09 21:42:30 yry-ThinkPad-X1-Carbon-Gen-11 kernel: pci 0000:00:07.0: [8086:a76e] type 01 class 0x060400 PCIe Root Port
Jun 09 21:42:30 yry-ThinkPad-X1-Carbon-Gen-11 kernel: pci 0000:00:07.0: PCI bridge to [bus 20-49]
Jun 09 21:42:30 yry-ThinkPad-X1-Carbon-Gen-11 kernel: pci 0000:00:07.0:   bridge window [mem 0xb0000000-0xbc1fffff]
Jun 09 21:42:30 yry-ThinkPad-X1-Carbon-Gen-11 kernel: pci 0000:00:07.0:   bridge window [mem 0x6000000000-0x601bffffff 64bit pref]
Jun 09 21:42:30 yry-ThinkPad-X1-Carbon-Gen-11 kernel: pci 0000:00:07.0: PME# supported from D0 D3hot D3cold
Jun 09 21:42:30 yry-ThinkPad-X1-Carbon-Gen-11 kernel: pci 0000:00:07.0: PTM enabled (root), 4ns granularity
Jun 09 21:42:30 yry-ThinkPad-X1-Carbon-Gen-11 kernel: pci 0000:00:07.2: [8086:a72f] type 01 class 0x060400 PCIe Root Port
Jun 09 21:42:30 yry-ThinkPad-X1-Carbon-Gen-11 kernel: pci 0000:00:07.2: PCI bridge to [bus 50-79]
Jun 09 21:42:30 yry-ThinkPad-X1-Carbon-Gen-11 kernel: pci 0000:00:07.2:   bridge window [mem 0xa2000000-0xae1fffff]
Jun 09 21:42:30 yry-ThinkPad-X1-Carbon-Gen-11 kernel: pci 0000:00:07.2:   bridge window [mem 0x6020000000-0x603bffffff 64bit pref]
Jun 09 21:42:30 yry-ThinkPad-X1-Carbon-Gen-11 kernel: pci 0000:00:07.2: PME# supported from D0 D3hot D3cold
Jun 09 21:42:30 yry-ThinkPad-X1-Carbon-Gen-11 kernel: pci 0000:00:07.2: PTM enabled (root), 4ns granularity
Jun 09 21:42:30 yry-ThinkPad-X1-Carbon-Gen-11 kernel: pci 0000:00:08.0: [8086:a74f] type 00 class 0x088000 conventional PCI endpoint
Jun 09 21:42:30 yry-ThinkPad-X1-Carbon-Gen-11 kernel: pci 0000:00:08.0: BAR 0 [mem 0x603d1e3000-0x603d1e3fff 64bit]
Jun 09 21:42:30 yry-ThinkPad-X1-Carbon-Gen-11 kernel: pci 0000:00:0a.0: [8086:a77d] type 00 class 0x118000 PCIe Root Complex Integrated Endpoint
Jun 09 21:42:30 yry-ThinkPad-X1-Carbon-Gen-11 kernel: pci 0000:00:0a.0: BAR 0 [mem 0x603d1c0000-0x603d1c7fff 64bit]
Jun 09 21:42:30 yry-ThinkPad-X1-Carbon-Gen-11 kernel: pci 0000:00:0a.0: enabling Extended Tags
Jun 09 21:42:30 yry-ThinkPad-X1-Carbon-Gen-11 kernel: pci 0000:00:0d.0: [8086:a71e] type 00 class 0x0c0330 conventional PCI endpoint
Jun 09 21:42:30 yry-ThinkPad-X1-Carbon-Gen-11 kernel: pci 0000:00:0d.0: BAR 0 [mem 0x603d1b0000-0x603d1bffff 64bit]
Jun 09 21:42:30 yry-ThinkPad-X1-Carbon-Gen-11 kernel: pci 0000:00:0d.0: PME# supported from D3hot D3cold
Jun 09 21:42:30 yry-ThinkPad-X1-Carbon-Gen-11 kernel: pci 0000:00:0d.2: [8086:a73e] type 00 class 0x0c0340 conventional PCI endpoint
Jun 09 21:42:30 yry-ThinkPad-X1-Carbon-Gen-11 kernel: pci 0000:00:0d.2: BAR 0 [mem 0x603d140000-0x603d17ffff 64bit]
Jun 09 21:42:30 yry-ThinkPad-X1-Carbon-Gen-11 kernel: pci 0000:00:0d.2: BAR 2 [mem 0x603d1e2000-0x603d1e2fff 64bit]
Jun 09 21:42:30 yry-ThinkPad-X1-Carbon-Gen-11 kernel: pci 0000:00:0d.2: supports D1 D2
Jun 09 21:42:30 yry-ThinkPad-X1-Carbon-Gen-11 kernel: pci 0000:00:0d.2: PME# supported from D0 D1 D2 D3hot D3cold
Jun 09 21:42:30 yry-ThinkPad-X1-Carbon-Gen-11 kernel: pci 0000:00:0d.3: [8086:a76d] type 00 class 0x0c0340 conventional PCI endpoint
Jun 09 21:42:30 yry-ThinkPad-X1-Carbon-Gen-11 kernel: pci 0000:00:0d.3: BAR 0 [mem 0x603d100000-0x603d13ffff 64bit]
Jun 09 21:42:30 yry-ThinkPad-X1-Carbon-Gen-11 kernel: pci 0000:00:0d.3: BAR 2 [mem 0x603d1e1000-0x603d1e1fff 64bit]
Jun 09 21:42:30 yry-ThinkPad-X1-Carbon-Gen-11 kernel: pci 0000:00:0d.3: supports D1 D2
Jun 09 21:42:30 yry-ThinkPad-X1-Carbon-Gen-11 kernel: pci 0000:00:0d.3: PME# supported from D0 D1 D2 D3hot D3cold
Jun 09 21:42:30 yry-ThinkPad-X1-Carbon-Gen-11 kernel: pci 0000:00:14.0: [8086:51ed] type 00 class 0x0c0330 conventional PCI endpoint
Jun 09 21:42:30 yry-ThinkPad-X1-Carbon-Gen-11 kernel: pci 0000:00:14.0: BAR 0 [mem 0x603d1a0000-0x603d1affff 64bit]
Jun 09 21:42:30 yry-ThinkPad-X1-Carbon-Gen-11 kernel: pci 0000:00:14.0: PME# supported from D3hot D3cold
Jun 09 21:42:30 yry-ThinkPad-X1-Carbon-Gen-11 kernel: pci 0000:00:14.2: [8086:51ef] type 00 class 0x050000 conventional PCI endpoint
Jun 09 21:42:30 yry-ThinkPad-X1-Carbon-Gen-11 kernel: pci 0000:00:14.2: BAR 0 [mem 0x603d1d8000-0x603d1dbfff 64bit]
Jun 09 21:42:30 yry-ThinkPad-X1-Carbon-Gen-11 kernel: pci 0000:00:14.2: BAR 2 [mem 0x603d1e0000-0x603d1e0fff 64bit]
Jun 09 21:42:30 yry-ThinkPad-X1-Carbon-Gen-11 kernel: pci 0000:00:14.3: [8086:51f1] type 00 class 0x028000 PCIe Root Complex Integrated Endpoint
Jun 09 21:42:30 yry-ThinkPad-X1-Carbon-Gen-11 kernel: pci 0000:00:14.3: BAR 0 [mem 0x603d1d4000-0x603d1d7fff 64bit]
Jun 09 21:42:30 yry-ThinkPad-X1-Carbon-Gen-11 kernel: pci 0000:00:14.3: PME# supported from D0 D3hot D3cold
Jun 09 21:42:30 yry-ThinkPad-X1-Carbon-Gen-11 kernel: pci 0000:00:15.0: [8086:51e8] type 00 class 0x0c8000 conventional PCI endpoint
Jun 09 21:42:30 yry-ThinkPad-X1-Carbon-Gen-11 kernel: pci 0000:00:15.0: BAR 0 [mem 0x00000000-0x00000fff 64bit]
Jun 09 21:42:30 yry-ThinkPad-X1-Carbon-Gen-11 kernel: pci 0000:00:15.1: [8086:51e9] type 00 class 0x0c8000 conventional PCI endpoint
Jun 09 21:42:30 yry-ThinkPad-X1-Carbon-Gen-11 kernel: pci 0000:00:15.1: BAR 0 [mem 0x00000000-0x00000fff 64bit]
Jun 09 21:42:30 yry-ThinkPad-X1-Carbon-Gen-11 kernel: pci 0000:00:16.0: [8086:51e0] type 00 class 0x078000 conventional PCI endpoint
Jun 09 21:42:30 yry-ThinkPad-X1-Carbon-Gen-11 kernel: pci 0000:00:16.0: BAR 0 [mem 0x603d1dd000-0x603d1ddfff 64bit]
Jun 09 21:42:30 yry-ThinkPad-X1-Carbon-Gen-11 kernel: pci 0000:00:16.0: PME# supported from D3hot
Jun 09 21:42:30 yry-ThinkPad-X1-Carbon-Gen-11 kernel: pci 0000:00:16.3: [8086:51e3] type 00 class 0x070002 conventional PCI endpoint
Jun 09 21:42:30 yry-ThinkPad-X1-Carbon-Gen-11 kernel: pci 0000:00:16.3: BAR 0 [io  0x2060-0x2067]
Jun 09 21:42:30 yry-ThinkPad-X1-Carbon-Gen-11 kernel: pci 0000:00:16.3: BAR 1 [mem 0xbc301000-0xbc301fff]
Jun 09 21:42:30 yry-ThinkPad-X1-Carbon-Gen-11 kernel: pci 0000:00:1f.0: [8086:519d] type 00 class 0x060100 conventional PCI endpoint
Jun 09 21:42:30 yry-ThinkPad-X1-Carbon-Gen-11 kernel: pci 0000:00:1f.3: [8086:51ca] type 00 class 0x040380 conventional PCI endpoint
Jun 09 21:42:30 yry-ThinkPad-X1-Carbon-Gen-11 kernel: pci 0000:00:1f.3: BAR 0 [mem 0x603d1d0000-0x603d1d3fff 64bit]
Jun 09 21:42:30 yry-ThinkPad-X1-Carbon-Gen-11 kernel: pci 0000:00:1f.3: BAR 4 [mem 0x603d000000-0x603d0fffff 64bit]
Jun 09 21:42:30 yry-ThinkPad-X1-Carbon-Gen-11 kernel: pci 0000:00:1f.3: PME# supported from D3hot D3cold
Jun 09 21:42:30 yry-ThinkPad-X1-Carbon-Gen-11 kernel: pci 0000:00:1f.4: [8086:51a3] type 00 class 0x0c0500 conventional PCI endpoint
Jun 09 21:42:30 yry-ThinkPad-X1-Carbon-Gen-11 kernel: pci 0000:00:1f.4: BAR 0 [mem 0x603d1dc000-0x603d1dc0ff 64bit]
Jun 09 21:42:30 yry-ThinkPad-X1-Carbon-Gen-11 kernel: pci 0000:00:1f.4: BAR 4 [io  0xefa0-0xefbf]
Jun 09 21:42:30 yry-ThinkPad-X1-Carbon-Gen-11 kernel: pci 0000:00:1f.5: [8086:51a4] type 00 class 0x0c8000 conventional PCI endpoint
Jun 09 21:42:30 yry-ThinkPad-X1-Carbon-Gen-11 kernel: pci 0000:00:1f.5: BAR 0 [mem 0xfe010000-0xfe010fff]
Jun 09 21:42:30 yry-ThinkPad-X1-Carbon-Gen-11 kernel: pci 0000:04:00.0: [1e0f:0010] type 00 class 0x010802 PCIe Endpoint
Jun 09 21:42:30 yry-ThinkPad-X1-Carbon-Gen-11 kernel: pci 0000:04:00.0: BAR 0 [mem 0xbc200000-0xbc203fff 64bit]
Jun 09 21:42:30 yry-ThinkPad-X1-Carbon-Gen-11 kernel: pci 0000:00:06.0: PCI bridge to [bus 04]
Jun 09 21:42:30 yry-ThinkPad-X1-Carbon-Gen-11 kernel: pci 0000:00:07.0: PCI bridge to [bus 20-49]
Jun 09 21:42:30 yry-ThinkPad-X1-Carbon-Gen-11 kernel: pci 0000:00:07.2: PCI bridge to [bus 50-79]
Jun 09 21:42:30 yry-ThinkPad-X1-Carbon-Gen-11 kernel: Low-power S0 idle used by default for system suspend
Jun 09 21:42:30 yry-ThinkPad-X1-Carbon-Gen-11 kernel: ACPI: EC: interrupt unblocked
Jun 09 21:42:30 yry-ThinkPad-X1-Carbon-Gen-11 kernel: ACPI: EC: event unblocked
Jun 09 21:42:30 yry-ThinkPad-X1-Carbon-Gen-11 kernel: ACPI: EC: EC_CMD/EC_SC=0x66, EC_DATA=0x62
Jun 09 21:42:30 yry-ThinkPad-X1-Carbon-Gen-11 kernel: ACPI: EC: GPE=0x6e
Jun 09 21:42:30 yry-ThinkPad-X1-Carbon-Gen-11 kernel: ACPI: \_SB_.PC00.LPCB.EC__: Boot ECDT EC initialization complete
Jun 09 21:42:30 yry-ThinkPad-X1-Carbon-Gen-11 kernel: ACPI: \_SB_.PC00.LPCB.EC__: EC: Used to handle transactions and events
Jun 09 21:42:30 yry-ThinkPad-X1-Carbon-Gen-11 kernel: iommu: Default domain type: Translated
Jun 09 21:42:30 yry-ThinkPad-X1-Carbon-Gen-11 kernel: iommu: DMA domain TLB invalidation policy: lazy mode
Jun 09 21:42:30 yry-ThinkPad-X1-Carbon-Gen-11 kernel: SCSI subsystem initialized
Jun 09 21:42:30 yry-ThinkPad-X1-Carbon-Gen-11 kernel: libata version 3.00 loaded.
Jun 09 21:42:30 yry-ThinkPad-X1-Carbon-Gen-11 kernel: ACPI: bus type USB registered
Jun 09 21:42:30 yry-ThinkPad-X1-Carbon-Gen-11 kernel: usbcore: registered new interface driver usbfs
Jun 09 21:42:30 yry-ThinkPad-X1-Carbon-Gen-11 kernel: usbcore: registered new interface driver hub
Jun 09 21:42:30 yry-ThinkPad-X1-Carbon-Gen-11 kernel: usbcore: registered new device driver usb
Jun 09 21:42:30 yry-ThinkPad-X1-Carbon-Gen-11 kernel: pps_core: LinuxPPS API ver. 1 registered
Jun 09 21:42:30 yry-ThinkPad-X1-Carbon-Gen-11 kernel: pps_core: Software ver. 5.3.6 - Copyright 2005-2007 Rodolfo Giometti <giometti@linux.it>
Jun 09 21:42:30 yry-ThinkPad-X1-Carbon-Gen-11 kernel: PTP clock support registered
Jun 09 21:42:30 yry-ThinkPad-X1-Carbon-Gen-11 kernel: EDAC MC: Ver: 3.0.0
Jun 09 21:42:30 yry-ThinkPad-X1-Carbon-Gen-11 kernel: efivars: Registered efivars operations
Jun 09 21:42:30 yry-ThinkPad-X1-Carbon-Gen-11 kernel: NetLabel: Initializing
Jun 09 21:42:30 yry-ThinkPad-X1-Carbon-Gen-11 kernel: NetLabel:  domain hash size = 128
Jun 09 21:42:30 yry-ThinkPad-X1-Carbon-Gen-11 kernel: NetLabel:  protocols = UNLABELED CIPSOv4 CALIPSO
Jun 09 21:42:30 yry-ThinkPad-X1-Carbon-Gen-11 kernel: NetLabel:  unlabeled traffic allowed by default
Jun 09 21:42:30 yry-ThinkPad-X1-Carbon-Gen-11 kernel: mctp: management component transport protocol core
Jun 09 21:42:30 yry-ThinkPad-X1-Carbon-Gen-11 kernel: NET: Registered PF_MCTP protocol family
Jun 09 21:42:30 yry-ThinkPad-X1-Carbon-Gen-11 kernel: PCI: Using ACPI for IRQ routing
Jun 09 21:42:30 yry-ThinkPad-X1-Carbon-Gen-11 kernel: PCI: pci_cache_line_size set to 64 bytes
Jun 09 21:42:30 yry-ThinkPad-X1-Carbon-Gen-11 kernel: pci 0000:00:1f.5: BAR 0 [mem 0xfe010000-0xfe010fff]: can't claim; no compatible bridge window
Jun 09 21:42:30 yry-ThinkPad-X1-Carbon-Gen-11 kernel: e820: reserve RAM buffer [mem 0x0009f000-0x0009ffff]
Jun 09 21:42:30 yry-ThinkPad-X1-Carbon-Gen-11 kernel: e820: reserve RAM buffer [mem 0x5862f000-0x5bffffff]
Jun 09 21:42:30 yry-ThinkPad-X1-Carbon-Gen-11 kernel: e820: reserve RAM buffer [mem 0x875a9000-0x87ffffff]
Jun 09 21:42:30 yry-ThinkPad-X1-Carbon-Gen-11 kernel: e820: reserve RAM buffer [mem 0x87720000-0x87ffffff]
Jun 09 21:42:30 yry-ThinkPad-X1-Carbon-Gen-11 kernel: e820: reserve RAM buffer [mem 0x8dcff000-0x8fffffff]
Jun 09 21:42:30 yry-ThinkPad-X1-Carbon-Gen-11 kernel: e820: reserve RAM buffer [mem 0x91800000-0x93ffffff]
Jun 09 21:42:30 yry-ThinkPad-X1-Carbon-Gen-11 kernel: e820: reserve RAM buffer [mem 0x85f800000-0x85fffffff]
Jun 09 21:42:30 yry-ThinkPad-X1-Carbon-Gen-11 kernel: pci 0000:00:02.0: vgaarb: setting as boot VGA device
Jun 09 21:42:30 yry-ThinkPad-X1-Carbon-Gen-11 kernel: pci 0000:00:02.0: vgaarb: bridge control possible
Jun 09 21:42:30 yry-ThinkPad-X1-Carbon-Gen-11 kernel: pci 0000:00:02.0: vgaarb: VGA device added: decodes=io+mem,owns=mem,locks=none
Jun 09 21:42:30 yry-ThinkPad-X1-Carbon-Gen-11 kernel: vgaarb: loaded
Jun 09 21:42:30 yry-ThinkPad-X1-Carbon-Gen-11 kernel: clocksource: Switched to clocksource tsc-early
Jun 09 21:42:30 yry-ThinkPad-X1-Carbon-Gen-11 kernel: VFS: Disk quotas dquot_6.6.0
Jun 09 21:42:30 yry-ThinkPad-X1-Carbon-Gen-11 kernel: VFS: Dquot-cache hash table entries: 512 (order 0, 4096 bytes)
Jun 09 21:42:30 yry-ThinkPad-X1-Carbon-Gen-11 kernel: AppArmor: AppArmor Filesystem Enabled
Jun 09 21:42:30 yry-ThinkPad-X1-Carbon-Gen-11 kernel: pnp: PnP ACPI init
Jun 09 21:42:30 yry-ThinkPad-X1-Carbon-Gen-11 kernel: system 00:00: [io  0x0680-0x069f] has been reserved
Jun 09 21:42:30 yry-ThinkPad-X1-Carbon-Gen-11 kernel: system 00:00: [io  0x164e-0x164f] has been reserved
Jun 09 21:42:30 yry-ThinkPad-X1-Carbon-Gen-11 kernel: system 00:01: [io  0x1854-0x1857] has been reserved
Jun 09 21:42:30 yry-ThinkPad-X1-Carbon-Gen-11 kernel: pnp 00:04: disabling [mem 0xc0000000-0xcfffffff] because it overlaps 0000:00:02.0 BAR 9 [mem 0x00000000-0xdfffffff 64bit pref]
Jun 09 21:42:30 yry-ThinkPad-X1-Carbon-Gen-11 kernel: system 00:04: [io  0x1800-0x189f] could not be reserved
Jun 09 21:42:30 yry-ThinkPad-X1-Carbon-Gen-11 kernel: system 00:04: [io  0x0800-0x087f] has been reserved
Jun 09 21:42:30 yry-ThinkPad-X1-Carbon-Gen-11 kernel: system 00:04: [io  0x0880-0x08ff] has been reserved
Jun 09 21:42:30 yry-ThinkPad-X1-Carbon-Gen-11 kernel: system 00:04: [io  0x0900-0x097f] has been reserved
Jun 09 21:42:30 yry-ThinkPad-X1-Carbon-Gen-11 kernel: system 00:04: [io  0x0980-0x09ff] has been reserved
Jun 09 21:42:30 yry-ThinkPad-X1-Carbon-Gen-11 kernel: system 00:04: [io  0x0a00-0x0a7f] has been reserved
Jun 09 21:42:30 yry-ThinkPad-X1-Carbon-Gen-11 kernel: system 00:04: [io  0x0a80-0x0aff] has been reserved
Jun 09 21:42:30 yry-ThinkPad-X1-Carbon-Gen-11 kernel: system 00:04: [io  0x0b00-0x0b7f] has been reserved
Jun 09 21:42:30 yry-ThinkPad-X1-Carbon-Gen-11 kernel: system 00:04: [io  0x0b80-0x0bff] has been reserved
Jun 09 21:42:30 yry-ThinkPad-X1-Carbon-Gen-11 kernel: system 00:04: [io  0x15e0-0x15ef] has been reserved
Jun 09 21:42:30 yry-ThinkPad-X1-Carbon-Gen-11 kernel: system 00:04: [io  0x1600-0x167f] could not be reserved
Jun 09 21:42:30 yry-ThinkPad-X1-Carbon-Gen-11 kernel: system 00:04: [io  0x1640-0x165f] could not be reserved
Jun 09 21:42:30 yry-ThinkPad-X1-Carbon-Gen-11 kernel: system 00:04: [mem 0xfed10000-0xfed13fff] has been reserved
Jun 09 21:42:30 yry-ThinkPad-X1-Carbon-Gen-11 kernel: system 00:04: [mem 0xfed18000-0xfed18fff] has been reserved
Jun 09 21:42:30 yry-ThinkPad-X1-Carbon-Gen-11 kernel: system 00:04: [mem 0xfed19000-0xfed19fff] has been reserved
Jun 09 21:42:30 yry-ThinkPad-X1-Carbon-Gen-11 kernel: system 00:04: [mem 0xfeb00000-0xfebfffff] has been reserved
Jun 09 21:42:30 yry-ThinkPad-X1-Carbon-Gen-11 kernel: system 00:04: [mem 0xfed20000-0xfed3ffff] has been reserved
Jun 09 21:42:30 yry-ThinkPad-X1-Carbon-Gen-11 kernel: system 00:04: [mem 0xfed90000-0xfed93fff] could not be reserved
Jun 09 21:42:30 yry-ThinkPad-X1-Carbon-Gen-11 kernel: pnp 00:05: disabling [mem 0xc0000000-0xcfffffff] because it overlaps 0000:00:02.0 BAR 9 [mem 0x00000000-0xdfffffff 64bit pref]
Jun 09 21:42:30 yry-ThinkPad-X1-Carbon-Gen-11 kernel: system 00:05: [mem 0xfedc0000-0xfedc7fff] has been reserved
Jun 09 21:42:30 yry-ThinkPad-X1-Carbon-Gen-11 kernel: system 00:05: [mem 0xfeda0000-0xfeda0fff] has been reserved
Jun 09 21:42:30 yry-ThinkPad-X1-Carbon-Gen-11 kernel: system 00:05: [mem 0xfeda1000-0xfeda1fff] has been reserved
Jun 09 21:42:30 yry-ThinkPad-X1-Carbon-Gen-11 kernel: system 00:05: [mem 0xfed20000-0xfed7ffff] could not be reserved
Jun 09 21:42:30 yry-ThinkPad-X1-Carbon-Gen-11 kernel: system 00:05: [mem 0xfed90000-0xfed93fff] could not be reserved
Jun 09 21:42:30 yry-ThinkPad-X1-Carbon-Gen-11 kernel: system 00:05: [mem 0xfed45000-0xfed8ffff] could not be reserved
Jun 09 21:42:30 yry-ThinkPad-X1-Carbon-Gen-11 kernel: system 00:05: [mem 0xfee00000-0xfeefffff] has been reserved
Jun 09 21:42:30 yry-ThinkPad-X1-Carbon-Gen-11 kernel: system 00:06: [io  0xff00-0xfffe] has been reserved
Jun 09 21:42:30 yry-ThinkPad-X1-Carbon-Gen-11 kernel: pnp 00:08: disabling [mem 0x000c0000-0x000c3fff] because it overlaps 0000:00:02.0 BAR 6 [mem 0x000c0000-0x000dffff]
Jun 09 21:42:30 yry-ThinkPad-X1-Carbon-Gen-11 kernel: pnp 00:08: disabling [mem 0x000c8000-0x000cbfff] because it overlaps 0000:00:02.0 BAR 6 [mem 0x000c0000-0x000dffff]
Jun 09 21:42:30 yry-ThinkPad-X1-Carbon-Gen-11 kernel: pnp 00:08: disabling [mem 0x000d0000-0x000d3fff] because it overlaps 0000:00:02.0 BAR 6 [mem 0x000c0000-0x000dffff]
Jun 09 21:42:30 yry-ThinkPad-X1-Carbon-Gen-11 kernel: pnp 00:08: disabling [mem 0x000d8000-0x000dbfff] because it overlaps 0000:00:02.0 BAR 6 [mem 0x000c0000-0x000dffff]
Jun 09 21:42:30 yry-ThinkPad-X1-Carbon-Gen-11 kernel: pnp 00:08: disabling [mem 0x00000000-0x0009ffff] because it overlaps 0000:00:02.0 BAR 7 [mem 0x00000000-0x06ffffff 64bit]
Jun 09 21:42:30 yry-ThinkPad-X1-Carbon-Gen-11 kernel: pnp 00:08: disabling [mem 0x000c0000-0x000c3fff disabled] because it overlaps 0000:00:02.0 BAR 7 [mem 0x00000000-0x06ffffff 64bit]
Jun 09 21:42:30 yry-ThinkPad-X1-Carbon-Gen-11 kernel: pnp 00:08: disabling [mem 0x000c8000-0x000cbfff disabled] because it overlaps 0000:00:02.0 BAR 7 [mem 0x00000000-0x06ffffff 64bit]
Jun 09 21:42:30 yry-ThinkPad-X1-Carbon-Gen-11 kernel: pnp 00:08: disabling [mem 0x000d0000-0x000d3fff disabled] because it overlaps 0000:00:02.0 BAR 7 [mem 0x00000000-0x06ffffff 64bit]
Jun 09 21:42:30 yry-ThinkPad-X1-Carbon-Gen-11 kernel: pnp 00:08: disabling [mem 0x000d8000-0x000dbfff disabled] because it overlaps 0000:00:02.0 BAR 7 [mem 0x00000000-0x06ffffff 64bit]
Jun 09 21:42:30 yry-ThinkPad-X1-Carbon-Gen-11 kernel: pnp 00:08: disabling [mem 0x000e0000-0x000e3fff] because it overlaps 0000:00:02.0 BAR 7 [mem 0x00000000-0x06ffffff 64bit]
Jun 09 21:42:30 yry-ThinkPad-X1-Carbon-Gen-11 kernel: pnp 00:08: disabling [mem 0x000e8000-0x000ebfff] because it overlaps 0000:00:02.0 BAR 7 [mem 0x00000000-0x06ffffff 64bit]
Jun 09 21:42:30 yry-ThinkPad-X1-Carbon-Gen-11 kernel: pnp 00:08: disabling [mem 0x000f0000-0x000fffff] because it overlaps 0000:00:02.0 BAR 7 [mem 0x00000000-0x06ffffff 64bit]
Jun 09 21:42:30 yry-ThinkPad-X1-Carbon-Gen-11 kernel: pnp 00:08: disabling [mem 0x00100000-0xa07fffff] because it overlaps 0000:00:02.0 BAR 7 [mem 0x00000000-0x06ffffff 64bit]
Jun 09 21:42:30 yry-ThinkPad-X1-Carbon-Gen-11 kernel: pnp 00:08: disabling [mem 0x00000000-0x0009ffff disabled] because it overlaps 0000:00:02.0 BAR 9 [mem 0x00000000-0xdfffffff 64bit pref]
Jun 09 21:42:30 yry-ThinkPad-X1-Carbon-Gen-11 kernel: pnp 00:08: disabling [mem 0x000c0000-0x000c3fff disabled] because it overlaps 0000:00:02.0 BAR 9 [mem 0x00000000-0xdfffffff 64bit pref]
Jun 09 21:42:30 yry-ThinkPad-X1-Carbon-Gen-11 kernel: pnp 00:08: disabling [mem 0x000c8000-0x000cbfff disabled] because it overlaps 0000:00:02.0 BAR 9 [mem 0x00000000-0xdfffffff 64bit pref]
Jun 09 21:42:30 yry-ThinkPad-X1-Carbon-Gen-11 kernel: pnp 00:08: disabling [mem 0x000d0000-0x000d3fff disabled] because it overlaps 0000:00:02.0 BAR 9 [mem 0x00000000-0xdfffffff 64bit pref]
Jun 09 21:42:30 yry-ThinkPad-X1-Carbon-Gen-11 kernel: pnp 00:08: disabling [mem 0x000d8000-0x000dbfff disabled] because it overlaps 0000:00:02.0 BAR 9 [mem 0x00000000-0xdfffffff 64bit pref]
Jun 09 21:42:30 yry-ThinkPad-X1-Carbon-Gen-11 kernel: pnp 00:08: disabling [mem 0x000e0000-0x000e3fff disabled] because it overlaps 0000:00:02.0 BAR 9 [mem 0x00000000-0xdfffffff 64bit pref]
Jun 09 21:42:30 yry-ThinkPad-X1-Carbon-Gen-11 kernel: pnp 00:08: disabling [mem 0x000e8000-0x000ebfff disabled] because it overlaps 0000:00:02.0 BAR 9 [mem 0x00000000-0xdfffffff 64bit pref]
Jun 09 21:42:30 yry-ThinkPad-X1-Carbon-Gen-11 kernel: pnp 00:08: disabling [mem 0x000f0000-0x000fffff disabled] because it overlaps 0000:00:02.0 BAR 9 [mem 0x00000000-0xdfffffff 64bit pref]
Jun 09 21:42:30 yry-ThinkPad-X1-Carbon-Gen-11 kernel: pnp 00:08: disabling [mem 0x00100000-0xa07fffff disabled] because it overlaps 0000:00:02.0 BAR 9 [mem 0x00000000-0xdfffffff 64bit pref]
Jun 09 21:42:30 yry-ThinkPad-X1-Carbon-Gen-11 kernel: system 00:08: [mem 0xfec00000-0xfed3ffff] could not be reserved
Jun 09 21:42:30 yry-ThinkPad-X1-Carbon-Gen-11 kernel: system 00:08: [mem 0xfed4c000-0xffffffff] could not be reserved
Jun 09 21:42:30 yry-ThinkPad-X1-Carbon-Gen-11 kernel: pnp: PnP ACPI: found 9 devices
Jun 09 21:42:30 yry-ThinkPad-X1-Carbon-Gen-11 kernel: clocksource: acpi_pm: mask: 0xffffff max_cycles: 0xffffff, max_idle_ns: 2085701024 ns
Jun 09 21:42:30 yry-ThinkPad-X1-Carbon-Gen-11 kernel: NET: Registered PF_INET protocol family
Jun 09 21:42:30 yry-ThinkPad-X1-Carbon-Gen-11 kernel: IP idents hash table entries: 262144 (order: 9, 2097152 bytes, linear)
Jun 09 21:42:30 yry-ThinkPad-X1-Carbon-Gen-11 kernel: tcp_listen_portaddr_hash hash table entries: 16384 (order: 6, 262144 bytes, linear)
Jun 09 21:42:30 yry-ThinkPad-X1-Carbon-Gen-11 kernel: Table-perturb hash table entries: 65536 (order: 6, 262144 bytes, linear)
Jun 09 21:42:30 yry-ThinkPad-X1-Carbon-Gen-11 kernel: TCP established hash table entries: 262144 (order: 9, 2097152 bytes, linear)
Jun 09 21:42:30 yry-ThinkPad-X1-Carbon-Gen-11 kernel: TCP bind hash table entries: 65536 (order: 9, 2097152 bytes, linear)
Jun 09 21:42:30 yry-ThinkPad-X1-Carbon-Gen-11 kernel: TCP: Hash tables configured (established 262144 bind 65536)
Jun 09 21:42:30 yry-ThinkPad-X1-Carbon-Gen-11 kernel: MPTCP token hash table entries: 32768 (order: 7, 786432 bytes, linear)
Jun 09 21:42:30 yry-ThinkPad-X1-Carbon-Gen-11 kernel: UDP hash table entries: 16384 (order: 7, 524288 bytes, linear)
Jun 09 21:42:30 yry-ThinkPad-X1-Carbon-Gen-11 kernel: UDP-Lite hash table entries: 16384 (order: 7, 524288 bytes, linear)
Jun 09 21:42:30 yry-ThinkPad-X1-Carbon-Gen-11 kernel: NET: Registered PF_UNIX/PF_LOCAL protocol family
Jun 09 21:42:30 yry-ThinkPad-X1-Carbon-Gen-11 kernel: NET: Registered PF_XDP protocol family
Jun 09 21:42:30 yry-ThinkPad-X1-Carbon-Gen-11 kernel: pci_bus 0000:00: max bus depth: 1 pci_try_num: 2
Jun 09 21:42:30 yry-ThinkPad-X1-Carbon-Gen-11 kernel: pci 0000:00:02.0: VF BAR 2 [mem 0x4020000000-0x40ffffffff 64bit pref]: assigned
Jun 09 21:42:30 yry-ThinkPad-X1-Carbon-Gen-11 kernel: pci 0000:00:02.0: VF BAR 0 [mem 0x4010000000-0x4016ffffff 64bit]: assigned
Jun 09 21:42:30 yry-ThinkPad-X1-Carbon-Gen-11 kernel: pci 0000:00:07.0: bridge window [io  0x3000-0x3fff]: assigned
Jun 09 21:42:30 yry-ThinkPad-X1-Carbon-Gen-11 kernel: pci 0000:00:07.2: bridge window [io  0x4000-0x4fff]: assigned
Jun 09 21:42:30 yry-ThinkPad-X1-Carbon-Gen-11 kernel: pci 0000:00:15.0: BAR 0 [mem 0x4017000000-0x4017000fff 64bit]: assigned
Jun 09 21:42:30 yry-ThinkPad-X1-Carbon-Gen-11 kernel: pci 0000:00:15.1: BAR 0 [mem 0x4017001000-0x4017001fff 64bit]: assigned
Jun 09 21:42:30 yry-ThinkPad-X1-Carbon-Gen-11 kernel: pci 0000:00:1f.5: BAR 0 [mem 0xa0800000-0xa0800fff]: assigned
Jun 09 21:42:30 yry-ThinkPad-X1-Carbon-Gen-11 kernel: pci 0000:00:06.0: PCI bridge to [bus 04]
Jun 09 21:42:30 yry-ThinkPad-X1-Carbon-Gen-11 kernel: pci 0000:00:06.0:   bridge window [mem 0xbc200000-0xbc2fffff]
Jun 09 21:42:30 yry-ThinkPad-X1-Carbon-Gen-11 kernel: pci 0000:00:07.0: PCI bridge to [bus 20-49]
Jun 09 21:42:30 yry-ThinkPad-X1-Carbon-Gen-11 kernel: pci 0000:00:07.0:   bridge window [io  0x3000-0x3fff]
Jun 09 21:42:30 yry-ThinkPad-X1-Carbon-Gen-11 kernel: pci 0000:00:07.0:   bridge window [mem 0xb0000000-0xbc1fffff]
Jun 09 21:42:30 yry-ThinkPad-X1-Carbon-Gen-11 kernel: pci 0000:00:07.0:   bridge window [mem 0x6000000000-0x601bffffff 64bit pref]
Jun 09 21:42:30 yry-ThinkPad-X1-Carbon-Gen-11 kernel: pci 0000:00:07.2: PCI bridge to [bus 50-79]
Jun 09 21:42:30 yry-ThinkPad-X1-Carbon-Gen-11 kernel: pci 0000:00:07.2:   bridge window [io  0x4000-0x4fff]
Jun 09 21:42:30 yry-ThinkPad-X1-Carbon-Gen-11 kernel: pci 0000:00:07.2:   bridge window [mem 0xa2000000-0xae1fffff]
Jun 09 21:42:30 yry-ThinkPad-X1-Carbon-Gen-11 kernel: pci 0000:00:07.2:   bridge window [mem 0x6020000000-0x603bffffff 64bit pref]
Jun 09 21:42:30 yry-ThinkPad-X1-Carbon-Gen-11 kernel: pci_bus 0000:00: resource 4 [io  0x0000-0x0cf7 window]
Jun 09 21:42:30 yry-ThinkPad-X1-Carbon-Gen-11 kernel: pci_bus 0000:00: resource 5 [io  0x0d00-0xffff window]
Jun 09 21:42:30 yry-ThinkPad-X1-Carbon-Gen-11 kernel: pci_bus 0000:00: resource 6 [mem 0x000a0000-0x000bffff window]
Jun 09 21:42:30 yry-ThinkPad-X1-Carbon-Gen-11 kernel: pci_bus 0000:00: resource 7 [mem 0xa0800000-0xbfffffff window]
Jun 09 21:42:30 yry-ThinkPad-X1-Carbon-Gen-11 kernel: pci_bus 0000:00: resource 8 [mem 0x4000000000-0x7fffffffff window]
Jun 09 21:42:30 yry-ThinkPad-X1-Carbon-Gen-11 kernel: pci_bus 0000:04: resource 1 [mem 0xbc200000-0xbc2fffff]
Jun 09 21:42:30 yry-ThinkPad-X1-Carbon-Gen-11 kernel: pci_bus 0000:20: resource 0 [io  0x3000-0x3fff]
Jun 09 21:42:30 yry-ThinkPad-X1-Carbon-Gen-11 kernel: pci_bus 0000:20: resource 1 [mem 0xb0000000-0xbc1fffff]
Jun 09 21:42:30 yry-ThinkPad-X1-Carbon-Gen-11 kernel: pci_bus 0000:20: resource 2 [mem 0x6000000000-0x601bffffff 64bit pref]
Jun 09 21:42:30 yry-ThinkPad-X1-Carbon-Gen-11 kernel: pci_bus 0000:50: resource 0 [io  0x4000-0x4fff]
Jun 09 21:42:30 yry-ThinkPad-X1-Carbon-Gen-11 kernel: pci_bus 0000:50: resource 1 [mem 0xa2000000-0xae1fffff]
Jun 09 21:42:30 yry-ThinkPad-X1-Carbon-Gen-11 kernel: pci_bus 0000:50: resource 2 [mem 0x6020000000-0x603bffffff 64bit pref]
Jun 09 21:42:30 yry-ThinkPad-X1-Carbon-Gen-11 kernel: pci 0000:00:0d.0: enabling device (0000 -> 0002)
Jun 09 21:42:30 yry-ThinkPad-X1-Carbon-Gen-11 kernel: PCI: CLS 0 bytes, default 64
Jun 09 21:42:30 yry-ThinkPad-X1-Carbon-Gen-11 kernel: DMAR: No ATSR found
Jun 09 21:42:30 yry-ThinkPad-X1-Carbon-Gen-11 kernel: DMAR: No SATC found
Jun 09 21:42:30 yry-ThinkPad-X1-Carbon-Gen-11 kernel: DMAR: IOMMU feature fl1gp_support inconsistent
Jun 09 21:42:30 yry-ThinkPad-X1-Carbon-Gen-11 kernel: DMAR: IOMMU feature pgsel_inv inconsistent
Jun 09 21:42:30 yry-ThinkPad-X1-Carbon-Gen-11 kernel: DMAR: IOMMU feature nwfs inconsistent
Jun 09 21:42:30 yry-ThinkPad-X1-Carbon-Gen-11 kernel: DMAR: IOMMU feature dit inconsistent
Jun 09 21:42:30 yry-ThinkPad-X1-Carbon-Gen-11 kernel: DMAR: IOMMU feature sc_support inconsistent
Jun 09 21:42:30 yry-ThinkPad-X1-Carbon-Gen-11 kernel: DMAR: IOMMU feature dev_iotlb_support inconsistent
Jun 09 21:42:30 yry-ThinkPad-X1-Carbon-Gen-11 kernel: DMAR: dmar0: Using Queued invalidation
Jun 09 21:42:30 yry-ThinkPad-X1-Carbon-Gen-11 kernel: DMAR: dmar1: Using Queued invalidation
Jun 09 21:42:30 yry-ThinkPad-X1-Carbon-Gen-11 kernel: Trying to unpack rootfs image as initramfs...
Jun 09 21:42:30 yry-ThinkPad-X1-Carbon-Gen-11 kernel: pci 0000:00:02.0: Adding to iommu group 0
Jun 09 21:42:30 yry-ThinkPad-X1-Carbon-Gen-11 kernel: pci 0000:00:00.0: Adding to iommu group 1
Jun 09 21:42:30 yry-ThinkPad-X1-Carbon-Gen-11 kernel: pci 0000:00:04.0: Adding to iommu group 2
Jun 09 21:42:30 yry-ThinkPad-X1-Carbon-Gen-11 kernel: pci 0000:00:06.0: Adding to iommu group 3
Jun 09 21:42:30 yry-ThinkPad-X1-Carbon-Gen-11 kernel: pci 0000:00:07.0: Adding to iommu group 4
Jun 09 21:42:30 yry-ThinkPad-X1-Carbon-Gen-11 kernel: pci 0000:00:07.2: Adding to iommu group 5
Jun 09 21:42:30 yry-ThinkPad-X1-Carbon-Gen-11 kernel: pci 0000:00:08.0: Adding to iommu group 6
Jun 09 21:42:30 yry-ThinkPad-X1-Carbon-Gen-11 kernel: pci 0000:00:0a.0: Adding to iommu group 7
Jun 09 21:42:30 yry-ThinkPad-X1-Carbon-Gen-11 kernel: pci 0000:00:0d.0: Adding to iommu group 8
Jun 09 21:42:30 yry-ThinkPad-X1-Carbon-Gen-11 kernel: pci 0000:00:0d.2: Adding to iommu group 8
Jun 09 21:42:30 yry-ThinkPad-X1-Carbon-Gen-11 kernel: pci 0000:00:0d.3: Adding to iommu group 8
Jun 09 21:42:30 yry-ThinkPad-X1-Carbon-Gen-11 kernel: pci 0000:00:14.0: Adding to iommu group 9
Jun 09 21:42:30 yry-ThinkPad-X1-Carbon-Gen-11 kernel: pci 0000:00:14.2: Adding to iommu group 9
Jun 09 21:42:30 yry-ThinkPad-X1-Carbon-Gen-11 kernel: pci 0000:00:14.3: Adding to iommu group 10
Jun 09 21:42:30 yry-ThinkPad-X1-Carbon-Gen-11 kernel: pci 0000:00:15.0: Adding to iommu group 11
Jun 09 21:42:30 yry-ThinkPad-X1-Carbon-Gen-11 kernel: pci 0000:00:15.1: Adding to iommu group 11
Jun 09 21:42:30 yry-ThinkPad-X1-Carbon-Gen-11 kernel: pci 0000:00:16.0: Adding to iommu group 12
Jun 09 21:42:30 yry-ThinkPad-X1-Carbon-Gen-11 kernel: pci 0000:00:16.3: Adding to iommu group 12
Jun 09 21:42:30 yry-ThinkPad-X1-Carbon-Gen-11 kernel: pci 0000:00:1f.0: Adding to iommu group 13
Jun 09 21:42:30 yry-ThinkPad-X1-Carbon-Gen-11 kernel: pci 0000:00:1f.3: Adding to iommu group 13
Jun 09 21:42:30 yry-ThinkPad-X1-Carbon-Gen-11 kernel: pci 0000:00:1f.4: Adding to iommu group 13
Jun 09 21:42:30 yry-ThinkPad-X1-Carbon-Gen-11 kernel: pci 0000:00:1f.5: Adding to iommu group 13
Jun 09 21:42:30 yry-ThinkPad-X1-Carbon-Gen-11 kernel: pci 0000:04:00.0: Adding to iommu group 14
Jun 09 21:42:30 yry-ThinkPad-X1-Carbon-Gen-11 kernel: DMAR: Intel(R) Virtualization Technology for Directed I/O
Jun 09 21:42:30 yry-ThinkPad-X1-Carbon-Gen-11 kernel: PCI-DMA: Using software bounce buffering for IO (SWIOTLB)
Jun 09 21:42:30 yry-ThinkPad-X1-Carbon-Gen-11 kernel: software IO TLB: mapped [mem 0x00000000835a9000-0x00000000875a9000] (64MB)
Jun 09 21:42:30 yry-ThinkPad-X1-Carbon-Gen-11 kernel: clocksource: tsc: mask: 0xffffffffffffffff max_cycles: 0x26bef67878b, max_idle_ns: 440795293631 ns
Jun 09 21:42:30 yry-ThinkPad-X1-Carbon-Gen-11 kernel: clocksource: Switched to clocksource tsc
Jun 09 21:42:30 yry-ThinkPad-X1-Carbon-Gen-11 kernel: platform rtc_cmos: registered platform RTC device (no PNP device found)
Jun 09 21:42:30 yry-ThinkPad-X1-Carbon-Gen-11 kernel: Initialise system trusted keyrings
Jun 09 21:42:30 yry-ThinkPad-X1-Carbon-Gen-11 kernel: Key type blacklist registered
Jun 09 21:42:30 yry-ThinkPad-X1-Carbon-Gen-11 kernel: workingset: timestamp_bits=36 max_order=23 bucket_order=0
Jun 09 21:42:30 yry-ThinkPad-X1-Carbon-Gen-11 kernel: zbud: loaded
Jun 09 21:42:30 yry-ThinkPad-X1-Carbon-Gen-11 kernel: squashfs: version 4.0 (2009/01/31) Phillip Lougher
Jun 09 21:42:30 yry-ThinkPad-X1-Carbon-Gen-11 kernel: fuse: init (API version 7.39)
Jun 09 21:42:30 yry-ThinkPad-X1-Carbon-Gen-11 kernel: integrity: Platform Keyring initialized
Jun 09 21:42:30 yry-ThinkPad-X1-Carbon-Gen-11 kernel: integrity: Machine keyring initialized
Jun 09 21:42:30 yry-ThinkPad-X1-Carbon-Gen-11 kernel: Key type asymmetric registered
Jun 09 21:42:30 yry-ThinkPad-X1-Carbon-Gen-11 kernel: Asymmetric key parser 'x509' registered
Jun 09 21:42:30 yry-ThinkPad-X1-Carbon-Gen-11 kernel: Block layer SCSI generic (bsg) driver version 0.4 loaded (major 243)
Jun 09 21:42:30 yry-ThinkPad-X1-Carbon-Gen-11 kernel: io scheduler mq-deadline registered
Jun 09 21:42:30 yry-ThinkPad-X1-Carbon-Gen-11 kernel: pcieport 0000:00:06.0: PME: Signaling with IRQ 122
Jun 09 21:42:30 yry-ThinkPad-X1-Carbon-Gen-11 kernel: pcieport 0000:00:07.0: PME: Signaling with IRQ 123
Jun 09 21:42:30 yry-ThinkPad-X1-Carbon-Gen-11 kernel: pcieport 0000:00:07.0: pciehp: Slot #3 AttnBtn- PwrCtrl- MRL- AttnInd- PwrInd- HotPlug+ Surprise+ Interlock- NoCompl+ IbPresDis- LLActRep+
Jun 09 21:42:30 yry-ThinkPad-X1-Carbon-Gen-11 kernel: pcieport 0000:00:07.2: PME: Signaling with IRQ 124
Jun 09 21:42:30 yry-ThinkPad-X1-Carbon-Gen-11 kernel: pcieport 0000:00:07.2: pciehp: Slot #5 AttnBtn- PwrCtrl- MRL- AttnInd- PwrInd- HotPlug+ Surprise+ Interlock- NoCompl+ IbPresDis- LLActRep+
Jun 09 21:42:30 yry-ThinkPad-X1-Carbon-Gen-11 kernel: shpchp: Standard Hot Plug PCI Controller Driver version: 0.4
Jun 09 21:42:30 yry-ThinkPad-X1-Carbon-Gen-11 kernel: Monitor-Mwait will be used to enter C-1 state
Jun 09 21:42:30 yry-ThinkPad-X1-Carbon-Gen-11 kernel: Monitor-Mwait will be used to enter C-2 state
Jun 09 21:42:30 yry-ThinkPad-X1-Carbon-Gen-11 kernel: Monitor-Mwait will be used to enter C-3 state
Jun 09 21:42:30 yry-ThinkPad-X1-Carbon-Gen-11 kernel: ACPI: \_SB_.PR00: Found 3 idle states
Jun 09 21:42:30 yry-ThinkPad-X1-Carbon-Gen-11 kernel: ACPI: AC: AC Adapter [AC] (off-line)
Jun 09 21:42:30 yry-ThinkPad-X1-Carbon-Gen-11 kernel: input: Sleep Button as /devices/LNXSYSTM:00/LNXSYBUS:00/PNP0C0E:00/input/input0
Jun 09 21:42:30 yry-ThinkPad-X1-Carbon-Gen-11 kernel: ACPI: button: Sleep Button [SLPB]
Jun 09 21:42:30 yry-ThinkPad-X1-Carbon-Gen-11 kernel: input: Lid Switch as /devices/LNXSYSTM:00/LNXSYBUS:00/PNP0C0D:00/input/input1
Jun 09 21:42:30 yry-ThinkPad-X1-Carbon-Gen-11 kernel: ACPI: button: Lid Switch [LID]
Jun 09 21:42:30 yry-ThinkPad-X1-Carbon-Gen-11 kernel: input: Power Button as /devices/LNXSYSTM:00/LNXSYBUS:00/PNP0C0C:00/input/input2
Jun 09 21:42:30 yry-ThinkPad-X1-Carbon-Gen-11 kernel: ACPI: button: Power Button [PWRB]
Jun 09 21:42:30 yry-ThinkPad-X1-Carbon-Gen-11 kernel: thermal LNXTHERM:00: registered as thermal_zone0
Jun 09 21:42:30 yry-ThinkPad-X1-Carbon-Gen-11 kernel: ACPI: thermal: Thermal Zone [THM0] (50 C)
Jun 09 21:42:30 yry-ThinkPad-X1-Carbon-Gen-11 kernel: Serial: 8250/16550 driver, 32 ports, IRQ sharing enabled
Jun 09 21:42:30 yry-ThinkPad-X1-Carbon-Gen-11 kernel: 0000:00:16.3: ttyS4 at I/O 0x2060 (irq = 19, base_baud = 115200) is a 16550A
Jun 09 21:42:30 yry-ThinkPad-X1-Carbon-Gen-11 kernel: hpet_acpi_add: no address or irqs in _CRS
Jun 09 21:42:30 yry-ThinkPad-X1-Carbon-Gen-11 kernel: Linux agpgart interface v0.103
Jun 09 21:42:30 yry-ThinkPad-X1-Carbon-Gen-11 kernel: tpm_tis NTC0702:00: 2.0 TPM (device-id 0xFC, rev-id 1)
Jun 09 21:42:30 yry-ThinkPad-X1-Carbon-Gen-11 kernel: loop: module loaded
Jun 09 21:42:30 yry-ThinkPad-X1-Carbon-Gen-11 kernel: ACPI: bus type drm_connector registered
Jun 09 21:42:30 yry-ThinkPad-X1-Carbon-Gen-11 kernel: tun: Universal TUN/TAP device driver, 1.6
Jun 09 21:42:30 yry-ThinkPad-X1-Carbon-Gen-11 kernel: PPP generic driver version 2.4.2
Jun 09 21:42:30 yry-ThinkPad-X1-Carbon-Gen-11 kernel: i8042: PNP: PS/2 Controller [PNP0303:KBD,PNP0f13:MOU] at 0x60,0x64 irq 1,12
Jun 09 21:42:30 yry-ThinkPad-X1-Carbon-Gen-11 kernel: i8042: Warning: Keylock active
Jun 09 21:42:30 yry-ThinkPad-X1-Carbon-Gen-11 kernel: serio: i8042 KBD port at 0x60,0x64 irq 1
Jun 09 21:42:30 yry-ThinkPad-X1-Carbon-Gen-11 kernel: serio: i8042 AUX port at 0x60,0x64 irq 12
Jun 09 21:42:30 yry-ThinkPad-X1-Carbon-Gen-11 kernel: mousedev: PS/2 mouse device common for all mice
Jun 09 21:42:30 yry-ThinkPad-X1-Carbon-Gen-11 kernel: rtc_cmos rtc_cmos: RTC can wake from S4
Jun 09 21:42:30 yry-ThinkPad-X1-Carbon-Gen-11 kernel: input: AT Translated Set 2 keyboard as /devices/platform/i8042/serio0/input/input3
Jun 09 21:42:30 yry-ThinkPad-X1-Carbon-Gen-11 kernel: rtc_cmos rtc_cmos: registered as rtc0
Jun 09 21:42:30 yry-ThinkPad-X1-Carbon-Gen-11 kernel: rtc_cmos rtc_cmos: setting system clock to 2024-06-10T01:42:28 UTC (1717983748)
Jun 09 21:42:30 yry-ThinkPad-X1-Carbon-Gen-11 kernel: rtc_cmos rtc_cmos: alarms up to one month, y3k, 114 bytes nvram
Jun 09 21:42:30 yry-ThinkPad-X1-Carbon-Gen-11 kernel: i2c_dev: i2c /dev entries driver
Jun 09 21:42:30 yry-ThinkPad-X1-Carbon-Gen-11 kernel: device-mapper: core: CONFIG_IMA_DISABLE_HTABLE is disabled. Duplicate IMA measurements will not be recorded in the IMA log.
Jun 09 21:42:30 yry-ThinkPad-X1-Carbon-Gen-11 kernel: device-mapper: uevent: version 1.0.3
Jun 09 21:42:30 yry-ThinkPad-X1-Carbon-Gen-11 kernel: device-mapper: ioctl: 4.48.0-ioctl (2023-03-01) initialised: dm-devel@redhat.com
Jun 09 21:42:30 yry-ThinkPad-X1-Carbon-Gen-11 kernel: platform eisa.0: Probing EISA bus 0
Jun 09 21:42:30 yry-ThinkPad-X1-Carbon-Gen-11 kernel: platform eisa.0: EISA: Cannot allocate resource for mainboard
Jun 09 21:42:30 yry-ThinkPad-X1-Carbon-Gen-11 kernel: platform eisa.0: Cannot allocate resource for EISA slot 1
Jun 09 21:42:30 yry-ThinkPad-X1-Carbon-Gen-11 kernel: platform eisa.0: Cannot allocate resource for EISA slot 2
Jun 09 21:42:30 yry-ThinkPad-X1-Carbon-Gen-11 kernel: platform eisa.0: Cannot allocate resource for EISA slot 3
Jun 09 21:42:30 yry-ThinkPad-X1-Carbon-Gen-11 kernel: platform eisa.0: Cannot allocate resource for EISA slot 4
Jun 09 21:42:30 yry-ThinkPad-X1-Carbon-Gen-11 kernel: platform eisa.0: Cannot allocate resource for EISA slot 5
Jun 09 21:42:30 yry-ThinkPad-X1-Carbon-Gen-11 kernel: platform eisa.0: Cannot allocate resource for EISA slot 6
Jun 09 21:42:30 yry-ThinkPad-X1-Carbon-Gen-11 kernel: platform eisa.0: Cannot allocate resource for EISA slot 7
Jun 09 21:42:30 yry-ThinkPad-X1-Carbon-Gen-11 kernel: platform eisa.0: Cannot allocate resource for EISA slot 8
Jun 09 21:42:30 yry-ThinkPad-X1-Carbon-Gen-11 kernel: platform eisa.0: EISA: Detected 0 cards
Jun 09 21:42:30 yry-ThinkPad-X1-Carbon-Gen-11 kernel: intel_pstate: Intel P-state driver initializing
Jun 09 21:42:30 yry-ThinkPad-X1-Carbon-Gen-11 kernel: intel_pstate: HWP enabled
Jun 09 21:42:30 yry-ThinkPad-X1-Carbon-Gen-11 kernel: ledtrig-cpu: registered to indicate activity on CPUs
Jun 09 21:42:30 yry-ThinkPad-X1-Carbon-Gen-11 kernel: [drm] Initialized simpledrm 1.0.0 20200625 for simple-framebuffer.0 on minor 0
Jun 09 21:42:30 yry-ThinkPad-X1-Carbon-Gen-11 kernel: fbcon: Deferring console take-over
Jun 09 21:42:30 yry-ThinkPad-X1-Carbon-Gen-11 kernel: simple-framebuffer simple-framebuffer.0: [drm] fb0: simpledrmdrmfb frame buffer device
Jun 09 21:42:30 yry-ThinkPad-X1-Carbon-Gen-11 kernel: drop_monitor: Initializing network drop monitor service
Jun 09 21:42:30 yry-ThinkPad-X1-Carbon-Gen-11 kernel: NET: Registered PF_INET6 protocol family
Jun 09 21:42:30 yry-ThinkPad-X1-Carbon-Gen-11 kernel: Freeing initrd memory: 64156K
Jun 09 21:42:30 yry-ThinkPad-X1-Carbon-Gen-11 kernel: ACPI: battery: Slot [BAT0] (battery present)
Jun 09 21:42:30 yry-ThinkPad-X1-Carbon-Gen-11 kernel: Segment Routing with IPv6
Jun 09 21:42:30 yry-ThinkPad-X1-Carbon-Gen-11 kernel: In-situ OAM (IOAM) with IPv6
Jun 09 21:42:30 yry-ThinkPad-X1-Carbon-Gen-11 kernel: NET: Registered PF_PACKET protocol family
Jun 09 21:42:30 yry-ThinkPad-X1-Carbon-Gen-11 kernel: Key type dns_resolver registered
Jun 09 21:42:30 yry-ThinkPad-X1-Carbon-Gen-11 kernel: ENERGY_PERF_BIAS: Set to 'normal', was 'performance'
Jun 09 21:42:30 yry-ThinkPad-X1-Carbon-Gen-11 kernel: microcode: Current revision: 0x00004121
Jun 09 21:42:30 yry-ThinkPad-X1-Carbon-Gen-11 kernel: microcode: Updated early from: 0x0000411c
Jun 09 21:42:30 yry-ThinkPad-X1-Carbon-Gen-11 kernel: IPI shorthand broadcast: enabled
Jun 09 21:42:30 yry-ThinkPad-X1-Carbon-Gen-11 kernel: sched_clock: Marking stable (1583001436, 30257431)->(1678041819, -64782952)
Jun 09 21:42:30 yry-ThinkPad-X1-Carbon-Gen-11 kernel: registered taskstats version 1
Jun 09 21:42:30 yry-ThinkPad-X1-Carbon-Gen-11 kernel: Loading compiled-in X.509 certificates
Jun 09 21:42:30 yry-ThinkPad-X1-Carbon-Gen-11 kernel: Loaded X.509 cert 'Build time autogenerated kernel key: 03e06390aec9ad5e857c861e6f9847fee1cbfc2d'
Jun 09 21:42:30 yry-ThinkPad-X1-Carbon-Gen-11 kernel: Loaded X.509 cert 'Canonical Ltd. Live Patch Signing: 14df34d1a87cf37625abec039ef2bf521249b969'
Jun 09 21:42:30 yry-ThinkPad-X1-Carbon-Gen-11 kernel: Loaded X.509 cert 'Canonical Ltd. Kernel Module Signing: 88f752e560a1e0737e31163a466ad7b70a850c19'
Jun 09 21:42:30 yry-ThinkPad-X1-Carbon-Gen-11 kernel: blacklist: Loading compiled-in revocation X.509 certificates
Jun 09 21:42:30 yry-ThinkPad-X1-Carbon-Gen-11 kernel: Loaded X.509 cert 'Canonical Ltd. Secure Boot Signing: 61482aa2830d0ab2ad5af10b7250da9033ddcef0'
Jun 09 21:42:30 yry-ThinkPad-X1-Carbon-Gen-11 kernel: Loaded X.509 cert 'Canonical Ltd. Secure Boot Signing (2017): 242ade75ac4a15e50d50c84b0d45ff3eae707a03'
Jun 09 21:42:30 yry-ThinkPad-X1-Carbon-Gen-11 kernel: Loaded X.509 cert 'Canonical Ltd. Secure Boot Signing (ESM 2018): 365188c1d374d6b07c3c8f240f8ef722433d6a8b'
Jun 09 21:42:30 yry-ThinkPad-X1-Carbon-Gen-11 kernel: Loaded X.509 cert 'Canonical Ltd. Secure Boot Signing (2019): c0746fd6c5da3ae827864651ad66ae47fe24b3e8'
Jun 09 21:42:30 yry-ThinkPad-X1-Carbon-Gen-11 kernel: Loaded X.509 cert 'Canonical Ltd. Secure Boot Signing (2021 v1): a8d54bbb3825cfb94fa13c9f8a594a195c107b8d'
Jun 09 21:42:30 yry-ThinkPad-X1-Carbon-Gen-11 kernel: Loaded X.509 cert 'Canonical Ltd. Secure Boot Signing (2021 v2): 4cf046892d6fd3c9a5b03f98d845f90851dc6a8c'
Jun 09 21:42:30 yry-ThinkPad-X1-Carbon-Gen-11 kernel: Loaded X.509 cert 'Canonical Ltd. Secure Boot Signing (2021 v3): 100437bb6de6e469b581e61cd66bce3ef4ed53af'
Jun 09 21:42:30 yry-ThinkPad-X1-Carbon-Gen-11 kernel: Loaded X.509 cert 'Canonical Ltd. Secure Boot Signing (Ubuntu Core 2019): c1d57b8f6b743f23ee41f4f7ee292f06eecadfb9'
Jun 09 21:42:30 yry-ThinkPad-X1-Carbon-Gen-11 kernel: Key type .fscrypt registered
Jun 09 21:42:30 yry-ThinkPad-X1-Carbon-Gen-11 kernel: Key type fscrypt-provisioning registered
Jun 09 21:42:30 yry-ThinkPad-X1-Carbon-Gen-11 kernel: Key type trusted registered
Jun 09 21:42:30 yry-ThinkPad-X1-Carbon-Gen-11 kernel: Key type encrypted registered
Jun 09 21:42:30 yry-ThinkPad-X1-Carbon-Gen-11 kernel: AppArmor: AppArmor sha256 policy hashing enabled
Jun 09 21:42:30 yry-ThinkPad-X1-Carbon-Gen-11 kernel: integrity: Loading X.509 certificate: UEFI:db
Jun 09 21:42:30 yry-ThinkPad-X1-Carbon-Gen-11 kernel: integrity: Loaded X.509 cert 'Lenovo Ltd.: ThinkPad Product CA 2012: 838b1f54c1550463f45f98700640f11069265949'
Jun 09 21:42:30 yry-ThinkPad-X1-Carbon-Gen-11 kernel: integrity: Loading X.509 certificate: UEFI:db
Jun 09 21:42:30 yry-ThinkPad-X1-Carbon-Gen-11 kernel: integrity: Loaded X.509 cert 'Lenovo UEFI CA 2014: 4b91a68732eaefdd2c8ffffc6b027ec3449e9c8f'
Jun 09 21:42:30 yry-ThinkPad-X1-Carbon-Gen-11 kernel: integrity: Loading X.509 certificate: UEFI:db
Jun 09 21:42:30 yry-ThinkPad-X1-Carbon-Gen-11 kernel: integrity: Loaded X.509 cert 'Microsoft Windows Production PCA 2011: a92902398e16c49778cd90f99e4f9ae17c55af53'
Jun 09 21:42:30 yry-ThinkPad-X1-Carbon-Gen-11 kernel: integrity: Revoking X.509 certificate: UEFI:dbx
Jun 09 21:42:30 yry-ThinkPad-X1-Carbon-Gen-11 kernel: blacklist: Revoked X.509 cert 'Canonical Ltd. Secure Boot Signing: 61482aa2830d0ab2ad5af10b7250da9033ddcef0'
Jun 09 21:42:30 yry-ThinkPad-X1-Carbon-Gen-11 kernel: integrity: Revoking X.509 certificate: UEFI:dbx
Jun 09 21:42:30 yry-ThinkPad-X1-Carbon-Gen-11 kernel: blacklist: Revoked X.509 cert 'Debian Secure Boot Signer: 00a7468def'
Jun 09 21:42:30 yry-ThinkPad-X1-Carbon-Gen-11 kernel: Loading compiled-in module X.509 certificates
Jun 09 21:42:30 yry-ThinkPad-X1-Carbon-Gen-11 kernel: Loaded X.509 cert 'Build time autogenerated kernel key: 03e06390aec9ad5e857c861e6f9847fee1cbfc2d'
Jun 09 21:42:30 yry-ThinkPad-X1-Carbon-Gen-11 kernel: ima: Allocated hash algorithm: sha256
Jun 09 21:42:30 yry-ThinkPad-X1-Carbon-Gen-11 kernel: ima: No architecture policies found
Jun 09 21:42:30 yry-ThinkPad-X1-Carbon-Gen-11 kernel: evm: Initialising EVM extended attributes:
Jun 09 21:42:30 yry-ThinkPad-X1-Carbon-Gen-11 kernel: evm: security.selinux
Jun 09 21:42:30 yry-ThinkPad-X1-Carbon-Gen-11 kernel: evm: security.SMACK64
Jun 09 21:42:30 yry-ThinkPad-X1-Carbon-Gen-11 kernel: evm: security.SMACK64EXEC
Jun 09 21:42:30 yry-ThinkPad-X1-Carbon-Gen-11 kernel: evm: security.SMACK64TRANSMUTE
Jun 09 21:42:30 yry-ThinkPad-X1-Carbon-Gen-11 kernel: evm: security.SMACK64MMAP
Jun 09 21:42:30 yry-ThinkPad-X1-Carbon-Gen-11 kernel: evm: security.apparmor
Jun 09 21:42:30 yry-ThinkPad-X1-Carbon-Gen-11 kernel: evm: security.ima
Jun 09 21:42:30 yry-ThinkPad-X1-Carbon-Gen-11 kernel: evm: security.capability
Jun 09 21:42:30 yry-ThinkPad-X1-Carbon-Gen-11 kernel: evm: HMAC attrs: 0x1
Jun 09 21:42:30 yry-ThinkPad-X1-Carbon-Gen-11 kernel: PM:   Magic number: 12:537:710
Jun 09 21:42:30 yry-ThinkPad-X1-Carbon-Gen-11 kernel: RAS: Correctable Errors collector initialized.
Jun 09 21:42:30 yry-ThinkPad-X1-Carbon-Gen-11 kernel: clk: Disabling unused clocks
Jun 09 21:42:30 yry-ThinkPad-X1-Carbon-Gen-11 kernel: Freeing unused decrypted memory: 2028K
Jun 09 21:42:30 yry-ThinkPad-X1-Carbon-Gen-11 kernel: Freeing unused kernel image (initmem) memory: 4976K
Jun 09 21:42:30 yry-ThinkPad-X1-Carbon-Gen-11 kernel: Write protecting the kernel read-only data: 36864k
Jun 09 21:42:30 yry-ThinkPad-X1-Carbon-Gen-11 kernel: Freeing unused kernel image (rodata/data gap) memory: 44K
Jun 09 21:42:30 yry-ThinkPad-X1-Carbon-Gen-11 kernel: x86/mm: Checked W+X mappings: passed, no W+X pages found.
Jun 09 21:42:30 yry-ThinkPad-X1-Carbon-Gen-11 kernel: Run /init as init process
Jun 09 21:42:30 yry-ThinkPad-X1-Carbon-Gen-11 kernel:   with arguments:
Jun 09 21:42:30 yry-ThinkPad-X1-Carbon-Gen-11 kernel:     /init
Jun 09 21:42:30 yry-ThinkPad-X1-Carbon-Gen-11 kernel:     splash
Jun 09 21:42:30 yry-ThinkPad-X1-Carbon-Gen-11 kernel:   with environment:
Jun 09 21:42:30 yry-ThinkPad-X1-Carbon-Gen-11 kernel:     HOME=/
Jun 09 21:42:30 yry-ThinkPad-X1-Carbon-Gen-11 kernel:     TERM=linux
Jun 09 21:42:30 yry-ThinkPad-X1-Carbon-Gen-11 kernel:     BOOT_IMAGE=/boot/vmlinuz-6.8.0-35-generic
Jun 09 21:42:30 yry-ThinkPad-X1-Carbon-Gen-11 kernel: hid: raw HID events driver (C) Jiri Kosina
Jun 09 21:42:30 yry-ThinkPad-X1-Carbon-Gen-11 kernel: ACPI: bus type thunderbolt registered
Jun 09 21:42:30 yry-ThinkPad-X1-Carbon-Gen-11 kernel: xhci_hcd 0000:00:0d.0: xHCI Host Controller
Jun 09 21:42:30 yry-ThinkPad-X1-Carbon-Gen-11 kernel: xhci_hcd 0000:00:0d.0: new USB bus registered, assigned bus number 1
Jun 09 21:42:30 yry-ThinkPad-X1-Carbon-Gen-11 kernel: xhci_hcd 0000:00:0d.0: hcc params 0x20007fc1 hci version 0x120 quirks 0x0000000200009810
Jun 09 21:42:30 yry-ThinkPad-X1-Carbon-Gen-11 kernel: xhci_hcd 0000:00:0d.0: xHCI Host Controller
Jun 09 21:42:30 yry-ThinkPad-X1-Carbon-Gen-11 kernel: xhci_hcd 0000:00:0d.0: new USB bus registered, assigned bus number 2
Jun 09 21:42:30 yry-ThinkPad-X1-Carbon-Gen-11 kernel: xhci_hcd 0000:00:0d.0: Host supports USB 3.2 Enhanced SuperSpeed
Jun 09 21:42:30 yry-ThinkPad-X1-Carbon-Gen-11 kernel: usb usb1: New USB device found, idVendor=1d6b, idProduct=0002, bcdDevice= 6.08
Jun 09 21:42:30 yry-ThinkPad-X1-Carbon-Gen-11 kernel: usb usb1: New USB device strings: Mfr=3, Product=2, SerialNumber=1
Jun 09 21:42:30 yry-ThinkPad-X1-Carbon-Gen-11 kernel: usb usb1: Product: xHCI Host Controller
Jun 09 21:42:30 yry-ThinkPad-X1-Carbon-Gen-11 kernel: usb usb1: Manufacturer: Linux 6.8.0-35-generic xhci-hcd
Jun 09 21:42:30 yry-ThinkPad-X1-Carbon-Gen-11 kernel: usb usb1: SerialNumber: 0000:00:0d.0
Jun 09 21:42:30 yry-ThinkPad-X1-Carbon-Gen-11 kernel: intel-lpss 0000:00:15.0: enabling device (0000 -> 0002)
Jun 09 21:42:30 yry-ThinkPad-X1-Carbon-Gen-11 kernel: idma64 idma64.0: Found Intel integrated DMA 64-bit
Jun 09 21:42:30 yry-ThinkPad-X1-Carbon-Gen-11 kernel: hub 1-0:1.0: USB hub found
Jun 09 21:42:30 yry-ThinkPad-X1-Carbon-Gen-11 kernel: hub 1-0:1.0: 1 port detected
Jun 09 21:42:30 yry-ThinkPad-X1-Carbon-Gen-11 kernel: nvme 0000:04:00.0: platform quirk: setting simple suspend
Jun 09 21:42:30 yry-ThinkPad-X1-Carbon-Gen-11 kernel: nvme nvme0: pci function 0000:04:00.0
Jun 09 21:42:30 yry-ThinkPad-X1-Carbon-Gen-11 kernel: usb usb2: New USB device found, idVendor=1d6b, idProduct=0003, bcdDevice= 6.08
Jun 09 21:42:30 yry-ThinkPad-X1-Carbon-Gen-11 kernel: usb usb2: New USB device strings: Mfr=3, Product=2, SerialNumber=1
Jun 09 21:42:30 yry-ThinkPad-X1-Carbon-Gen-11 kernel: usb usb2: Product: xHCI Host Controller
Jun 09 21:42:30 yry-ThinkPad-X1-Carbon-Gen-11 kernel: usb usb2: Manufacturer: Linux 6.8.0-35-generic xhci-hcd
Jun 09 21:42:30 yry-ThinkPad-X1-Carbon-Gen-11 kernel: usb usb2: SerialNumber: 0000:00:0d.0
Jun 09 21:42:30 yry-ThinkPad-X1-Carbon-Gen-11 kernel: hub 2-0:1.0: USB hub found
Jun 09 21:42:30 yry-ThinkPad-X1-Carbon-Gen-11 kernel: hub 2-0:1.0: 4 ports detected
Jun 09 21:42:30 yry-ThinkPad-X1-Carbon-Gen-11 kernel: nvme nvme0: 12/0/0 default/read/poll queues
Jun 09 21:42:30 yry-ThinkPad-X1-Carbon-Gen-11 kernel: xhci_hcd 0000:00:14.0: xHCI Host Controller
Jun 09 21:42:30 yry-ThinkPad-X1-Carbon-Gen-11 kernel: xhci_hcd 0000:00:14.0: new USB bus registered, assigned bus number 3
Jun 09 21:42:30 yry-ThinkPad-X1-Carbon-Gen-11 kernel:  nvme0n1: p1 p2 p3 p4 p5
Jun 09 21:42:30 yry-ThinkPad-X1-Carbon-Gen-11 kernel: xhci_hcd 0000:00:14.0: hcc params 0x20007fc1 hci version 0x120 quirks 0x0000100200009810
Jun 09 21:42:30 yry-ThinkPad-X1-Carbon-Gen-11 kernel: xhci_hcd 0000:00:14.0: xHCI Host Controller
Jun 09 21:42:30 yry-ThinkPad-X1-Carbon-Gen-11 kernel: xhci_hcd 0000:00:14.0: new USB bus registered, assigned bus number 4
Jun 09 21:42:30 yry-ThinkPad-X1-Carbon-Gen-11 kernel: xhci_hcd 0000:00:14.0: Host supports USB 3.1 Enhanced SuperSpeed
Jun 09 21:42:30 yry-ThinkPad-X1-Carbon-Gen-11 kernel: usb usb3: New USB device found, idVendor=1d6b, idProduct=0002, bcdDevice= 6.08
Jun 09 21:42:30 yry-ThinkPad-X1-Carbon-Gen-11 kernel: usb usb3: New USB device strings: Mfr=3, Product=2, SerialNumber=1
Jun 09 21:42:30 yry-ThinkPad-X1-Carbon-Gen-11 kernel: usb usb3: Product: xHCI Host Controller
Jun 09 21:42:30 yry-ThinkPad-X1-Carbon-Gen-11 kernel: usb usb3: Manufacturer: Linux 6.8.0-35-generic xhci-hcd
Jun 09 21:42:30 yry-ThinkPad-X1-Carbon-Gen-11 kernel: usb usb3: SerialNumber: 0000:00:14.0
Jun 09 21:42:30 yry-ThinkPad-X1-Carbon-Gen-11 kernel: hub 3-0:1.0: USB hub found
Jun 09 21:42:30 yry-ThinkPad-X1-Carbon-Gen-11 kernel: hub 3-0:1.0: 12 ports detected
Jun 09 21:42:30 yry-ThinkPad-X1-Carbon-Gen-11 kernel: usb usb4: New USB device found, idVendor=1d6b, idProduct=0003, bcdDevice= 6.08
Jun 09 21:42:30 yry-ThinkPad-X1-Carbon-Gen-11 kernel: usb usb4: New USB device strings: Mfr=3, Product=2, SerialNumber=1
Jun 09 21:42:30 yry-ThinkPad-X1-Carbon-Gen-11 kernel: usb usb4: Product: xHCI Host Controller
Jun 09 21:42:30 yry-ThinkPad-X1-Carbon-Gen-11 kernel: usb usb4: Manufacturer: Linux 6.8.0-35-generic xhci-hcd
Jun 09 21:42:30 yry-ThinkPad-X1-Carbon-Gen-11 kernel: usb usb4: SerialNumber: 0000:00:14.0
Jun 09 21:42:30 yry-ThinkPad-X1-Carbon-Gen-11 kernel: hub 4-0:1.0: USB hub found
Jun 09 21:42:30 yry-ThinkPad-X1-Carbon-Gen-11 kernel: hub 4-0:1.0: 4 ports detected
Jun 09 21:42:30 yry-ThinkPad-X1-Carbon-Gen-11 kernel: intel-lpss 0000:00:15.1: enabling device (0000 -> 0002)
Jun 09 21:42:30 yry-ThinkPad-X1-Carbon-Gen-11 kernel: idma64 idma64.1: Found Intel integrated DMA 64-bit
Jun 09 21:42:30 yry-ThinkPad-X1-Carbon-Gen-11 kernel: input: ELAN067B:00 04F3:31F8 Mouse as /devices/pci0000:00/0000:00:15.0/i2c_designware.0/i2c-0/i2c-ELAN067B:00/0018:04F3:31F8.0001/input/input6
Jun 09 21:42:30 yry-ThinkPad-X1-Carbon-Gen-11 kernel: input: ELAN067B:00 04F3:31F8 Touchpad as /devices/pci0000:00/0000:00:15.0/i2c_designware.0/i2c-0/i2c-ELAN067B:00/0018:04F3:31F8.0001/input/input8
Jun 09 21:42:30 yry-ThinkPad-X1-Carbon-Gen-11 kernel: hid-generic 0018:04F3:31F8.0001: input,hidraw0: I2C HID v1.00 Mouse [ELAN067B:00 04F3:31F8] on i2c-ELAN067B:00
Jun 09 21:42:30 yry-ThinkPad-X1-Carbon-Gen-11 kernel: input: ELAN901C:00 04F3:2C4E Touchscreen as /devices/pci0000:00/0000:00:15.1/i2c_designware.1/i2c-1/i2c-ELAN901C:00/0018:04F3:2C4E.0002/input/input9
Jun 09 21:42:30 yry-ThinkPad-X1-Carbon-Gen-11 kernel: input: ELAN901C:00 04F3:2C4E as /devices/pci0000:00/0000:00:15.1/i2c_designware.1/i2c-1/i2c-ELAN901C:00/0018:04F3:2C4E.0002/input/input10
Jun 09 21:42:30 yry-ThinkPad-X1-Carbon-Gen-11 kernel: input: ELAN901C:00 04F3:2C4E as /devices/pci0000:00/0000:00:15.1/i2c_designware.1/i2c-1/i2c-ELAN901C:00/0018:04F3:2C4E.0002/input/input11
Jun 09 21:42:30 yry-ThinkPad-X1-Carbon-Gen-11 kernel: hid-generic 0018:04F3:2C4E.0002: input,hidraw1: I2C HID v1.00 Device [ELAN901C:00 04F3:2C4E] on i2c-ELAN901C:00
Jun 09 21:42:30 yry-ThinkPad-X1-Carbon-Gen-11 kernel: input: ELAN067B:00 04F3:31F8 Mouse as /devices/pci0000:00/0000:00:15.0/i2c_designware.0/i2c-0/i2c-ELAN067B:00/0018:04F3:31F8.0001/input/input13
Jun 09 21:42:30 yry-ThinkPad-X1-Carbon-Gen-11 kernel: input: ELAN067B:00 04F3:31F8 Touchpad as /devices/pci0000:00/0000:00:15.0/i2c_designware.0/i2c-0/i2c-ELAN067B:00/0018:04F3:31F8.0001/input/input15
Jun 09 21:42:30 yry-ThinkPad-X1-Carbon-Gen-11 kernel: hid-multitouch 0018:04F3:31F8.0001: input,hidraw0: I2C HID v1.00 Mouse [ELAN067B:00 04F3:31F8] on i2c-ELAN067B:00
Jun 09 21:42:30 yry-ThinkPad-X1-Carbon-Gen-11 kernel: input: ELAN901C:00 04F3:2C4E as /devices/pci0000:00/0000:00:15.1/i2c_designware.1/i2c-1/i2c-ELAN901C:00/0018:04F3:2C4E.0002/input/input16
Jun 09 21:42:30 yry-ThinkPad-X1-Carbon-Gen-11 kernel: input: ELAN901C:00 04F3:2C4E UNKNOWN as /devices/pci0000:00/0000:00:15.1/i2c_designware.1/i2c-1/i2c-ELAN901C:00/0018:04F3:2C4E.0002/input/input17
