      1                                                        exe="/usr/bin/dbus-daemon" sauid=101 hostname=? addr=? terminal=?'
      1 Jun 09 20:30:25 yry-ThinkPad-X1-Carbon-Gen-11 kernel: 0000:00:16.3: ttyS4 at I/O 0x2060 (irq = 19, base_baud = 115200) is a 16550A
      1 Jun 09 20:30:25 yry-ThinkPad-X1-Carbon-Gen-11 kernel:   #1  #3
      1 Jun 09 20:30:25 yry-ThinkPad-X1-Carbon-Gen-11 kernel: ACPI: 16 ACPI AML tables successfully acquired and loaded
      1 Jun 09 20:30:25 yry-ThinkPad-X1-Carbon-Gen-11 kernel: ACPI: AC: AC Adapter [AC] (on-line)
      1 Jun 09 20:30:25 yry-ThinkPad-X1-Carbon-Gen-11 kernel: ACPI: Added _OSI(3.0 _SCP Extensions)
      1 Jun 09 20:30:25 yry-ThinkPad-X1-Carbon-Gen-11 kernel: ACPI: Added _OSI(Module Device)
      1 Jun 09 20:30:25 yry-ThinkPad-X1-Carbon-Gen-11 kernel: ACPI: Added _OSI(Processor Aggregator Device)
      1 Jun 09 20:30:25 yry-ThinkPad-X1-Carbon-Gen-11 kernel: ACPI: Added _OSI(Processor Device)
      1 Jun 09 20:30:25 yry-ThinkPad-X1-Carbon-Gen-11 kernel: ACPI: APIC 0x000000005B95E000 0001DC (v05 LENOVO TP-N3X   00001250 PTEC 00000002)
      1 Jun 09 20:30:25 yry-ThinkPad-X1-Carbon-Gen-11 kernel: ACPI: ASF! 0x000000005B976000 0000A0 (v32 LENOVO TP-N3X   00001250 PTEC 00000002)
      1 Jun 09 20:30:25 yry-ThinkPad-X1-Carbon-Gen-11 kernel: ACPI: BATB 0x000000005B8CD000 00004A (v02 LENOVO TP-N3X   00001250 PTEC 00000002)
      1 Jun 09 20:30:25 yry-ThinkPad-X1-Carbon-Gen-11 kernel: ACPI: battery: new extension: ThinkPad Battery Extension
      1 Jun 09 20:30:25 yry-ThinkPad-X1-Carbon-Gen-11 kernel: ACPI: battery: Slot [BAT0] (battery present)
      1 Jun 09 20:30:25 yry-ThinkPad-X1-Carbon-Gen-11 kernel: ACPI: BGRT 0x000000005B974000 000038 (v01 LENOVO TP-N3X   00001250 PTEC 00000002)
      1 Jun 09 20:30:25 yry-ThinkPad-X1-Carbon-Gen-11 kernel: ACPI: bus type drm_connector registered
      1 Jun 09 20:30:25 yry-ThinkPad-X1-Carbon-Gen-11 kernel: ACPI: bus type thunderbolt registered
      1 Jun 09 20:30:25 yry-ThinkPad-X1-Carbon-Gen-11 kernel: ACPI: bus type USB registered
      1 Jun 09 20:30:25 yry-ThinkPad-X1-Carbon-Gen-11 kernel: ACPI: button: Lid Switch [LID]
      1 Jun 09 20:30:25 yry-ThinkPad-X1-Carbon-Gen-11 kernel: ACPI: button: Power Button [PWRB]
      1 Jun 09 20:30:25 yry-ThinkPad-X1-Carbon-Gen-11 kernel: ACPI: button: Sleep Button [SLPB]
      1 Jun 09 20:30:25 yry-ThinkPad-X1-Carbon-Gen-11 kernel: ACPI: Core revision 20230628
      1 Jun 09 20:30:25 yry-ThinkPad-X1-Carbon-Gen-11 kernel: ACPI: DBG2 0x000000005B8E7000 000054 (v00 LENOVO TP-N3X   00001250 PTEC 00000002)
      1 Jun 09 20:30:25 yry-ThinkPad-X1-Carbon-Gen-11 kernel: ACPI: DBGP 0x000000005B8E8000 000034 (v01 LENOVO TP-N3X   00001250 PTEC 00000002)
      1 Jun 09 20:30:25 yry-ThinkPad-X1-Carbon-Gen-11 kernel: ACPI: Deleted _OSI(Windows 2012)
      1 Jun 09 20:30:25 yry-ThinkPad-X1-Carbon-Gen-11 kernel: ACPI: DMAR 0x0000000059ACB000 000088 (v01 LENOVO TP-N3X   00001250 PTEC 00000002)
      1 Jun 09 20:30:25 yry-ThinkPad-X1-Carbon-Gen-11 kernel: ACPI: DMI detected: Lenovo ThinkPad X1 Carbon
      1 Jun 09 20:30:25 yry-ThinkPad-X1-Carbon-Gen-11 kernel: ACPI: DSDT 0x000000005B90B000 05033B (v02 LENOVO ICL      00000002      01000013)
      8 Jun 09 20:30:25 yry-ThinkPad-X1-Carbon-Gen-11 kernel: ACPI: Dynamic OEM Table Load:
      1 Jun 09 20:30:25 yry-ThinkPad-X1-Carbon-Gen-11 kernel: ACPI: Early table checksum verification disabled
      1 Jun 09 20:30:25 yry-ThinkPad-X1-Carbon-Gen-11 kernel: ACPI: EC: Boot ECDT EC used to handle transactions
      1 Jun 09 20:30:25 yry-ThinkPad-X1-Carbon-Gen-11 kernel: ACPI: ECDT 0x000000005B95C000 000053 (v01 LENOVO TP-N3X   00001250 PTEC 00000002)
      2 Jun 09 20:30:25 yry-ThinkPad-X1-Carbon-Gen-11 kernel: ACPI: EC: EC_CMD/EC_SC=0x66, EC_DATA=0x62
      1 Jun 09 20:30:25 yry-ThinkPad-X1-Carbon-Gen-11 kernel: ACPI: EC: EC started
      1 Jun 09 20:30:25 yry-ThinkPad-X1-Carbon-Gen-11 kernel: ACPI: EC: event unblocked
      1 Jun 09 20:30:25 yry-ThinkPad-X1-Carbon-Gen-11 kernel: ACPI: EC: GPE=0x6e
      1 Jun 09 20:30:25 yry-ThinkPad-X1-Carbon-Gen-11 kernel: ACPI: EC: interrupt blocked
      1 Jun 09 20:30:25 yry-ThinkPad-X1-Carbon-Gen-11 kernel: ACPI: EC: interrupt unblocked
      1 Jun 09 20:30:25 yry-ThinkPad-X1-Carbon-Gen-11 kernel: ACPI: Enabled 9 GPEs in block 00 to 7F
      1 Jun 09 20:30:25 yry-ThinkPad-X1-Carbon-Gen-11 kernel: ACPI: FACP 0x000000005B960000 000114 (v06 LENOVO TP-N3X   00001250 PTEC 00000002)
      1 Jun 09 20:30:25 yry-ThinkPad-X1-Carbon-Gen-11 kernel: ACPI: FACS 0x0000000059194000 000040
      1 Jun 09 20:30:25 yry-ThinkPad-X1-Carbon-Gen-11 kernel: ACPI: [Firmware Bug]: BIOS _OSI(Linux) query ignored
      1 Jun 09 20:30:25 yry-ThinkPad-X1-Carbon-Gen-11 kernel: ACPI: FPDT 0x000000005B97D000 000034 (v01 LENOVO TP-N3X   00001250 PTEC 00000002)
      1 Jun 09 20:30:25 yry-ThinkPad-X1-Carbon-Gen-11 kernel: ACPI: HPET 0x000000005B95F000 000038 (v01 LENOVO TP-N3X   00001250 PTEC 00000002)
      1 Jun 09 20:30:25 yry-ThinkPad-X1-Carbon-Gen-11 kernel: ACPI: HPET id: 0x8086a201 base: 0xfed00000
      1 Jun 09 20:30:25 yry-ThinkPad-X1-Carbon-Gen-11 kernel: acpi INTC10A1:00: hash matches
      1 Jun 09 20:30:25 yry-ThinkPad-X1-Carbon-Gen-11 kernel: ACPI: Interpreter enabled
      1 Jun 09 20:30:25 yry-ThinkPad-X1-Carbon-Gen-11 kernel: ACPI: INT_SRC_OVR (bus 0 bus_irq 0 global_irq 2 dfl dfl)
      1 Jun 09 20:30:25 yry-ThinkPad-X1-Carbon-Gen-11 kernel: ACPI: INT_SRC_OVR (bus 0 bus_irq 9 global_irq 9 high level)
      1 Jun 09 20:30:25 yry-ThinkPad-X1-Carbon-Gen-11 kernel: ACPI: LAPIC_NMI (acpi_id[0x00] high edge lint[0x1])
      1 Jun 09 20:30:25 yry-ThinkPad-X1-Carbon-Gen-11 kernel: ACPI: LAPIC_NMI (acpi_id[0x01] high edge lint[0x1])
      1 Jun 09 20:30:25 yry-ThinkPad-X1-Carbon-Gen-11 kernel: ACPI: LAPIC_NMI (acpi_id[0x02] high edge lint[0x1])
      1 Jun 09 20:30:25 yry-ThinkPad-X1-Carbon-Gen-11 kernel: ACPI: LAPIC_NMI (acpi_id[0x03] high edge lint[0x1])
      1 Jun 09 20:30:25 yry-ThinkPad-X1-Carbon-Gen-11 kernel: ACPI: LAPIC_NMI (acpi_id[0x04] high edge lint[0x1])
      1 Jun 09 20:30:25 yry-ThinkPad-X1-Carbon-Gen-11 kernel: ACPI: LAPIC_NMI (acpi_id[0x05] high edge lint[0x1])
      1 Jun 09 20:30:25 yry-ThinkPad-X1-Carbon-Gen-11 kernel: ACPI: LAPIC_NMI (acpi_id[0x06] high edge lint[0x1])
      1 Jun 09 20:30:25 yry-ThinkPad-X1-Carbon-Gen-11 kernel: ACPI: LAPIC_NMI (acpi_id[0x07] high edge lint[0x1])
      1 Jun 09 20:30:25 yry-ThinkPad-X1-Carbon-Gen-11 kernel: ACPI: LAPIC_NMI (acpi_id[0x08] high edge lint[0x1])
      1 Jun 09 20:30:25 yry-ThinkPad-X1-Carbon-Gen-11 kernel: ACPI: LAPIC_NMI (acpi_id[0x09] high edge lint[0x1])
      1 Jun 09 20:30:25 yry-ThinkPad-X1-Carbon-Gen-11 kernel: ACPI: LAPIC_NMI (acpi_id[0x0a] high edge lint[0x1])
      1 Jun 09 20:30:25 yry-ThinkPad-X1-Carbon-Gen-11 kernel: ACPI: LAPIC_NMI (acpi_id[0x0b] high edge lint[0x1])
      1 Jun 09 20:30:25 yry-ThinkPad-X1-Carbon-Gen-11 kernel: ACPI: LAPIC_NMI (acpi_id[0x0c] high edge lint[0x1])
      1 Jun 09 20:30:25 yry-ThinkPad-X1-Carbon-Gen-11 kernel: ACPI: LAPIC_NMI (acpi_id[0x0d] high edge lint[0x1])
      1 Jun 09 20:30:25 yry-ThinkPad-X1-Carbon-Gen-11 kernel: ACPI: LAPIC_NMI (acpi_id[0x0e] high edge lint[0x1])
      1 Jun 09 20:30:25 yry-ThinkPad-X1-Carbon-Gen-11 kernel: ACPI: LAPIC_NMI (acpi_id[0x0f] high edge lint[0x1])
      1 Jun 09 20:30:25 yry-ThinkPad-X1-Carbon-Gen-11 kernel: ACPI: LAPIC_NMI (acpi_id[0x10] high edge lint[0x1])
      1 Jun 09 20:30:25 yry-ThinkPad-X1-Carbon-Gen-11 kernel: ACPI: LAPIC_NMI (acpi_id[0x11] high edge lint[0x1])
      1 Jun 09 20:30:25 yry-ThinkPad-X1-Carbon-Gen-11 kernel: ACPI: LAPIC_NMI (acpi_id[0x12] high edge lint[0x1])
      1 Jun 09 20:30:25 yry-ThinkPad-X1-Carbon-Gen-11 kernel: ACPI: LAPIC_NMI (acpi_id[0x13] high edge lint[0x1])
      1 Jun 09 20:30:25 yry-ThinkPad-X1-Carbon-Gen-11 kernel: ACPI: LAPIC_NMI (acpi_id[0x14] high edge lint[0x1])
      1 Jun 09 20:30:25 yry-ThinkPad-X1-Carbon-Gen-11 kernel: ACPI: LAPIC_NMI (acpi_id[0x15] high edge lint[0x1])
      1 Jun 09 20:30:25 yry-ThinkPad-X1-Carbon-Gen-11 kernel: ACPI: LAPIC_NMI (acpi_id[0x16] high edge lint[0x1])
      1 Jun 09 20:30:25 yry-ThinkPad-X1-Carbon-Gen-11 kernel: ACPI: LAPIC_NMI (acpi_id[0x17] high edge lint[0x1])
      1 Jun 09 20:30:25 yry-ThinkPad-X1-Carbon-Gen-11 kernel: ACPI: LPIT 0x000000005B8F4000 0000CC (v01 LENOVO TP-N3X   00001250 PTEC 00000002)
      1 Jun 09 20:30:25 yry-ThinkPad-X1-Carbon-Gen-11 kernel: ACPI: MCFG 0x000000005B95D000 00003C (v01 LENOVO TP-N3X   00001250 PTEC 00000002)
      1 Jun 09 20:30:25 yry-ThinkPad-X1-Carbon-Gen-11 kernel: ACPI: MSDM 0x000000005B8E5000 000055 (v03 LENOVO TP-N3X   00001250 PTEC 00000002)
      1 Jun 09 20:30:25 yry-ThinkPad-X1-Carbon-Gen-11 kernel: ACPI: NHLT 0x000000005B8E6000 000F7C (v00 LENOVO TP-N3X   00001250 PTEC 00000002)
      1 Jun 09 20:30:25 yry-ThinkPad-X1-Carbon-Gen-11 kernel: ACPI: _OSC evaluated successfully for all CPUs
      1 Jun 09 20:30:25 yry-ThinkPad-X1-Carbon-Gen-11 kernel: ACPI: PCI Root Bridge [PC00] (domain 0000 [bus 00-fe])
      1 Jun 09 20:30:25 yry-ThinkPad-X1-Carbon-Gen-11 kernel: ACPI: PHAT 0x000000005B973000 000918 (v01 LENOVO TP-N3X   00001250 PTEC 00000002)
      1 Jun 09 20:30:25 yry-ThinkPad-X1-Carbon-Gen-11 kernel: acpiphp: ACPI Hot Plug PCI Controller Driver version: 0.5
      1 Jun 09 20:30:25 yry-ThinkPad-X1-Carbon-Gen-11 kernel: ACPI: \PIN_: New power resource
      1 Jun 09 20:30:25 yry-ThinkPad-X1-Carbon-Gen-11 kernel: ACPI: \PINP: New power resource
      1 Jun 09 20:30:25 yry-ThinkPad-X1-Carbon-Gen-11 kernel: ACPI: PM: Registering ACPI NVS region [mem 0x5862f000-0x5922efff] (12582912 bytes)
      1 Jun 09 20:30:25 yry-ThinkPad-X1-Carbon-Gen-11 kernel: ACPI: PM: (supports S0 S4 S5)
      1 Jun 09 20:30:25 yry-ThinkPad-X1-Carbon-Gen-11 kernel: ACPI: PM-Timer IO Port: 0x1808
      1 Jun 09 20:30:25 yry-ThinkPad-X1-Carbon-Gen-11 kernel: acpi PNP0A08:00: _OSC: OS now controls [PCIeHotplug SHPCHotplug PME PCIeCapability LTR DPC]
      1 Jun 09 20:30:25 yry-ThinkPad-X1-Carbon-Gen-11 kernel: acpi PNP0A08:00: _OSC: OS supports [ExtendedConfig ASPM ClockPM Segments MSI EDR HPX-Type3]
      1 Jun 09 20:30:25 yry-ThinkPad-X1-Carbon-Gen-11 kernel: acpi PNP0A08:00: _OSC: platform does not support [AER]
      1 Jun 09 20:30:25 yry-ThinkPad-X1-Carbon-Gen-11 kernel: ACPI: Reserving APIC table memory at [mem 0x5b95e000-0x5b95e1db]
      1 Jun 09 20:30:25 yry-ThinkPad-X1-Carbon-Gen-11 kernel: ACPI: Reserving ASF! table memory at [mem 0x5b976000-0x5b97609f]
      1 Jun 09 20:30:25 yry-ThinkPad-X1-Carbon-Gen-11 kernel: ACPI: Reserving BATB table memory at [mem 0x5b8cd000-0x5b8cd049]
      1 Jun 09 20:30:25 yry-ThinkPad-X1-Carbon-Gen-11 kernel: ACPI: Reserving BGRT table memory at [mem 0x5b974000-0x5b974037]
      1 Jun 09 20:30:25 yry-ThinkPad-X1-Carbon-Gen-11 kernel: ACPI: Reserving DBG2 table memory at [mem 0x5b8e7000-0x5b8e7053]
      1 Jun 09 20:30:25 yry-ThinkPad-X1-Carbon-Gen-11 kernel: ACPI: Reserving DBGP table memory at [mem 0x5b8e8000-0x5b8e8033]
      1 Jun 09 20:30:25 yry-ThinkPad-X1-Carbon-Gen-11 kernel: ACPI: Reserving DMAR table memory at [mem 0x59acb000-0x59acb087]
      1 Jun 09 20:30:25 yry-ThinkPad-X1-Carbon-Gen-11 kernel: ACPI: Reserving DSDT table memory at [mem 0x5b90b000-0x5b95b33a]
      1 Jun 09 20:30:25 yry-ThinkPad-X1-Carbon-Gen-11 kernel: ACPI: Reserving ECDT table memory at [mem 0x5b95c000-0x5b95c052]
      1 Jun 09 20:30:25 yry-ThinkPad-X1-Carbon-Gen-11 kernel: ACPI: Reserving FACP table memory at [mem 0x5b960000-0x5b960113]
      1 Jun 09 20:30:25 yry-ThinkPad-X1-Carbon-Gen-11 kernel: ACPI: Reserving FACS table memory at [mem 0x59194000-0x5919403f]
      1 Jun 09 20:30:25 yry-ThinkPad-X1-Carbon-Gen-11 kernel: ACPI: Reserving FPDT table memory at [mem 0x5b97d000-0x5b97d033]
      1 Jun 09 20:30:25 yry-ThinkPad-X1-Carbon-Gen-11 kernel: ACPI: Reserving HPET table memory at [mem 0x5b95f000-0x5b95f037]
      1 Jun 09 20:30:25 yry-ThinkPad-X1-Carbon-Gen-11 kernel: ACPI: Reserving LPIT table memory at [mem 0x5b8f4000-0x5b8f40cb]
      1 Jun 09 20:30:25 yry-ThinkPad-X1-Carbon-Gen-11 kernel: ACPI: Reserving MCFG table memory at [mem 0x5b95d000-0x5b95d03b]
      1 Jun 09 20:30:25 yry-ThinkPad-X1-Carbon-Gen-11 kernel: ACPI: Reserving MSDM table memory at [mem 0x5b8e5000-0x5b8e5054]
      1 Jun 09 20:30:25 yry-ThinkPad-X1-Carbon-Gen-11 kernel: ACPI: Reserving NHLT table memory at [mem 0x5b8e6000-0x5b8e6f7b]
      1 Jun 09 20:30:25 yry-ThinkPad-X1-Carbon-Gen-11 kernel: ACPI: Reserving PHAT table memory at [mem 0x5b973000-0x5b973917]
      1 Jun 09 20:30:25 yry-ThinkPad-X1-Carbon-Gen-11 kernel: ACPI: Reserving SDEV table memory at [mem 0x59aca000-0x59aca0bb]
      1 Jun 09 20:30:25 yry-ThinkPad-X1-Carbon-Gen-11 kernel: ACPI: Reserving SSDT table memory at [mem 0x5b8cf000-0x5b8cfe43]
      1 Jun 09 20:30:25 yry-ThinkPad-X1-Carbon-Gen-11 kernel: ACPI: Reserving SSDT table memory at [mem 0x5b8e9000-0x5b8f22f3]
      1 Jun 09 20:30:25 yry-ThinkPad-X1-Carbon-Gen-11 kernel: ACPI: Reserving SSDT table memory at [mem 0x5b8f5000-0x5b8fd9df]
      1 Jun 09 20:30:25 yry-ThinkPad-X1-Carbon-Gen-11 kernel: ACPI: Reserving SSDT table memory at [mem 0x5b8fe000-0x5b9015eb]
      1 Jun 09 20:30:25 yry-ThinkPad-X1-Carbon-Gen-11 kernel: ACPI: Reserving SSDT table memory at [mem 0x5b902000-0x5b904b25]
      1 Jun 09 20:30:25 yry-ThinkPad-X1-Carbon-Gen-11 kernel: ACPI: Reserving SSDT table memory at [mem 0x5b905000-0x5b90627a]
      1 Jun 09 20:30:25 yry-ThinkPad-X1-Carbon-Gen-11 kernel: ACPI: Reserving SSDT table memory at [mem 0x5b907000-0x5b9070f1]
      1 Jun 09 20:30:25 yry-ThinkPad-X1-Carbon-Gen-11 kernel: ACPI: Reserving SSDT table memory at [mem 0x5b908000-0x5b90ae1f]
      1 Jun 09 20:30:25 yry-ThinkPad-X1-Carbon-Gen-11 kernel: ACPI: Reserving SSDT table memory at [mem 0x5b962000-0x5b96260d]
      1 Jun 09 20:30:25 yry-ThinkPad-X1-Carbon-Gen-11 kernel: ACPI: Reserving SSDT table memory at [mem 0x5b977000-0x5b97a9d9]
      1 Jun 09 20:30:25 yry-ThinkPad-X1-Carbon-Gen-11 kernel: ACPI: Reserving SSDT table memory at [mem 0x5b97b000-0x5b97c189]
      1 Jun 09 20:30:25 yry-ThinkPad-X1-Carbon-Gen-11 kernel: ACPI: Reserving SSDT table memory at [mem 0x5b991000-0x5b9953d7]
      1 Jun 09 20:30:25 yry-ThinkPad-X1-Carbon-Gen-11 kernel: ACPI: Reserving SSDT table memory at [mem 0x5ba01000-0x5ba0159a]
      1 Jun 09 20:30:25 yry-ThinkPad-X1-Carbon-Gen-11 kernel: ACPI: Reserving SSDT table memory at [mem 0x5ba02000-0x5ba07d33]
      1 Jun 09 20:30:25 yry-ThinkPad-X1-Carbon-Gen-11 kernel: ACPI: Reserving SSDT table memory at [mem 0x5ba1b000-0x5ba1b38b]
      1 Jun 09 20:30:25 yry-ThinkPad-X1-Carbon-Gen-11 kernel: ACPI: Reserving TPM2 table memory at [mem 0x5b961000-0x5b96104b]
      1 Jun 09 20:30:25 yry-ThinkPad-X1-Carbon-Gen-11 kernel: ACPI: Reserving UEFI table memory at [mem 0x5918b000-0x5918b075]
      1 Jun 09 20:30:25 yry-ThinkPad-X1-Carbon-Gen-11 kernel: ACPI: Reserving WSMT table memory at [mem 0x5b8f3000-0x5b8f3027]
      1 Jun 09 20:30:25 yry-ThinkPad-X1-Carbon-Gen-11 kernel: ACPI: RSDP 0x00000000592FE014 000024 (v02 LENOVO)
      1 Jun 09 20:30:25 yry-ThinkPad-X1-Carbon-Gen-11 kernel: ACPI: \_SB_.PC00.CNVW.WRST: New power resource
      1 Jun 09 20:30:25 yry-ThinkPad-X1-Carbon-Gen-11 kernel: ACPI: \_SB_.PC00.D3C_: New power resource
      1 Jun 09 20:30:25 yry-ThinkPad-X1-Carbon-Gen-11 kernel: ACPI: \_SB_.PC00.LPCB.EC__: Boot ECDT EC initialization complete
      1 Jun 09 20:30:25 yry-ThinkPad-X1-Carbon-Gen-11 kernel: ACPI: \_SB_.PC00.LPCB.EC__: EC: Used to handle transactions and events
      1 Jun 09 20:30:25 yry-ThinkPad-X1-Carbon-Gen-11 kernel: ACPI: \_SB_.PC00.LPCB.EC__.PUBS: New power resource
      1 Jun 09 20:30:25 yry-ThinkPad-X1-Carbon-Gen-11 kernel: ACPI: \_SB_.PC00.PEG0.PXP_: New power resource
      1 Jun 09 20:30:25 yry-ThinkPad-X1-Carbon-Gen-11 kernel: ACPI: \_SB_.PC00.RP01.PXP_: New power resource
      1 Jun 09 20:30:25 yry-ThinkPad-X1-Carbon-Gen-11 kernel: ACPI: \_SB_.PC00.RP01.PXSX.DRST: New power resource
      1 Jun 09 20:30:25 yry-ThinkPad-X1-Carbon-Gen-11 kernel: ACPI: \_SB_.PC00.RP01.PXSX.MRST: New power resource
      1 Jun 09 20:30:25 yry-ThinkPad-X1-Carbon-Gen-11 kernel: ACPI: \_SB_.PC00.RP08.PXP_: New power resource
      1 Jun 09 20:30:25 yry-ThinkPad-X1-Carbon-Gen-11 kernel: ACPI: \_SB_.PC00.TBT0: New power resource
      1 Jun 09 20:30:25 yry-ThinkPad-X1-Carbon-Gen-11 kernel: ACPI: \_SB_.PC00.TBT1: New power resource
      1 Jun 09 20:30:25 yry-ThinkPad-X1-Carbon-Gen-11 kernel: ACPI: \_SB_.PC00.XHCI.RHUB.HS04.WWPR: New power resource
      1 Jun 09 20:30:25 yry-ThinkPad-X1-Carbon-Gen-11 kernel: ACPI: \_SB_.PC00.XHCI.RHUB.HS10.BTRT: New power resource
      1 Jun 09 20:30:25 yry-ThinkPad-X1-Carbon-Gen-11 kernel: ACPI: \_SB_.PR00: Found 3 idle states
      1 Jun 09 20:30:25 yry-ThinkPad-X1-Carbon-Gen-11 kernel: ACPI: SDEV 0x0000000059ACA000 0000BC (v01 LENOVO TP-N3X   00001250 PTEC 00000002)
      1 Jun 09 20:30:25 yry-ThinkPad-X1-Carbon-Gen-11 kernel: ACPI: SSDT 0x000000005B8CF000 000E44 (v02 LENOVO UsbCTabl 00001000 INTL 20200717)
      1 Jun 09 20:30:25 yry-ThinkPad-X1-Carbon-Gen-11 kernel: ACPI: SSDT 0x000000005B8E9000 0092F4 (v02 LENOVO TbtTypeC 00000000 INTL 20200717)
      1 Jun 09 20:30:25 yry-ThinkPad-X1-Carbon-Gen-11 kernel: ACPI: SSDT 0x000000005B8F5000 0089E0 (v02 LENOVO TcssSsdt 00001000 INTL 20200717)
      1 Jun 09 20:30:25 yry-ThinkPad-X1-Carbon-Gen-11 kernel: ACPI: SSDT 0x000000005B8FE000 0035EC (v02 LENOVO IgfxSsdt 00003000 INTL 20200717)
      1 Jun 09 20:30:25 yry-ThinkPad-X1-Carbon-Gen-11 kernel: ACPI: SSDT 0x000000005B902000 002B26 (v02 LENOVO SaSsdt   00003000 INTL 20200717)
      1 Jun 09 20:30:25 yry-ThinkPad-X1-Carbon-Gen-11 kernel: ACPI: SSDT 0x000000005B905000 00127B (v02 LENOVO ProjSsdt 00000010 INTL 20200717)
      1 Jun 09 20:30:25 yry-ThinkPad-X1-Carbon-Gen-11 kernel: ACPI: SSDT 0x000000005B907000 0000F2 (v02 LENOVO PID1Ssdt 00000010 INTL 20200717)
      1 Jun 09 20:30:25 yry-ThinkPad-X1-Carbon-Gen-11 kernel: ACPI: SSDT 0x000000005B908000 002E20 (v02 LENOVO AdlP_Rvp 00001000 INTL 20200717)
      1 Jun 09 20:30:25 yry-ThinkPad-X1-Carbon-Gen-11 kernel: ACPI: SSDT 0x000000005B962000 00060E (v02 LENOVO Tpm2Tabl 00001000 INTL 20200717)
      1 Jun 09 20:30:25 yry-ThinkPad-X1-Carbon-Gen-11 kernel: ACPI: SSDT 0x000000005B977000 0039DA (v02 LENOVO SocCmn   00003000 INTL 20200717)
      1 Jun 09 20:30:25 yry-ThinkPad-X1-Carbon-Gen-11 kernel: ACPI: SSDT 0x000000005B97B000 00118A (v02 LENOVO SocGpe   00003000 INTL 20200717)
      1 Jun 09 20:30:25 yry-ThinkPad-X1-Carbon-Gen-11 kernel: ACPI: SSDT 0x000000005B991000 0043D8 (v02 LENOVO DptfTabl 00001000 INTL 20200717)
      1 Jun 09 20:30:25 yry-ThinkPad-X1-Carbon-Gen-11 kernel: ACPI: SSDT 0x000000005BA01000 00059B (v02 LENOVO CtdpB    00001000 INTL 20200717)
      1 Jun 09 20:30:25 yry-ThinkPad-X1-Carbon-Gen-11 kernel: ACPI: SSDT 0x000000005BA02000 005D34 (v02 LENOVO CpuSsdt  00003000 INTL 20200717)
      1 Jun 09 20:30:25 yry-ThinkPad-X1-Carbon-Gen-11 kernel: ACPI: SSDT 0x000000005BA1B000 00038C (v02 LENOVO Pmax_Dev 00000001 INTL 20200717)
      1 Jun 09 20:30:25 yry-ThinkPad-X1-Carbon-Gen-11 kernel: ACPI: SSDT 0xFFFF8944424ACE00 0001AB (v02 PmRef  Cpu0Psd  00003000 INTL 20200717)
      1 Jun 09 20:30:25 yry-ThinkPad-X1-Carbon-Gen-11 kernel: ACPI: SSDT 0xFFFF8944425FFC00 000394 (v02 PmRef  Cpu0Cst  00003001 INTL 20200717)
      1 Jun 09 20:30:25 yry-ThinkPad-X1-Carbon-Gen-11 kernel: ACPI: SSDT 0xFFFF894442600800 0004B5 (v02 PmRef  Cpu0Hwp  00003000 INTL 20200717)
      1 Jun 09 20:30:25 yry-ThinkPad-X1-Carbon-Gen-11 kernel: ACPI: SSDT 0xFFFF894442607800 000626 (v02 PmRef  Cpu0Ist  00003000 INTL 20200717)
      1 Jun 09 20:30:25 yry-ThinkPad-X1-Carbon-Gen-11 kernel: ACPI: SSDT 0xFFFF894442608000 001349 (v02 PmRef  ApPsd    00003000 INTL 20200717)
      1 Jun 09 20:30:25 yry-ThinkPad-X1-Carbon-Gen-11 kernel: ACPI: SSDT 0xFFFF89444260A000 001038 (v02 PmRef  ApHwp    00003000 INTL 20200717)
      1 Jun 09 20:30:25 yry-ThinkPad-X1-Carbon-Gen-11 kernel: ACPI: SSDT 0xFFFF89444260C000 001BAF (v02 PmRef  ApIst    00003000 INTL 20200717)
      1 Jun 09 20:30:25 yry-ThinkPad-X1-Carbon-Gen-11 kernel: ACPI: SSDT 0xFFFF894442611000 000FBB (v02 PmRef  ApCst    00003000 INTL 20200717)
      1 Jun 09 20:30:25 yry-ThinkPad-X1-Carbon-Gen-11 kernel: ACPI: thermal: Thermal Zone [THM0] (53 C)
      1 Jun 09 20:30:25 yry-ThinkPad-X1-Carbon-Gen-11 kernel: ACPI: TPM2 0x000000005B961000 00004C (v04 LENOVO TP-N3X   00001250 PTEC 00000002)
      1 Jun 09 20:30:25 yry-ThinkPad-X1-Carbon-Gen-11 kernel: ACPI: UEFI 0x000000005918B000 000076 (v01 LENOVO TP-N3X   00001250 PTEC 00000002)
      1 Jun 09 20:30:25 yry-ThinkPad-X1-Carbon-Gen-11 kernel: ACPI: USB4 _OSC: OS controls USB3+ DisplayPort+ PCIe+ XDomain+
      1 Jun 09 20:30:25 yry-ThinkPad-X1-Carbon-Gen-11 kernel: ACPI: USB4 _OSC: OS supports USB3+ DisplayPort+ PCIe+ XDomain+
      1 Jun 09 20:30:25 yry-ThinkPad-X1-Carbon-Gen-11 kernel: ACPI: Using ACPI (MADT) for SMP configuration information
      1 Jun 09 20:30:25 yry-ThinkPad-X1-Carbon-Gen-11 kernel: ACPI: Using IOAPIC for interrupt routing
      1 Jun 09 20:30:25 yry-ThinkPad-X1-Carbon-Gen-11 kernel: ACPI: WSMT 0x000000005B8F3000 000028 (v01 LENOVO TP-N3X   00001250 PTEC 00000002)
      1 Jun 09 20:30:25 yry-ThinkPad-X1-Carbon-Gen-11 kernel: ACPI: XSDT 0x00000000592FC188 00013C (v01 LENOVO TP-N3X   00001250 PTEC 00000002)
      1 Jun 09 20:30:25 yry-ThinkPad-X1-Carbon-Gen-11 kernel: Adding 8388604k swap on /swap.img.  Priority:-2 extents:51 across:143917056k SS
      1 Jun 09 20:30:25 yry-ThinkPad-X1-Carbon-Gen-11 kernel:   AMD AuthenticAMD
      1 Jun 09 20:30:25 yry-ThinkPad-X1-Carbon-Gen-11 kernel: APIC: Static calls initialized
      1 Jun 09 20:30:25 yry-ThinkPad-X1-Carbon-Gen-11 kernel: APIC: Switched APIC routing to: cluster x2apic
      1 Jun 09 20:30:25 yry-ThinkPad-X1-Carbon-Gen-11 kernel: APIC: Switch to symmetric I/O mode setup
      1 Jun 09 20:30:25 yry-ThinkPad-X1-Carbon-Gen-11 kernel: AppArmor: AppArmor Filesystem Enabled
      1 Jun 09 20:30:25 yry-ThinkPad-X1-Carbon-Gen-11 kernel: AppArmor: AppArmor initialized
      1 Jun 09 20:30:25 yry-ThinkPad-X1-Carbon-Gen-11 kernel: AppArmor: AppArmor sha256 policy hashing enabled
      1 Jun 09 20:30:25 yry-ThinkPad-X1-Carbon-Gen-11 kernel: Asymmetric key parser 'x509' registered
      1 Jun 09 20:30:25 yry-ThinkPad-X1-Carbon-Gen-11 kernel: audit: initializing netlink subsys (disabled)
      1 Jun 09 20:30:25 yry-ThinkPad-X1-Carbon-Gen-11 kernel: audit: type=2000 audit(1717979421.024:1): state=initialized audit_enabled=0 res=1
      1 Jun 09 20:30:25 yry-ThinkPad-X1-Carbon-Gen-11 kernel: AVX2 version of gcm_enc/dec engaged.
      1 Jun 09 20:30:25 yry-ThinkPad-X1-Carbon-Gen-11 kernel: BIOS-e820: [mem 0x0000000000000000-0x000000000009efff] usable
      1 Jun 09 20:30:25 yry-ThinkPad-X1-Carbon-Gen-11 kernel: BIOS-e820: [mem 0x000000000009f000-0x00000000000fffff] reserved
      1 Jun 09 20:30:25 yry-ThinkPad-X1-Carbon-Gen-11 kernel: BIOS-e820: [mem 0x0000000000100000-0x000000005862efff] usable
      1 Jun 09 20:30:25 yry-ThinkPad-X1-Carbon-Gen-11 kernel: BIOS-e820: [mem 0x000000005862f000-0x000000005922efff] ACPI NVS
      1 Jun 09 20:30:25 yry-ThinkPad-X1-Carbon-Gen-11 kernel: BIOS-e820: [mem 0x000000005922f000-0x00000000592fefff] ACPI data
      1 Jun 09 20:30:25 yry-ThinkPad-X1-Carbon-Gen-11 kernel: BIOS-e820: [mem 0x00000000592ff000-0x000000005bcfefff] reserved
      1 Jun 09 20:30:25 yry-ThinkPad-X1-Carbon-Gen-11 kernel: BIOS-e820: [mem 0x000000005bcff000-0x000000008dcfefff] usable
      1 Jun 09 20:30:25 yry-ThinkPad-X1-Carbon-Gen-11 kernel: BIOS-e820: [mem 0x000000008dcff000-0x00000000917fefff] reserved
      1 Jun 09 20:30:25 yry-ThinkPad-X1-Carbon-Gen-11 kernel: BIOS-e820: [mem 0x00000000917ff000-0x00000000917fffff] usable
      1 Jun 09 20:30:25 yry-ThinkPad-X1-Carbon-Gen-11 kernel: BIOS-e820: [mem 0x0000000091800000-0x0000000095ffffff] reserved
      1 Jun 09 20:30:25 yry-ThinkPad-X1-Carbon-Gen-11 kernel: BIOS-e820: [mem 0x0000000097400000-0x00000000977fffff] reserved
      1 Jun 09 20:30:25 yry-ThinkPad-X1-Carbon-Gen-11 kernel: BIOS-e820: [mem 0x0000000098200000-0x00000000a07fffff] reserved
      1 Jun 09 20:30:25 yry-ThinkPad-X1-Carbon-Gen-11 kernel: BIOS-e820: [mem 0x00000000c0000000-0x00000000cfffffff] reserved
      1 Jun 09 20:30:25 yry-ThinkPad-X1-Carbon-Gen-11 kernel: BIOS-e820: [mem 0x00000000fed20000-0x00000000fed7ffff] reserved
      1 Jun 09 20:30:25 yry-ThinkPad-X1-Carbon-Gen-11 kernel: BIOS-e820: [mem 0x0000000100000000-0x000000085f7fffff] usable
      1 Jun 09 20:30:25 yry-ThinkPad-X1-Carbon-Gen-11 kernel: BIOS-provided physical RAM map:
      2 Jun 09 20:30:25 yry-ThinkPad-X1-Carbon-Gen-11 kernel: ... bit width:              48
      1 Jun 09 20:30:25 yry-ThinkPad-X1-Carbon-Gen-11 kernel: blacklist: Loading compiled-in revocation X.509 certificates
      1 Jun 09 20:30:25 yry-ThinkPad-X1-Carbon-Gen-11 kernel: blacklist: Revoked X.509 cert 'Canonical Ltd. Secure Boot Signing: 61482aa2830d0ab2ad5af10b7250da9033ddcef0'
      1 Jun 09 20:30:25 yry-ThinkPad-X1-Carbon-Gen-11 kernel: blacklist: Revoked X.509 cert 'Debian Secure Boot Signer: 00a7468def'
      1 Jun 09 20:30:25 yry-ThinkPad-X1-Carbon-Gen-11 kernel: Block layer SCSI generic (bsg) driver version 0.4 loaded (major 243)
      1 Jun 09 20:30:25 yry-ThinkPad-X1-Carbon-Gen-11 kernel: Bluetooth: Core ver 2.22
      1 Jun 09 20:30:25 yry-ThinkPad-X1-Carbon-Gen-11 kernel: Bluetooth: HCI device and connection manager initialized
      1 Jun 09 20:30:25 yry-ThinkPad-X1-Carbon-Gen-11 kernel: Bluetooth: HCI socket layer initialized
      1 Jun 09 20:30:25 yry-ThinkPad-X1-Carbon-Gen-11 kernel: Bluetooth: L2CAP socket layer initialized
      1 Jun 09 20:30:25 yry-ThinkPad-X1-Carbon-Gen-11 kernel: Bluetooth: SCO socket layer initialized
      1 Jun 09 20:30:25 yry-ThinkPad-X1-Carbon-Gen-11 kernel:     BOOT_IMAGE=/boot/vmlinuz-6.8.0-35-generic
      1 Jun 09 20:30:25 yry-ThinkPad-X1-Carbon-Gen-11 kernel: Booting paravirtualized kernel on bare hardware
      1 Jun 09 20:30:25 yry-ThinkPad-X1-Carbon-Gen-11 kernel: Built 1 zonelists, mobility grouping on.  Total pages: 8168119
      1 Jun 09 20:30:25 yry-ThinkPad-X1-Carbon-Gen-11 kernel: Calibrating delay loop (skipped), value calculated using timer frequency.. 5376.00 BogoMIPS (lpj=2688000)
      1 Jun 09 20:30:25 yry-ThinkPad-X1-Carbon-Gen-11 kernel: caller igen6_probe+0x1c9/0x610 [igen6_edac] mapping multiple BARs
      1 Jun 09 20:30:25 yry-ThinkPad-X1-Carbon-Gen-11 kernel:   Centaur CentaurHauls
      1 Jun 09 20:30:25 yry-ThinkPad-X1-Carbon-Gen-11 kernel: cfg80211: Loading compiled-in X.509 certificates for regulatory database
      1 Jun 09 20:30:25 yry-ThinkPad-X1-Carbon-Gen-11 kernel: clk: Disabling unused clocks
      1 Jun 09 20:30:25 yry-ThinkPad-X1-Carbon-Gen-11 kernel: clocksource: acpi_pm: mask: 0xffffff max_cycles: 0xffffff, max_idle_ns: 2085701024 ns
      1 Jun 09 20:30:25 yry-ThinkPad-X1-Carbon-Gen-11 kernel: clocksource: jiffies: mask: 0xffffffff max_cycles: 0xffffffff, max_idle_ns: 1911260446275000 ns
      1 Jun 09 20:30:25 yry-ThinkPad-X1-Carbon-Gen-11 kernel: clocksource: refined-jiffies: mask: 0xffffffff max_cycles: 0xffffffff, max_idle_ns: 1910969940391419 ns
      1 Jun 09 20:30:25 yry-ThinkPad-X1-Carbon-Gen-11 kernel: clocksource: Switched to clocksource tsc
      1 Jun 09 20:30:25 yry-ThinkPad-X1-Carbon-Gen-11 kernel: clocksource: Switched to clocksource tsc-early
      1 Jun 09 20:30:25 yry-ThinkPad-X1-Carbon-Gen-11 kernel: clocksource: tsc-early: mask: 0xffffffffffffffff max_cycles: 0x26bef67878b, max_idle_ns: 440795293631 ns
      1 Jun 09 20:30:25 yry-ThinkPad-X1-Carbon-Gen-11 kernel: clocksource: tsc: mask: 0xffffffffffffffff max_cycles: 0x26bef67878b, max_idle_ns: 440795293631 ns
      1 Jun 09 20:30:25 yry-ThinkPad-X1-Carbon-Gen-11 kernel: Command line: BOOT_IMAGE=/boot/vmlinuz-6.8.0-35-generic root=UUID=904598e8-ccbe-4f35-a892-50d90c109100 ro quiet splash vt.handoff=7
      1 Jun 09 20:30:25 yry-ThinkPad-X1-Carbon-Gen-11 kernel: Consider using thermal netlink events interface
      1 Jun 09 20:30:25 yry-ThinkPad-X1-Carbon-Gen-11 kernel: Console: colour dummy device 80x25
      1 Jun 09 20:30:25 yry-ThinkPad-X1-Carbon-Gen-11 kernel: core: cpu_atom PMU driver: PEBS-via-PT 
      1 Jun 09 20:30:25 yry-ThinkPad-X1-Carbon-Gen-11 kernel: core: cpu_core PMU driver: 
      1 Jun 09 20:30:25 yry-ThinkPad-X1-Carbon-Gen-11 kernel: CPU0: Thermal monitoring enabled (TM1)
      1 Jun 09 20:30:25 yry-ThinkPad-X1-Carbon-Gen-11 kernel: cpuidle: using governor ladder
      1 Jun 09 20:30:25 yry-ThinkPad-X1-Carbon-Gen-11 kernel: cpuidle: using governor menu
      1 Jun 09 20:30:25 yry-ThinkPad-X1-Carbon-Gen-11 kernel: cryptd: max_cpu_qlen set to 1000
      1 Jun 09 20:30:25 yry-ThinkPad-X1-Carbon-Gen-11 kernel: Dentry cache hash table entries: 4194304 (order: 13, 33554432 bytes, linear)
      1 Jun 09 20:30:25 yry-ThinkPad-X1-Carbon-Gen-11 kernel:   Device   empty
      1 Jun 09 20:30:25 yry-ThinkPad-X1-Carbon-Gen-11 kernel: device-mapper: core: CONFIG_IMA_DISABLE_HTABLE is disabled. Duplicate IMA measurements will not be recorded in the IMA log.
      1 Jun 09 20:30:25 yry-ThinkPad-X1-Carbon-Gen-11 kernel: device-mapper: ioctl: 4.48.0-ioctl (2023-03-01) initialised: dm-devel@redhat.com
      1 Jun 09 20:30:25 yry-ThinkPad-X1-Carbon-Gen-11 kernel: device-mapper: uevent: version 1.0.3
      1 Jun 09 20:30:25 yry-ThinkPad-X1-Carbon-Gen-11 kernel: devtmpfs: initialized
      1 Jun 09 20:30:25 yry-ThinkPad-X1-Carbon-Gen-11 kernel:   DMA32    [mem 0x0000000001000000-0x00000000ffffffff]
      1 Jun 09 20:30:25 yry-ThinkPad-X1-Carbon-Gen-11 kernel:   DMA      [mem 0x0000000000001000-0x0000000000ffffff]
      1 Jun 09 20:30:25 yry-ThinkPad-X1-Carbon-Gen-11 kernel: DMA: preallocated 4096 KiB GFP_KERNEL|GFP_DMA32 pool for atomic allocations
      1 Jun 09 20:30:25 yry-ThinkPad-X1-Carbon-Gen-11 kernel: DMA: preallocated 4096 KiB GFP_KERNEL|GFP_DMA pool for atomic allocations
      1 Jun 09 20:30:25 yry-ThinkPad-X1-Carbon-Gen-11 kernel: DMA: preallocated 4096 KiB GFP_KERNEL pool for atomic allocations
      1 Jun 09 20:30:25 yry-ThinkPad-X1-Carbon-Gen-11 kernel: DMAR: dmar0: reg_base_addr fed90000 ver 4:0 cap 1c0000c40660462 ecap 29a00f0505e
      1 Jun 09 20:30:25 yry-ThinkPad-X1-Carbon-Gen-11 kernel: DMAR: dmar0: Using Queued invalidation
      1 Jun 09 20:30:25 yry-ThinkPad-X1-Carbon-Gen-11 kernel: DMAR: dmar1: reg_base_addr fed91000 ver 5:0 cap d2008c40660462 ecap f050da
      1 Jun 09 20:30:25 yry-ThinkPad-X1-Carbon-Gen-11 kernel: DMAR: dmar1: Using Queued invalidation
      1 Jun 09 20:30:25 yry-ThinkPad-X1-Carbon-Gen-11 kernel: DMAR: DRHD base: 0x000000fed90000 flags: 0x0
      1 Jun 09 20:30:25 yry-ThinkPad-X1-Carbon-Gen-11 kernel: DMAR: DRHD base: 0x000000fed91000 flags: 0x1
      1 Jun 09 20:30:25 yry-ThinkPad-X1-Carbon-Gen-11 kernel: DMAR: Host address width 39
      1 Jun 09 20:30:25 yry-ThinkPad-X1-Carbon-Gen-11 kernel: DMAR: Intel(R) Virtualization Technology for Directed I/O
      1 Jun 09 20:30:25 yry-ThinkPad-X1-Carbon-Gen-11 kernel: DMAR: IOMMU feature dev_iotlb_support inconsistent
      1 Jun 09 20:30:25 yry-ThinkPad-X1-Carbon-Gen-11 kernel: DMAR: IOMMU feature dit inconsistent
      1 Jun 09 20:30:25 yry-ThinkPad-X1-Carbon-Gen-11 kernel: DMAR: IOMMU feature fl1gp_support inconsistent
      1 Jun 09 20:30:25 yry-ThinkPad-X1-Carbon-Gen-11 kernel: DMAR: IOMMU feature nwfs inconsistent
      1 Jun 09 20:30:25 yry-ThinkPad-X1-Carbon-Gen-11 kernel: DMAR: IOMMU feature pgsel_inv inconsistent
      1 Jun 09 20:30:25 yry-ThinkPad-X1-Carbon-Gen-11 kernel: DMAR: IOMMU feature sc_support inconsistent
      1 Jun 09 20:30:25 yry-ThinkPad-X1-Carbon-Gen-11 kernel: DMAR-IR: Enabled IRQ remapping in x2apic mode
      1 Jun 09 20:30:25 yry-ThinkPad-X1-Carbon-Gen-11 kernel: DMAR-IR: HPET id 0 under DRHD base 0xfed91000
      1 Jun 09 20:30:25 yry-ThinkPad-X1-Carbon-Gen-11 kernel: DMAR-IR: IOAPIC id 2 under DRHD base  0xfed91000 IOMMU 1
      1 Jun 09 20:30:25 yry-ThinkPad-X1-Carbon-Gen-11 kernel: DMAR-IR: Queued invalidation will be enabled to support x2apic and Intr-remapping.
      1 Jun 09 20:30:25 yry-ThinkPad-X1-Carbon-Gen-11 kernel: DMAR: No ATSR found
      1 Jun 09 20:30:25 yry-ThinkPad-X1-Carbon-Gen-11 kernel: DMAR: No SATC found
      1 Jun 09 20:30:25 yry-ThinkPad-X1-Carbon-Gen-11 kernel: DMAR: RMRR base: 0x0000009c000000 end: 0x000000a07fffff
      1 Jun 09 20:30:25 yry-ThinkPad-X1-Carbon-Gen-11 kernel: DMI: LENOVO 21HM000SUS/21HM000SUS, BIOS N3XET50W (1.25 ) 01/25/2024
      1 Jun 09 20:30:25 yry-ThinkPad-X1-Carbon-Gen-11 kernel: [drm] Initialized simpledrm 1.0.0 20200625 for simple-framebuffer.0 on minor 0
      1 Jun 09 20:30:25 yry-ThinkPad-X1-Carbon-Gen-11 kernel: drop_monitor: Initializing network drop monitor service
      1 Jun 09 20:30:25 yry-ThinkPad-X1-Carbon-Gen-11 kernel: Dynamic Preempt: voluntary
      1 Jun 09 20:30:25 yry-ThinkPad-X1-Carbon-Gen-11 kernel: e820: remove [mem 0x000a0000-0x000fffff] usable
      1 Jun 09 20:30:25 yry-ThinkPad-X1-Carbon-Gen-11 kernel: e820: remove [mem 0xc0000000-0xcfffffff] reserved
      1 Jun 09 20:30:25 yry-ThinkPad-X1-Carbon-Gen-11 kernel: e820: reserve RAM buffer [mem 0x0009f000-0x0009ffff]
      1 Jun 09 20:30:25 yry-ThinkPad-X1-Carbon-Gen-11 kernel: e820: reserve RAM buffer [mem 0x5862f000-0x5bffffff]
      1 Jun 09 20:30:25 yry-ThinkPad-X1-Carbon-Gen-11 kernel: e820: reserve RAM buffer [mem 0x85f800000-0x85fffffff]
      1 Jun 09 20:30:25 yry-ThinkPad-X1-Carbon-Gen-11 kernel: e820: reserve RAM buffer [mem 0x875a9000-0x87ffffff]
      1 Jun 09 20:30:25 yry-ThinkPad-X1-Carbon-Gen-11 kernel: e820: reserve RAM buffer [mem 0x87720000-0x87ffffff]
      1 Jun 09 20:30:25 yry-ThinkPad-X1-Carbon-Gen-11 kernel: e820: reserve RAM buffer [mem 0x8dcff000-0x8fffffff]
      1 Jun 09 20:30:25 yry-ThinkPad-X1-Carbon-Gen-11 kernel: e820: reserve RAM buffer [mem 0x91800000-0x93ffffff]
      1 Jun 09 20:30:25 yry-ThinkPad-X1-Carbon-Gen-11 kernel: e820: update [mem 0x00000000-0x00000fff] usable ==> reserved
      1 Jun 09 20:30:25 yry-ThinkPad-X1-Carbon-Gen-11 kernel: e820: update [mem 0x875a9000-0x87639fff] usable ==> reserved
      1 Jun 09 20:30:25 yry-ThinkPad-X1-Carbon-Gen-11 kernel: e820: update [mem 0x87720000-0x87720fff] usable ==> reserved
      1 Jun 09 20:30:25 yry-ThinkPad-X1-Carbon-Gen-11 kernel: e820: update [mem 0x9c000000-0xffffffff] usable ==> reserved
      1 Jun 09 20:30:25 yry-ThinkPad-X1-Carbon-Gen-11 kernel: Early memory node ranges
      1 Jun 09 20:30:25 yry-ThinkPad-X1-Carbon-Gen-11 kernel: EDAC igen6 MC0: ADDR 0x1ffffffffff 
      1 Jun 09 20:30:25 yry-ThinkPad-X1-Carbon-Gen-11 kernel: EDAC igen6 MC0: HANDLING IBECC MEMORY ERROR
      1 Jun 09 20:30:25 yry-ThinkPad-X1-Carbon-Gen-11 kernel: EDAC igen6 MC1: ADDR 0x1ffffffffff 
      1 Jun 09 20:30:25 yry-ThinkPad-X1-Carbon-Gen-11 kernel: EDAC igen6 MC1: HANDLING IBECC MEMORY ERROR
      1 Jun 09 20:30:25 yry-ThinkPad-X1-Carbon-Gen-11 kernel: EDAC igen6: v2.5.1
      1 Jun 09 20:30:25 yry-ThinkPad-X1-Carbon-Gen-11 kernel: EDAC MC0: Giving out device to module igen6_edac controller Intel_client_SoC MC#0: DEV 0000:00:00.0 (INTERRUPT)
      1 Jun 09 20:30:25 yry-ThinkPad-X1-Carbon-Gen-11 kernel: EDAC MC1: Giving out device to module igen6_edac controller Intel_client_SoC MC#1: DEV 0000:00:00.0 (INTERRUPT)
      1 Jun 09 20:30:25 yry-ThinkPad-X1-Carbon-Gen-11 kernel: EDAC MC: Ver: 3.0.0
      1 Jun 09 20:30:25 yry-ThinkPad-X1-Carbon-Gen-11 kernel: efi: ACPI=0x592fe000 ACPI 2.0=0x592fe014 TPMFinalLog=0x591ae000 SMBIOS=0x5b97e000 SMBIOS 3.0=0x5b971000 MEMATTR=0x876de018 ESRT=0x87720b98 MOKvar=0x5b972000 INITRD=0x5862e698 RNG=0x592fd018 TPMEventLog=0x53d27018 
      1 Jun 09 20:30:25 yry-ThinkPad-X1-Carbon-Gen-11 kernel: efi: EFI v2.7 by Lenovo
      1 Jun 09 20:30:25 yry-ThinkPad-X1-Carbon-Gen-11 kernel: efi: Remove mem77: MMIO range=[0xc0000000-0xcfffffff] (256MB) from e820 map
      1 Jun 09 20:30:25 yry-ThinkPad-X1-Carbon-Gen-11 kernel: efivars: Registered efivars operations
      1 Jun 09 20:30:25 yry-ThinkPad-X1-Carbon-Gen-11 kernel: EISA bus registered
      1 Jun 09 20:30:25 yry-ThinkPad-X1-Carbon-Gen-11 kernel: ENERGY_PERF_BIAS: Set to 'normal', was 'performance'
      1 Jun 09 20:30:25 yry-ThinkPad-X1-Carbon-Gen-11 kernel: esrt: Reserving ESRT space from 0x0000000087720b98 to 0x0000000087720e50.
      1 Jun 09 20:30:25 yry-ThinkPad-X1-Carbon-Gen-11 kernel: Estimated ratio of average max frequency by base frequency (times 1024): 1858
      1 Jun 09 20:30:25 yry-ThinkPad-X1-Carbon-Gen-11 kernel: ... event mask:             000000070000003f
      1 Jun 09 20:30:25 yry-ThinkPad-X1-Carbon-Gen-11 kernel: ... event mask:             0001000f000000ff
      1 Jun 09 20:30:25 yry-ThinkPad-X1-Carbon-Gen-11 kernel: evm: HMAC attrs: 0x1
      1 Jun 09 20:30:25 yry-ThinkPad-X1-Carbon-Gen-11 kernel: evm: Initialising EVM extended attributes:
      1 Jun 09 20:30:25 yry-ThinkPad-X1-Carbon-Gen-11 kernel: evm: security.apparmor
      1 Jun 09 20:30:25 yry-ThinkPad-X1-Carbon-Gen-11 kernel: evm: security.capability
      1 Jun 09 20:30:25 yry-ThinkPad-X1-Carbon-Gen-11 kernel: evm: security.ima
      1 Jun 09 20:30:25 yry-ThinkPad-X1-Carbon-Gen-11 kernel: evm: security.selinux
      1 Jun 09 20:30:25 yry-ThinkPad-X1-Carbon-Gen-11 kernel: evm: security.SMACK64
      1 Jun 09 20:30:25 yry-ThinkPad-X1-Carbon-Gen-11 kernel: evm: security.SMACK64EXEC
      1 Jun 09 20:30:25 yry-ThinkPad-X1-Carbon-Gen-11 kernel: evm: security.SMACK64MMAP
      1 Jun 09 20:30:25 yry-ThinkPad-X1-Carbon-Gen-11 kernel: evm: security.SMACK64TRANSMUTE
      1 Jun 09 20:30:25 yry-ThinkPad-X1-Carbon-Gen-11 kernel: EXT4-fs (nvme0n1p5): mounted filesystem 904598e8-ccbe-4f35-a892-50d90c109100 ro with ordered data mode. Quota mode: none.
      1 Jun 09 20:30:25 yry-ThinkPad-X1-Carbon-Gen-11 kernel: EXT4-fs (nvme0n1p5): re-mounted 904598e8-ccbe-4f35-a892-50d90c109100 r/w. Quota mode: none.
      1 Jun 09 20:30:25 yry-ThinkPad-X1-Carbon-Gen-11 kernel: Faking a node at [mem 0x0000000000000000-0x000000085f7fffff]
      1 Jun 09 20:30:25 yry-ThinkPad-X1-Carbon-Gen-11 kernel: Fallback order for Node 0: 0 
      1 Jun 09 20:30:25 yry-ThinkPad-X1-Carbon-Gen-11 kernel: fbcon: Deferring console take-over
      1 Jun 09 20:30:25 yry-ThinkPad-X1-Carbon-Gen-11 kernel: ... fixed-purpose events:   3
      1 Jun 09 20:30:25 yry-ThinkPad-X1-Carbon-Gen-11 kernel: ... fixed-purpose events:   4
      1 Jun 09 20:30:25 yry-ThinkPad-X1-Carbon-Gen-11 kernel: Found optimal setting for mtrr clean up
      1 Jun 09 20:30:25 yry-ThinkPad-X1-Carbon-Gen-11 kernel: Freeing initrd memory: 64156K
      1 Jun 09 20:30:25 yry-ThinkPad-X1-Carbon-Gen-11 kernel: Freeing SMP alternatives memory: 48K
      1 Jun 09 20:30:25 yry-ThinkPad-X1-Carbon-Gen-11 kernel: Freeing unused decrypted memory: 2028K
      1 Jun 09 20:30:25 yry-ThinkPad-X1-Carbon-Gen-11 kernel: Freeing unused kernel image (initmem) memory: 4976K
      1 Jun 09 20:30:25 yry-ThinkPad-X1-Carbon-Gen-11 kernel: Freeing unused kernel image (rodata/data gap) memory: 44K
      1 Jun 09 20:30:25 yry-ThinkPad-X1-Carbon-Gen-11 kernel: ftrace: allocated 226 pages with 4 groups
      1 Jun 09 20:30:25 yry-ThinkPad-X1-Carbon-Gen-11 kernel: ftrace: allocating 57827 entries in 226 pages
      1 Jun 09 20:30:25 yry-ThinkPad-X1-Carbon-Gen-11 kernel: fuse: init (API version 7.39)
      1 Jun 09 20:30:25 yry-ThinkPad-X1-Carbon-Gen-11 kernel: futex hash table entries: 4096 (order: 6, 262144 bytes, linear)
      1 Jun 09 20:30:25 yry-ThinkPad-X1-Carbon-Gen-11 kernel: ... generic registers:      6
      1 Jun 09 20:30:25 yry-ThinkPad-X1-Carbon-Gen-11 kernel: ... generic registers:      8
      1 Jun 09 20:30:25 yry-ThinkPad-X1-Carbon-Gen-11 kernel:  gran_size: 64K         chunk_size: 128M         num_reg: 7          lose cover RAM: 0G
      1 Jun 09 20:30:25 yry-ThinkPad-X1-Carbon-Gen-11 kernel: hid-generic 0018:04F3:2C4E.0002: input,hidraw1: I2C HID v1.00 Device [ELAN901C:00 04F3:2C4E] on i2c-ELAN901C:00
      1 Jun 09 20:30:25 yry-ThinkPad-X1-Carbon-Gen-11 kernel: hid-generic 0018:04F3:31F8.0001: input,hidraw0: I2C HID v1.00 Mouse [ELAN067B:00 04F3:31F8] on i2c-ELAN067B:00
      1 Jun 09 20:30:25 yry-ThinkPad-X1-Carbon-Gen-11 kernel: hid-multitouch 0018:04F3:2C4E.0002: input,hidraw1: I2C HID v1.00 Device [ELAN901C:00 04F3:2C4E] on i2c-ELAN901C:00
      1 Jun 09 20:30:25 yry-ThinkPad-X1-Carbon-Gen-11 kernel: hid-multitouch 0018:04F3:31F8.0001: input,hidraw0: I2C HID v1.00 Mouse [ELAN067B:00 04F3:31F8] on i2c-ELAN067B:00
      1 Jun 09 20:30:25 yry-ThinkPad-X1-Carbon-Gen-11 kernel: hid: raw HID events driver (C) Jiri Kosina
      1 Jun 09 20:30:25 yry-ThinkPad-X1-Carbon-Gen-11 kernel:     HOME=/
      1 Jun 09 20:30:25 yry-ThinkPad-X1-Carbon-Gen-11 kernel: hpet_acpi_add: no address or irqs in _CRS
      1 Jun 09 20:30:25 yry-ThinkPad-X1-Carbon-Gen-11 kernel: hpet: HPET dysfunctional in PC10. Force disabled.
      1 Jun 09 20:30:25 yry-ThinkPad-X1-Carbon-Gen-11 kernel: hub 1-0:1.0: 1 port detected
      1 Jun 09 20:30:25 yry-ThinkPad-X1-Carbon-Gen-11 kernel: hub 1-0:1.0: USB hub found
      1 Jun 09 20:30:25 yry-ThinkPad-X1-Carbon-Gen-11 kernel: hub 2-0:1.0: 4 ports detected
      1 Jun 09 20:30:25 yry-ThinkPad-X1-Carbon-Gen-11 kernel: hub 2-0:1.0: USB hub found
      1 Jun 09 20:30:25 yry-ThinkPad-X1-Carbon-Gen-11 kernel: hub 3-0:1.0: 12 ports detected
      1 Jun 09 20:30:25 yry-ThinkPad-X1-Carbon-Gen-11 kernel: hub 3-0:1.0: USB hub found
      1 Jun 09 20:30:25 yry-ThinkPad-X1-Carbon-Gen-11 kernel: hub 4-0:1.0: 4 ports detected
      1 Jun 09 20:30:25 yry-ThinkPad-X1-Carbon-Gen-11 kernel: hub 4-0:1.0: USB hub found
      1 Jun 09 20:30:25 yry-ThinkPad-X1-Carbon-Gen-11 kernel: HugeTLB: 16380 KiB vmemmap can be freed for a 1.00 GiB page
      1 Jun 09 20:30:25 yry-ThinkPad-X1-Carbon-Gen-11 kernel: HugeTLB: 28 KiB vmemmap can be freed for a 2.00 MiB page
      1 Jun 09 20:30:25 yry-ThinkPad-X1-Carbon-Gen-11 kernel: HugeTLB: registered 1.00 GiB page size, pre-allocated 0 pages
      1 Jun 09 20:30:25 yry-ThinkPad-X1-Carbon-Gen-11 kernel: HugeTLB: registered 2.00 MiB page size, pre-allocated 0 pages
      1 Jun 09 20:30:25 yry-ThinkPad-X1-Carbon-Gen-11 kernel:   Hygon HygonGenuine
      1 Jun 09 20:30:25 yry-ThinkPad-X1-Carbon-Gen-11 kernel: i2c_dev: i2c /dev entries driver
      1 Jun 09 20:30:25 yry-ThinkPad-X1-Carbon-Gen-11 kernel: i2c i2c-2: 8/8 memory slots populated (from DMI)
      1 Jun 09 20:30:25 yry-ThinkPad-X1-Carbon-Gen-11 kernel: i2c i2c-2: Memory type 0x23 not supported yet, not instantiating SPD
      1 Jun 09 20:30:25 yry-ThinkPad-X1-Carbon-Gen-11 kernel: i801_smbus 0000:00:1f.4: enabling device (0000 -> 0003)
      1 Jun 09 20:30:25 yry-ThinkPad-X1-Carbon-Gen-11 kernel: i801_smbus 0000:00:1f.4: SMBus using PCI interrupt
      1 Jun 09 20:30:25 yry-ThinkPad-X1-Carbon-Gen-11 kernel: i801_smbus 0000:00:1f.4: SPD Write Disable is set
      1 Jun 09 20:30:25 yry-ThinkPad-X1-Carbon-Gen-11 kernel: i8042: PNP: PS/2 Controller [PNP0303:KBD,PNP0f13:MOU] at 0x60,0x64 irq 1,12
      1 Jun 09 20:30:25 yry-ThinkPad-X1-Carbon-Gen-11 kernel: i8042: Warning: Keylock active
      1 Jun 09 20:30:25 yry-ThinkPad-X1-Carbon-Gen-11 kernel: idma64 idma64.0: Found Intel integrated DMA 64-bit
      1 Jun 09 20:30:25 yry-ThinkPad-X1-Carbon-Gen-11 kernel: idma64 idma64.1: Found Intel integrated DMA 64-bit
      1 Jun 09 20:30:25 yry-ThinkPad-X1-Carbon-Gen-11 kernel: ima: Allocated hash algorithm: sha256
      1 Jun 09 20:30:25 yry-ThinkPad-X1-Carbon-Gen-11 kernel: ima: No architecture policies found
      1 Jun 09 20:30:25 yry-ThinkPad-X1-Carbon-Gen-11 kernel: Incomplete global flushes, disabling PCID
      1 Jun 09 20:30:25 yry-ThinkPad-X1-Carbon-Gen-11 kernel:     /init
      1 Jun 09 20:30:25 yry-ThinkPad-X1-Carbon-Gen-11 kernel: Initialise system trusted keyrings
      1 Jun 09 20:30:25 yry-ThinkPad-X1-Carbon-Gen-11 kernel: Initmem setup node 0 [mem 0x0000000000001000-0x000000085f7fffff]
      1 Jun 09 20:30:25 yry-ThinkPad-X1-Carbon-Gen-11 kernel: Inode-cache hash table entries: 2097152 (order: 12, 16777216 bytes, linear)
      1 Jun 09 20:30:25 yry-ThinkPad-X1-Carbon-Gen-11 kernel: input: AT Translated Set 2 keyboard as /devices/platform/i8042/serio0/input/input3
      1 Jun 09 20:30:25 yry-ThinkPad-X1-Carbon-Gen-11 kernel: input: ELAN067B:00 04F3:31F8 Mouse as /devices/pci0000:00/0000:00:15.0/i2c_designware.0/i2c-0/i2c-ELAN067B:00/0018:04F3:31F8.0001/input/input13
      1 Jun 09 20:30:25 yry-ThinkPad-X1-Carbon-Gen-11 kernel: input: ELAN067B:00 04F3:31F8 Mouse as /devices/pci0000:00/0000:00:15.0/i2c_designware.0/i2c-0/i2c-ELAN067B:00/0018:04F3:31F8.0001/input/input6
      1 Jun 09 20:30:25 yry-ThinkPad-X1-Carbon-Gen-11 kernel: input: ELAN067B:00 04F3:31F8 Touchpad as /devices/pci0000:00/0000:00:15.0/i2c_designware.0/i2c-0/i2c-ELAN067B:00/0018:04F3:31F8.0001/input/input15
      1 Jun 09 20:30:25 yry-ThinkPad-X1-Carbon-Gen-11 kernel: input: ELAN067B:00 04F3:31F8 Touchpad as /devices/pci0000:00/0000:00:15.0/i2c_designware.0/i2c-0/i2c-ELAN067B:00/0018:04F3:31F8.0001/input/input8
      1 Jun 09 20:30:25 yry-ThinkPad-X1-Carbon-Gen-11 kernel: input: ELAN901C:00 04F3:2C4E as /devices/pci0000:00/0000:00:15.1/i2c_designware.1/i2c-1/i2c-ELAN901C:00/0018:04F3:2C4E.0002/input/input10
      1 Jun 09 20:30:25 yry-ThinkPad-X1-Carbon-Gen-11 kernel: input: ELAN901C:00 04F3:2C4E as /devices/pci0000:00/0000:00:15.1/i2c_designware.1/i2c-1/i2c-ELAN901C:00/0018:04F3:2C4E.0002/input/input11
      1 Jun 09 20:30:25 yry-ThinkPad-X1-Carbon-Gen-11 kernel: input: ELAN901C:00 04F3:2C4E as /devices/pci0000:00/0000:00:15.1/i2c_designware.1/i2c-1/i2c-ELAN901C:00/0018:04F3:2C4E.0002/input/input16
      1 Jun 09 20:30:25 yry-ThinkPad-X1-Carbon-Gen-11 kernel: input: ELAN901C:00 04F3:2C4E Touchscreen as /devices/pci0000:00/0000:00:15.1/i2c_designware.1/i2c-1/i2c-ELAN901C:00/0018:04F3:2C4E.0002/input/input9
      1 Jun 09 20:30:25 yry-ThinkPad-X1-Carbon-Gen-11 kernel: input: ELAN901C:00 04F3:2C4E UNKNOWN as /devices/pci0000:00/0000:00:15.1/i2c_designware.1/i2c-1/i2c-ELAN901C:00/0018:04F3:2C4E.0002/input/input17
      1 Jun 09 20:30:25 yry-ThinkPad-X1-Carbon-Gen-11 kernel: input: ELAN901C:00 04F3:2C4E UNKNOWN as /devices/pci0000:00/0000:00:15.1/i2c_designware.1/i2c-1/i2c-ELAN901C:00/0018:04F3:2C4E.0002/input/input18
      1 Jun 09 20:30:25 yry-ThinkPad-X1-Carbon-Gen-11 kernel: input: Intel HID events as /devices/platform/INTC1070:00/input/input20
      1 Jun 09 20:30:25 yry-ThinkPad-X1-Carbon-Gen-11 kernel: input: Lid Switch as /devices/LNXSYSTM:00/LNXSYBUS:00/PNP0C0D:00/input/input1
      1 Jun 09 20:30:25 yry-ThinkPad-X1-Carbon-Gen-11 kernel: input: Power Button as /devices/LNXSYSTM:00/LNXSYBUS:00/PNP0C0C:00/input/input2
      1 Jun 09 20:30:25 yry-ThinkPad-X1-Carbon-Gen-11 kernel: input: Sleep Button as /devices/LNXSYSTM:00/LNXSYBUS:00/PNP0C0E:00/input/input0
      1 Jun 09 20:30:25 yry-ThinkPad-X1-Carbon-Gen-11 kernel: input: ThinkPad Extra Buttons as /devices/platform/thinkpad_acpi/input/input21
      1 Jun 09 20:30:25 yry-ThinkPad-X1-Carbon-Gen-11 kernel: input: TPPS/2 Elan TrackPoint as /devices/platform/i8042/serio1/input/input5
      1 Jun 09 20:30:25 yry-ThinkPad-X1-Carbon-Gen-11 kernel: In-situ OAM (IOAM) with IPv6
      1 Jun 09 20:30:25 yry-ThinkPad-X1-Carbon-Gen-11 kernel: integrity: Loaded X.509 cert 'Lenovo Ltd.: ThinkPad Product CA 2012: 838b1f54c1550463f45f98700640f11069265949'
      1 Jun 09 20:30:25 yry-ThinkPad-X1-Carbon-Gen-11 kernel: integrity: Loaded X.509 cert 'Lenovo UEFI CA 2014: 4b91a68732eaefdd2c8ffffc6b027ec3449e9c8f'
      1 Jun 09 20:30:25 yry-ThinkPad-X1-Carbon-Gen-11 kernel: integrity: Loaded X.509 cert 'Microsoft Windows Production PCA 2011: a92902398e16c49778cd90f99e4f9ae17c55af53'
      1 Jun 09 20:30:25 yry-ThinkPad-X1-Carbon-Gen-11 kernel: integrity: Machine keyring initialized
      1 Jun 09 20:30:25 yry-ThinkPad-X1-Carbon-Gen-11 kernel: integrity: Platform Keyring initialized
      2 Jun 09 20:30:25 yry-ThinkPad-X1-Carbon-Gen-11 kernel: integrity: Revoking X.509 certificate: UEFI:dbx
      1 Jun 09 20:30:25 yry-ThinkPad-X1-Carbon-Gen-11 kernel:   Intel GenuineIntel
      1 Jun 09 20:30:25 yry-ThinkPad-X1-Carbon-Gen-11 kernel: intel-lpss 0000:00:15.0: enabling device (0000 -> 0002)
      1 Jun 09 20:30:25 yry-ThinkPad-X1-Carbon-Gen-11 kernel: intel-lpss 0000:00:15.1: enabling device (0000 -> 0002)
      1 Jun 09 20:30:25 yry-ThinkPad-X1-Carbon-Gen-11 kernel: intel_pmc_core INT33A1:00:  initialized
      1 Jun 09 20:30:25 yry-ThinkPad-X1-Carbon-Gen-11 kernel: intel_pstate: HWP enabled
      1 Jun 09 20:30:25 yry-ThinkPad-X1-Carbon-Gen-11 kernel: intel_pstate: Intel P-state driver initializing
      1 Jun 09 20:30:25 yry-ThinkPad-X1-Carbon-Gen-11 kernel: intel_rapl_common: Found RAPL domain core
      2 Jun 09 20:30:25 yry-ThinkPad-X1-Carbon-Gen-11 kernel: intel_rapl_common: Found RAPL domain package
      1 Jun 09 20:30:25 yry-ThinkPad-X1-Carbon-Gen-11 kernel: intel_rapl_common: Found RAPL domain psys
      1 Jun 09 20:30:25 yry-ThinkPad-X1-Carbon-Gen-11 kernel: intel_rapl_common: Found RAPL domain uncore
      1 Jun 09 20:30:25 yry-ThinkPad-X1-Carbon-Gen-11 kernel: intel_rapl_msr: PL4 support detected.
      1 Jun 09 20:30:25 yry-ThinkPad-X1-Carbon-Gen-11 kernel: Intel(R) Wireless WiFi driver for Linux
      1 Jun 09 20:30:25 yry-ThinkPad-X1-Carbon-Gen-11 kernel: IOAPIC[0]: apic_id 2, version 32, address 0xfec00000, GSI 0-119
      1 Jun 09 20:30:25 yry-ThinkPad-X1-Carbon-Gen-11 kernel: iommu: Default domain type: Translated
      1 Jun 09 20:30:25 yry-ThinkPad-X1-Carbon-Gen-11 kernel: iommu: DMA domain TLB invalidation policy: lazy mode
      1 Jun 09 20:30:25 yry-ThinkPad-X1-Carbon-Gen-11 kernel: io scheduler mq-deadline registered
      1 Jun 09 20:30:25 yry-ThinkPad-X1-Carbon-Gen-11 kernel: IP idents hash table entries: 262144 (order: 9, 2097152 bytes, linear)
      1 Jun 09 20:30:25 yry-ThinkPad-X1-Carbon-Gen-11 kernel: IPI shorthand broadcast: enabled
      1 Jun 09 20:30:25 yry-ThinkPad-X1-Carbon-Gen-11 kernel: iwlwifi 0000:00:14.3: Detected crf-id 0x400410, cnv-id 0x80400 wfpm id 0x80000020
      1 Jun 09 20:30:25 yry-ThinkPad-X1-Carbon-Gen-11 kernel: iwlwifi 0000:00:14.3: enabling device (0000 -> 0002)
      1 Jun 09 20:30:25 yry-ThinkPad-X1-Carbon-Gen-11 kernel: iwlwifi 0000:00:14.3: loaded firmware version 86.fb5c9aeb.0 so-a0-gf-a0-86.ucode op_mode iwlmvm
      1 Jun 09 20:30:25 yry-ThinkPad-X1-Carbon-Gen-11 kernel: iwlwifi 0000:00:14.3: PCI dev 51f1/0090, rev=0x370, rfid=0x2010d000
      1 Jun 09 20:30:25 yry-ThinkPad-X1-Carbon-Gen-11 kernel: iwlwifi 0000:00:14.3: TLV_FW_FSEQ_VERSION: FSEQ Version: 0.0.2.41
      1 Jun 09 20:30:25 yry-ThinkPad-X1-Carbon-Gen-11 kernel: Kernel command line: BOOT_IMAGE=/boot/vmlinuz-6.8.0-35-generic root=UUID=904598e8-ccbe-4f35-a892-50d90c109100 ro quiet splash vt.handoff=7
      1 Jun 09 20:30:25 yry-ThinkPad-X1-Carbon-Gen-11 kernel: KERNEL supported cpus:
      1 Jun 09 20:30:25 yry-ThinkPad-X1-Carbon-Gen-11 kernel: Key type asymmetric registered
      1 Jun 09 20:30:25 yry-ThinkPad-X1-Carbon-Gen-11 kernel: Key type blacklist registered
      1 Jun 09 20:30:25 yry-ThinkPad-X1-Carbon-Gen-11 kernel: Key type dns_resolver registered
      1 Jun 09 20:30:25 yry-ThinkPad-X1-Carbon-Gen-11 kernel: Key type encrypted registered
      1 Jun 09 20:30:25 yry-ThinkPad-X1-Carbon-Gen-11 kernel: Key type fscrypt-provisioning registered
      1 Jun 09 20:30:25 yry-ThinkPad-X1-Carbon-Gen-11 kernel: Key type .fscrypt registered
      1 Jun 09 20:30:25 yry-ThinkPad-X1-Carbon-Gen-11 kernel: Key type trusted registered
      1 Jun 09 20:30:25 yry-ThinkPad-X1-Carbon-Gen-11 kernel: kprobes: kprobe jump-optimization is enabled. All kprobes are optimized if possible.
      1 Jun 09 20:30:25 yry-ThinkPad-X1-Carbon-Gen-11 kernel: landlock: Up and running.
      1 Jun 09 20:30:25 yry-ThinkPad-X1-Carbon-Gen-11 kernel: Last level dTLB entries: 4KB 0, 2MB 0, 4MB 0, 1GB 0
      1 Jun 09 20:30:25 yry-ThinkPad-X1-Carbon-Gen-11 kernel: Last level iTLB entries: 4KB 0, 2MB 0, 4MB 0
      1 Jun 09 20:30:25 yry-ThinkPad-X1-Carbon-Gen-11 kernel: last_pfn = 0x85f800 max_arch_pfn = 0x400000000
      1 Jun 09 20:30:25 yry-ThinkPad-X1-Carbon-Gen-11 kernel: last_pfn = 0x91800 max_arch_pfn = 0x400000000
      1 Jun 09 20:30:25 yry-ThinkPad-X1-Carbon-Gen-11 kernel: ledtrig-cpu: registered to indicate activity on CPUs
      1 Jun 09 20:30:25 yry-ThinkPad-X1-Carbon-Gen-11 kernel: libata version 3.00 loaded.
      1 Jun 09 20:30:25 yry-ThinkPad-X1-Carbon-Gen-11 kernel: Linux agpgart interface v0.103
      1 Jun 09 20:30:25 yry-ThinkPad-X1-Carbon-Gen-11 kernel: Linux version 6.8.0-35-generic (buildd@lcy02-amd64-020) (x86_64-linux-gnu-gcc-13 (Ubuntu 13.2.0-23ubuntu4) 13.2.0, GNU ld (GNU Binutils for Ubuntu) 2.42) #35-Ubuntu SMP PREEMPT_DYNAMIC Mon May 20 15:51:52 UTC 2024 (Ubuntu 6.8.0-35.35-generic 6.8.4)
      2 Jun 09 20:30:25 yry-ThinkPad-X1-Carbon-Gen-11 kernel: Loaded X.509 cert 'Build time autogenerated kernel key: 03e06390aec9ad5e857c861e6f9847fee1cbfc2d'
      1 Jun 09 20:30:25 yry-ThinkPad-X1-Carbon-Gen-11 kernel: Loaded X.509 cert 'Canonical Ltd. Kernel Module Signing: 88f752e560a1e0737e31163a466ad7b70a850c19'
      1 Jun 09 20:30:25 yry-ThinkPad-X1-Carbon-Gen-11 kernel: Loaded X.509 cert 'Canonical Ltd. Live Patch Signing: 14df34d1a87cf37625abec039ef2bf521249b969'
      1 Jun 09 20:30:25 yry-ThinkPad-X1-Carbon-Gen-11 kernel: Loaded X.509 cert 'Canonical Ltd. Secure Boot Signing (2017): 242ade75ac4a15e50d50c84b0d45ff3eae707a03'
      1 Jun 09 20:30:25 yry-ThinkPad-X1-Carbon-Gen-11 kernel: Loaded X.509 cert 'Canonical Ltd. Secure Boot Signing (2019): c0746fd6c5da3ae827864651ad66ae47fe24b3e8'
      1 Jun 09 20:30:25 yry-ThinkPad-X1-Carbon-Gen-11 kernel: Loaded X.509 cert 'Canonical Ltd. Secure Boot Signing (2021 v1): a8d54bbb3825cfb94fa13c9f8a594a195c107b8d'
      1 Jun 09 20:30:25 yry-ThinkPad-X1-Carbon-Gen-11 kernel: Loaded X.509 cert 'Canonical Ltd. Secure Boot Signing (2021 v2): 4cf046892d6fd3c9a5b03f98d845f90851dc6a8c'
      1 Jun 09 20:30:25 yry-ThinkPad-X1-Carbon-Gen-11 kernel: Loaded X.509 cert 'Canonical Ltd. Secure Boot Signing (2021 v3): 100437bb6de6e469b581e61cd66bce3ef4ed53af'
      1 Jun 09 20:30:25 yry-ThinkPad-X1-Carbon-Gen-11 kernel: Loaded X.509 cert 'Canonical Ltd. Secure Boot Signing: 61482aa2830d0ab2ad5af10b7250da9033ddcef0'
      1 Jun 09 20:30:25 yry-ThinkPad-X1-Carbon-Gen-11 kernel: Loaded X.509 cert 'Canonical Ltd. Secure Boot Signing (ESM 2018): 365188c1d374d6b07c3c8f240f8ef722433d6a8b'
      1 Jun 09 20:30:25 yry-ThinkPad-X1-Carbon-Gen-11 kernel: Loaded X.509 cert 'Canonical Ltd. Secure Boot Signing (Ubuntu Core 2019): c1d57b8f6b743f23ee41f4f7ee292f06eecadfb9'
      1 Jun 09 20:30:25 yry-ThinkPad-X1-Carbon-Gen-11 kernel: Loaded X.509 cert 'sforshee: 00b28ddf47aef9cea7'
      1 Jun 09 20:30:25 yry-ThinkPad-X1-Carbon-Gen-11 kernel: Loaded X.509 cert 'wens: 61c038651aabdcf94bd0ac7ff06c7248db18c600'
      1 Jun 09 20:30:25 yry-ThinkPad-X1-Carbon-Gen-11 kernel: Loading compiled-in module X.509 certificates
      1 Jun 09 20:30:25 yry-ThinkPad-X1-Carbon-Gen-11 kernel: Loading compiled-in X.509 certificates
      1 Jun 09 20:30:25 yry-ThinkPad-X1-Carbon-Gen-11 kernel: loop0: detected capacity change from 0 to 8
      1 Jun 09 20:30:25 yry-ThinkPad-X1-Carbon-Gen-11 kernel: loop10: detected capacity change from 0 to 21136
      1 Jun 09 20:30:25 yry-ThinkPad-X1-Carbon-Gen-11 kernel: loop11: detected capacity change from 0 to 79328
      1 Jun 09 20:30:25 yry-ThinkPad-X1-Carbon-Gen-11 kernel: loop12: detected capacity change from 0 to 369736
      1 Jun 09 20:30:25 yry-ThinkPad-X1-Carbon-Gen-11 kernel: loop13: detected capacity change from 0 to 79520
      1 Jun 09 20:30:25 yry-ThinkPad-X1-Carbon-Gen-11 kernel: loop14: detected capacity change from 0 to 952
      1 Jun 09 20:30:25 yry-ThinkPad-X1-Carbon-Gen-11 kernel: loop1: detected capacity change from 0 to 20656
      1 Jun 09 20:30:25 yry-ThinkPad-X1-Carbon-Gen-11 kernel: loop2: detected capacity change from 0 to 639256
      1 Jun 09 20:30:25 yry-ThinkPad-X1-Carbon-Gen-11 kernel: loop3: detected capacity change from 0 to 152040
      1 Jun 09 20:30:25 yry-ThinkPad-X1-Carbon-Gen-11 kernel: loop4: detected capacity change from 0 to 130960
      1 Jun 09 20:30:25 yry-ThinkPad-X1-Carbon-Gen-11 kernel: loop5: detected capacity change from 0 to 21952
      1 Jun 09 20:30:25 yry-ThinkPad-X1-Carbon-Gen-11 kernel: loop6: detected capacity change from 0 to 552192
      1 Jun 09 20:30:25 yry-ThinkPad-X1-Carbon-Gen-11 kernel: loop7: detected capacity change from 0 to 1034424
      1 Jun 09 20:30:25 yry-ThinkPad-X1-Carbon-Gen-11 kernel: loop8: detected capacity change from 0 to 716176
      1 Jun 09 20:30:25 yry-ThinkPad-X1-Carbon-Gen-11 kernel: loop9: detected capacity change from 0 to 187776
      1 Jun 09 20:30:25 yry-ThinkPad-X1-Carbon-Gen-11 kernel: loop: module loaded
      1 Jun 09 20:30:25 yry-ThinkPad-X1-Carbon-Gen-11 kernel: Low-power S0 idle used by default for system suspend
      1 Jun 09 20:30:25 yry-ThinkPad-X1-Carbon-Gen-11 kernel: lp: driver loaded but no devices found
      1 Jun 09 20:30:25 yry-ThinkPad-X1-Carbon-Gen-11 kernel: LSM: initializing lsm=lockdown,capability,landlock,yama,apparmor,integrity
      2 Jun 09 20:30:25 yry-ThinkPad-X1-Carbon-Gen-11 kernel: ... max period:             00007fffffffffff
      1 Jun 09 20:30:25 yry-ThinkPad-X1-Carbon-Gen-11 kernel: mc: Linux media interface: v0.10
      1 Jun 09 20:30:25 yry-ThinkPad-X1-Carbon-Gen-11 kernel: mctp: management component transport protocol core
      1 Jun 09 20:30:25 yry-ThinkPad-X1-Carbon-Gen-11 kernel: mei_me 0000:00:16.0: enabling device (0000 -> 0002)
      1 Jun 09 20:30:25 yry-ThinkPad-X1-Carbon-Gen-11 kernel: [mem 0xa0800000-0xfed1ffff] available for PCI devices
      1 Jun 09 20:30:25 yry-ThinkPad-X1-Carbon-Gen-11 kernel: mem auto-init: stack:all(zero), heap alloc:on, heap free:off
      1 Jun 09 20:30:25 yry-ThinkPad-X1-Carbon-Gen-11 kernel: Memory: 32302696K/33191736K available (22528K kernel code, 4439K rwdata, 14292K rodata, 4976K init, 4736K bss, 888780K reserved, 0K cma-reserved)
      1 Jun 09 20:30:25 yry-ThinkPad-X1-Carbon-Gen-11 kernel: microcode: Current revision: 0x00004121
      1 Jun 09 20:30:25 yry-ThinkPad-X1-Carbon-Gen-11 kernel: microcode: Updated early from: 0x0000411c
      1 Jun 09 20:30:25 yry-ThinkPad-X1-Carbon-Gen-11 kernel: Monitor-Mwait will be used to enter C-1 state
      1 Jun 09 20:30:25 yry-ThinkPad-X1-Carbon-Gen-11 kernel: Monitor-Mwait will be used to enter C-2 state
      1 Jun 09 20:30:25 yry-ThinkPad-X1-Carbon-Gen-11 kernel: Monitor-Mwait will be used to enter C-3 state
      1 Jun 09 20:30:25 yry-ThinkPad-X1-Carbon-Gen-11 kernel: Mount-cache hash table entries: 65536 (order: 7, 524288 bytes, linear)
      1 Jun 09 20:30:25 yry-ThinkPad-X1-Carbon-Gen-11 kernel: Mountpoint-cache hash table entries: 65536 (order: 7, 524288 bytes, linear)
      1 Jun 09 20:30:25 yry-ThinkPad-X1-Carbon-Gen-11 kernel: mousedev: PS/2 mouse device common for all mice
      1 Jun 09 20:30:25 yry-ThinkPad-X1-Carbon-Gen-11 kernel: Movable zone start for each node
      1 Jun 09 20:30:25 yry-ThinkPad-X1-Carbon-Gen-11 kernel: MPTCP token hash table entries: 32768 (order: 7, 786432 bytes, linear)
      1 Jun 09 20:30:25 yry-ThinkPad-X1-Carbon-Gen-11 kernel: MTRR map: 6 entries (3 fixed + 3 variable; max 23), built from 10 variable MTRRs
      1 Jun 09 20:30:25 yry-ThinkPad-X1-Carbon-Gen-11 kernel: NetLabel:  domain hash size = 128
      1 Jun 09 20:30:25 yry-ThinkPad-X1-Carbon-Gen-11 kernel: NetLabel: Initializing
      1 Jun 09 20:30:25 yry-ThinkPad-X1-Carbon-Gen-11 kernel: NetLabel:  protocols = UNLABELED CIPSOv4 CALIPSO
      1 Jun 09 20:30:25 yry-ThinkPad-X1-Carbon-Gen-11 kernel: NetLabel:  unlabeled traffic allowed by default
      1 Jun 09 20:30:25 yry-ThinkPad-X1-Carbon-Gen-11 kernel: NET: Registered PF_BLUETOOTH protocol family
      1 Jun 09 20:30:25 yry-ThinkPad-X1-Carbon-Gen-11 kernel: NET: Registered PF_INET6 protocol family
      1 Jun 09 20:30:25 yry-ThinkPad-X1-Carbon-Gen-11 kernel: NET: Registered PF_INET protocol family
      1 Jun 09 20:30:25 yry-ThinkPad-X1-Carbon-Gen-11 kernel: NET: Registered PF_MCTP protocol family
      1 Jun 09 20:30:25 yry-ThinkPad-X1-Carbon-Gen-11 kernel: NET: Registered PF_NETLINK/PF_ROUTE protocol family
      1 Jun 09 20:30:25 yry-ThinkPad-X1-Carbon-Gen-11 kernel: NET: Registered PF_PACKET protocol family
      1 Jun 09 20:30:25 yry-ThinkPad-X1-Carbon-Gen-11 kernel: NET: Registered PF_UNIX/PF_LOCAL protocol family
      1 Jun 09 20:30:25 yry-ThinkPad-X1-Carbon-Gen-11 kernel: NET: Registered PF_XDP protocol family
      1 Jun 09 20:30:25 yry-ThinkPad-X1-Carbon-Gen-11 kernel: NMI watchdog: Enabled. Permanently consumes one hw-PMU counter.
      1 Jun 09 20:30:25 yry-ThinkPad-X1-Carbon-Gen-11 kernel: .... node  #0, CPUs:        #2  #4  #5  #6  #7  #8  #9 #10 #11
      1 Jun 09 20:30:25 yry-ThinkPad-X1-Carbon-Gen-11 kernel:   node   0: [mem 0x0000000000001000-0x000000000009efff]
      1 Jun 09 20:30:25 yry-ThinkPad-X1-Carbon-Gen-11 kernel:   node   0: [mem 0x0000000000100000-0x000000005862efff]
      1 Jun 09 20:30:25 yry-ThinkPad-X1-Carbon-Gen-11 kernel:   node   0: [mem 0x000000005bcff000-0x000000008dcfefff]
      1 Jun 09 20:30:25 yry-ThinkPad-X1-Carbon-Gen-11 kernel:   node   0: [mem 0x00000000917ff000-0x00000000917fffff]
      1 Jun 09 20:30:25 yry-ThinkPad-X1-Carbon-Gen-11 kernel:   node   0: [mem 0x0000000100000000-0x000000085f7fffff]
      1 Jun 09 20:30:25 yry-ThinkPad-X1-Carbon-Gen-11 kernel: NODE_DATA(0) allocated [mem 0x85f7d5000-0x85f7fffff]
      1 Jun 09 20:30:25 yry-ThinkPad-X1-Carbon-Gen-11 kernel: No NUMA configuration found
      1 Jun 09 20:30:25 yry-ThinkPad-X1-Carbon-Gen-11 kernel: Non-volatile memory driver v1.3
      1 Jun 09 20:30:25 yry-ThinkPad-X1-Carbon-Gen-11 kernel:   Normal   [mem 0x0000000100000000-0x000000085f7fffff]
      1 Jun 09 20:30:25 yry-ThinkPad-X1-Carbon-Gen-11 kernel: NR_IRQS: 524544, nr_irqs: 2152, preallocated irqs: 16
      1 Jun 09 20:30:25 yry-ThinkPad-X1-Carbon-Gen-11 kernel: nvme 0000:04:00.0: platform quirk: setting simple suspend
      1 Jun 09 20:30:25 yry-ThinkPad-X1-Carbon-Gen-11 kernel:  nvme0n1: p1 p2 p3 p4 p5
      1 Jun 09 20:30:25 yry-ThinkPad-X1-Carbon-Gen-11 kernel: nvme nvme0: 12/0/0 default/read/poll queues
      1 Jun 09 20:30:25 yry-ThinkPad-X1-Carbon-Gen-11 kernel: nvme nvme0: pci function 0000:04:00.0
      1 Jun 09 20:30:25 yry-ThinkPad-X1-Carbon-Gen-11 kernel: NX (Execute Disable) protection: active
      1 Jun 09 20:30:25 yry-ThinkPad-X1-Carbon-Gen-11 kernel: On node 0, zone DMA: 1 pages in unavailable ranges
      1 Jun 09 20:30:25 yry-ThinkPad-X1-Carbon-Gen-11 kernel: On node 0, zone DMA32: 14032 pages in unavailable ranges
      1 Jun 09 20:30:25 yry-ThinkPad-X1-Carbon-Gen-11 kernel: On node 0, zone DMA32: 15104 pages in unavailable ranges
      1 Jun 09 20:30:25 yry-ThinkPad-X1-Carbon-Gen-11 kernel: On node 0, zone DMA: 97 pages in unavailable ranges
      1 Jun 09 20:30:25 yry-ThinkPad-X1-Carbon-Gen-11 kernel: On node 0, zone Normal: 2048 pages in unavailable ranges
      1 Jun 09 20:30:25 yry-ThinkPad-X1-Carbon-Gen-11 kernel: On node 0, zone Normal: 26624 pages in unavailable ranges
      1 Jun 09 20:30:25 yry-ThinkPad-X1-Carbon-Gen-11 kernel: pci 0000:00:00.0: [8086:a708] type 00 class 0x060000 conventional PCI endpoint
      1 Jun 09 20:30:25 yry-ThinkPad-X1-Carbon-Gen-11 kernel: pci 0000:00:00.0: Adding to iommu group 1
      1 Jun 09 20:30:25 yry-ThinkPad-X1-Carbon-Gen-11 kernel: pci 0000:00:02.0: [8086:a7a1] type 00 class 0x030000 PCIe Root Complex Integrated Endpoint
      1 Jun 09 20:30:25 yry-ThinkPad-X1-Carbon-Gen-11 kernel: pci 0000:00:02.0: Adding to iommu group 0
      1 Jun 09 20:30:25 yry-ThinkPad-X1-Carbon-Gen-11 kernel: pci 0000:00:02.0: BAR 0 [mem 0x603c000000-0x603cffffff 64bit]
      1 Jun 09 20:30:25 yry-ThinkPad-X1-Carbon-Gen-11 kernel: pci 0000:00:02.0: BAR 2 [mem 0x4000000000-0x400fffffff 64bit pref]
      1 Jun 09 20:30:25 yry-ThinkPad-X1-Carbon-Gen-11 kernel: pci 0000:00:02.0: BAR 4 [io  0x2000-0x203f]
      1 Jun 09 20:30:25 yry-ThinkPad-X1-Carbon-Gen-11 kernel: pci 0000:00:02.0: DMAR: Skip IOMMU disabling for graphics
      1 Jun 09 20:30:25 yry-ThinkPad-X1-Carbon-Gen-11 kernel: pci 0000:00:02.0: VF BAR 0 [mem 0x00000000-0x00ffffff 64bit]
      1 Jun 09 20:30:25 yry-ThinkPad-X1-Carbon-Gen-11 kernel: pci 0000:00:02.0: VF BAR 0 [mem 0x00000000-0x06ffffff 64bit]: contains BAR 0 for 7 VFs
      1 Jun 09 20:30:25 yry-ThinkPad-X1-Carbon-Gen-11 kernel: pci 0000:00:02.0: VF BAR 0 [mem 0x4010000000-0x4016ffffff 64bit]: assigned
      1 Jun 09 20:30:25 yry-ThinkPad-X1-Carbon-Gen-11 kernel: pci 0000:00:02.0: VF BAR 2 [mem 0x00000000-0x1fffffff 64bit pref]
      1 Jun 09 20:30:25 yry-ThinkPad-X1-Carbon-Gen-11 kernel: pci 0000:00:02.0: VF BAR 2 [mem 0x00000000-0xdfffffff 64bit pref]: contains BAR 2 for 7 VFs
      1 Jun 09 20:30:25 yry-ThinkPad-X1-Carbon-Gen-11 kernel: pci 0000:00:02.0: VF BAR 2 [mem 0x4020000000-0x40ffffffff 64bit pref]: assigned
      1 Jun 09 20:30:25 yry-ThinkPad-X1-Carbon-Gen-11 kernel: pci 0000:00:02.0: vgaarb: bridge control possible
      1 Jun 09 20:30:25 yry-ThinkPad-X1-Carbon-Gen-11 kernel: pci 0000:00:02.0: vgaarb: setting as boot VGA device
      1 Jun 09 20:30:25 yry-ThinkPad-X1-Carbon-Gen-11 kernel: pci 0000:00:02.0: vgaarb: VGA device added: decodes=io+mem,owns=mem,locks=none
      1 Jun 09 20:30:25 yry-ThinkPad-X1-Carbon-Gen-11 kernel: pci 0000:00:02.0: Video device with shadowed ROM at [mem 0x000c0000-0x000dffff]
      1 Jun 09 20:30:25 yry-ThinkPad-X1-Carbon-Gen-11 kernel: pci 0000:00:04.0: [8086:a71d] type 00 class 0x118000 conventional PCI endpoint
      1 Jun 09 20:30:25 yry-ThinkPad-X1-Carbon-Gen-11 kernel: pci 0000:00:04.0: Adding to iommu group 2
      1 Jun 09 20:30:25 yry-ThinkPad-X1-Carbon-Gen-11 kernel: pci 0000:00:04.0: BAR 0 [mem 0x603d180000-0x603d19ffff 64bit]
      1 Jun 09 20:30:25 yry-ThinkPad-X1-Carbon-Gen-11 kernel: pci 0000:00:06.0: [8086:a74d] type 01 class 0x060400 PCIe Root Port
      1 Jun 09 20:30:25 yry-ThinkPad-X1-Carbon-Gen-11 kernel: pci 0000:00:06.0: Adding to iommu group 3
      2 Jun 09 20:30:25 yry-ThinkPad-X1-Carbon-Gen-11 kernel: pci 0000:00:06.0:   bridge window [mem 0xbc200000-0xbc2fffff]
      1 Jun 09 20:30:25 yry-ThinkPad-X1-Carbon-Gen-11 kernel: pci 0000:00:06.0: PME# supported from D0 D3hot D3cold
      1 Jun 09 20:30:25 yry-ThinkPad-X1-Carbon-Gen-11 kernel: pci 0000:00:06.0: PTM enabled (root), 4ns granularity
      1 Jun 09 20:30:25 yry-ThinkPad-X1-Carbon-Gen-11 kernel: pci 0000:00:07.0: [8086:a76e] type 01 class 0x060400 PCIe Root Port
      1 Jun 09 20:30:25 yry-ThinkPad-X1-Carbon-Gen-11 kernel: pci 0000:00:07.0: Adding to iommu group 4
      1 Jun 09 20:30:25 yry-ThinkPad-X1-Carbon-Gen-11 kernel: pci 0000:00:07.0:   bridge window [io  0x3000-0x3fff]
      1 Jun 09 20:30:25 yry-ThinkPad-X1-Carbon-Gen-11 kernel: pci 0000:00:07.0: bridge window [io  0x3000-0x3fff]: assigned
      2 Jun 09 20:30:25 yry-ThinkPad-X1-Carbon-Gen-11 kernel: pci 0000:00:07.0:   bridge window [mem 0x6000000000-0x601bffffff 64bit pref]
      2 Jun 09 20:30:25 yry-ThinkPad-X1-Carbon-Gen-11 kernel: pci 0000:00:07.0:   bridge window [mem 0xb0000000-0xbc1fffff]
      1 Jun 09 20:30:25 yry-ThinkPad-X1-Carbon-Gen-11 kernel: pci 0000:00:07.0: PME# supported from D0 D3hot D3cold
      1 Jun 09 20:30:25 yry-ThinkPad-X1-Carbon-Gen-11 kernel: pci 0000:00:07.0: PTM enabled (root), 4ns granularity
      1 Jun 09 20:30:25 yry-ThinkPad-X1-Carbon-Gen-11 kernel: pci 0000:00:07.2: [8086:a72f] type 01 class 0x060400 PCIe Root Port
      1 Jun 09 20:30:25 yry-ThinkPad-X1-Carbon-Gen-11 kernel: pci 0000:00:07.2: Adding to iommu group 5
      1 Jun 09 20:30:25 yry-ThinkPad-X1-Carbon-Gen-11 kernel: pci 0000:00:07.2:   bridge window [io  0x4000-0x4fff]
      1 Jun 09 20:30:25 yry-ThinkPad-X1-Carbon-Gen-11 kernel: pci 0000:00:07.2: bridge window [io  0x4000-0x4fff]: assigned
      2 Jun 09 20:30:25 yry-ThinkPad-X1-Carbon-Gen-11 kernel: pci 0000:00:07.2:   bridge window [mem 0x6020000000-0x603bffffff 64bit pref]
      2 Jun 09 20:30:25 yry-ThinkPad-X1-Carbon-Gen-11 kernel: pci 0000:00:07.2:   bridge window [mem 0xa2000000-0xae1fffff]
      1 Jun 09 20:30:25 yry-ThinkPad-X1-Carbon-Gen-11 kernel: pci 0000:00:07.2: PME# supported from D0 D3hot D3cold
      1 Jun 09 20:30:25 yry-ThinkPad-X1-Carbon-Gen-11 kernel: pci 0000:00:07.2: PTM enabled (root), 4ns granularity
      1 Jun 09 20:30:25 yry-ThinkPad-X1-Carbon-Gen-11 kernel: pci 0000:00:08.0: [8086:a74f] type 00 class 0x088000 conventional PCI endpoint
      1 Jun 09 20:30:25 yry-ThinkPad-X1-Carbon-Gen-11 kernel: pci 0000:00:08.0: Adding to iommu group 6
      1 Jun 09 20:30:25 yry-ThinkPad-X1-Carbon-Gen-11 kernel: pci 0000:00:08.0: BAR 0 [mem 0x603d1e3000-0x603d1e3fff 64bit]
      1 Jun 09 20:30:25 yry-ThinkPad-X1-Carbon-Gen-11 kernel: pci 0000:00:0a.0: [8086:a77d] type 00 class 0x118000 PCIe Root Complex Integrated Endpoint
      1 Jun 09 20:30:25 yry-ThinkPad-X1-Carbon-Gen-11 kernel: pci 0000:00:0a.0: Adding to iommu group 7
      1 Jun 09 20:30:25 yry-ThinkPad-X1-Carbon-Gen-11 kernel: pci 0000:00:0a.0: BAR 0 [mem 0x603d1c0000-0x603d1c7fff 64bit]
      1 Jun 09 20:30:25 yry-ThinkPad-X1-Carbon-Gen-11 kernel: pci 0000:00:0a.0: enabling Extended Tags
      1 Jun 09 20:30:25 yry-ThinkPad-X1-Carbon-Gen-11 kernel: pci 0000:00:0d.0: [8086:a71e] type 00 class 0x0c0330 conventional PCI endpoint
      1 Jun 09 20:30:25 yry-ThinkPad-X1-Carbon-Gen-11 kernel: pci 0000:00:0d.0: Adding to iommu group 8
      1 Jun 09 20:30:25 yry-ThinkPad-X1-Carbon-Gen-11 kernel: pci 0000:00:0d.0: BAR 0 [mem 0x603d1b0000-0x603d1bffff 64bit]
      1 Jun 09 20:30:25 yry-ThinkPad-X1-Carbon-Gen-11 kernel: pci 0000:00:0d.0: enabling device (0000 -> 0002)
      1 Jun 09 20:30:25 yry-ThinkPad-X1-Carbon-Gen-11 kernel: pci 0000:00:0d.0: PME# supported from D3hot D3cold
      1 Jun 09 20:30:25 yry-ThinkPad-X1-Carbon-Gen-11 kernel: pci 0000:00:0d.2: [8086:a73e] type 00 class 0x0c0340 conventional PCI endpoint
      1 Jun 09 20:30:25 yry-ThinkPad-X1-Carbon-Gen-11 kernel: pci 0000:00:0d.2: Adding to iommu group 8
      1 Jun 09 20:30:25 yry-ThinkPad-X1-Carbon-Gen-11 kernel: pci 0000:00:0d.2: BAR 0 [mem 0x603d140000-0x603d17ffff 64bit]
      1 Jun 09 20:30:25 yry-ThinkPad-X1-Carbon-Gen-11 kernel: pci 0000:00:0d.2: BAR 2 [mem 0x603d1e2000-0x603d1e2fff 64bit]
      1 Jun 09 20:30:25 yry-ThinkPad-X1-Carbon-Gen-11 kernel: pci 0000:00:0d.2: PME# supported from D0 D1 D2 D3hot D3cold
      1 Jun 09 20:30:25 yry-ThinkPad-X1-Carbon-Gen-11 kernel: pci 0000:00:0d.2: supports D1 D2
      1 Jun 09 20:30:25 yry-ThinkPad-X1-Carbon-Gen-11 kernel: pci 0000:00:0d.3: [8086:a76d] type 00 class 0x0c0340 conventional PCI endpoint
      1 Jun 09 20:30:25 yry-ThinkPad-X1-Carbon-Gen-11 kernel: pci 0000:00:0d.3: Adding to iommu group 8
      1 Jun 09 20:30:25 yry-ThinkPad-X1-Carbon-Gen-11 kernel: pci 0000:00:0d.3: BAR 0 [mem 0x603d100000-0x603d13ffff 64bit]
      1 Jun 09 20:30:25 yry-ThinkPad-X1-Carbon-Gen-11 kernel: pci 0000:00:0d.3: BAR 2 [mem 0x603d1e1000-0x603d1e1fff 64bit]
      1 Jun 09 20:30:25 yry-ThinkPad-X1-Carbon-Gen-11 kernel: pci 0000:00:0d.3: PME# supported from D0 D1 D2 D3hot D3cold
      1 Jun 09 20:30:25 yry-ThinkPad-X1-Carbon-Gen-11 kernel: pci 0000:00:0d.3: supports D1 D2
      1 Jun 09 20:30:25 yry-ThinkPad-X1-Carbon-Gen-11 kernel: pci 0000:00:14.0: [8086:51ed] type 00 class 0x0c0330 conventional PCI endpoint
      1 Jun 09 20:30:25 yry-ThinkPad-X1-Carbon-Gen-11 kernel: pci 0000:00:14.0: Adding to iommu group 9
      1 Jun 09 20:30:25 yry-ThinkPad-X1-Carbon-Gen-11 kernel: pci 0000:00:14.0: BAR 0 [mem 0x603d1a0000-0x603d1affff 64bit]
      1 Jun 09 20:30:25 yry-ThinkPad-X1-Carbon-Gen-11 kernel: pci 0000:00:14.0: PME# supported from D3hot D3cold
      1 Jun 09 20:30:25 yry-ThinkPad-X1-Carbon-Gen-11 kernel: pci 0000:00:14.2: [8086:51ef] type 00 class 0x050000 conventional PCI endpoint
      1 Jun 09 20:30:25 yry-ThinkPad-X1-Carbon-Gen-11 kernel: pci 0000:00:14.2: Adding to iommu group 9
      1 Jun 09 20:30:25 yry-ThinkPad-X1-Carbon-Gen-11 kernel: pci 0000:00:14.2: BAR 0 [mem 0x603d1d8000-0x603d1dbfff 64bit]
      1 Jun 09 20:30:25 yry-ThinkPad-X1-Carbon-Gen-11 kernel: pci 0000:00:14.2: BAR 2 [mem 0x603d1e0000-0x603d1e0fff 64bit]
      1 Jun 09 20:30:25 yry-ThinkPad-X1-Carbon-Gen-11 kernel: pci 0000:00:14.3: [8086:51f1] type 00 class 0x028000 PCIe Root Complex Integrated Endpoint
      1 Jun 09 20:30:25 yry-ThinkPad-X1-Carbon-Gen-11 kernel: pci 0000:00:14.3: Adding to iommu group 10
      1 Jun 09 20:30:25 yry-ThinkPad-X1-Carbon-Gen-11 kernel: pci 0000:00:14.3: BAR 0 [mem 0x603d1d4000-0x603d1d7fff 64bit]
      1 Jun 09 20:30:25 yry-ThinkPad-X1-Carbon-Gen-11 kernel: pci 0000:00:14.3: PME# supported from D0 D3hot D3cold
      1 Jun 09 20:30:25 yry-ThinkPad-X1-Carbon-Gen-11 kernel: pci 0000:00:15.0: [8086:51e8] type 00 class 0x0c8000 conventional PCI endpoint
      1 Jun 09 20:30:25 yry-ThinkPad-X1-Carbon-Gen-11 kernel: pci 0000:00:15.0: Adding to iommu group 11
      1 Jun 09 20:30:25 yry-ThinkPad-X1-Carbon-Gen-11 kernel: pci 0000:00:15.0: BAR 0 [mem 0x00000000-0x00000fff 64bit]
      1 Jun 09 20:30:25 yry-ThinkPad-X1-Carbon-Gen-11 kernel: pci 0000:00:15.0: BAR 0 [mem 0x4017000000-0x4017000fff 64bit]: assigned
      1 Jun 09 20:30:25 yry-ThinkPad-X1-Carbon-Gen-11 kernel: pci 0000:00:15.1: [8086:51e9] type 00 class 0x0c8000 conventional PCI endpoint
      1 Jun 09 20:30:25 yry-ThinkPad-X1-Carbon-Gen-11 kernel: pci 0000:00:15.1: Adding to iommu group 11
      1 Jun 09 20:30:25 yry-ThinkPad-X1-Carbon-Gen-11 kernel: pci 0000:00:15.1: BAR 0 [mem 0x00000000-0x00000fff 64bit]
      1 Jun 09 20:30:25 yry-ThinkPad-X1-Carbon-Gen-11 kernel: pci 0000:00:15.1: BAR 0 [mem 0x4017001000-0x4017001fff 64bit]: assigned
      1 Jun 09 20:30:25 yry-ThinkPad-X1-Carbon-Gen-11 kernel: pci 0000:00:16.0: [8086:51e0] type 00 class 0x078000 conventional PCI endpoint
      1 Jun 09 20:30:25 yry-ThinkPad-X1-Carbon-Gen-11 kernel: pci 0000:00:16.0: Adding to iommu group 12
      1 Jun 09 20:30:25 yry-ThinkPad-X1-Carbon-Gen-11 kernel: pci 0000:00:16.0: BAR 0 [mem 0x603d1dd000-0x603d1ddfff 64bit]
      1 Jun 09 20:30:25 yry-ThinkPad-X1-Carbon-Gen-11 kernel: pci 0000:00:16.0: PME# supported from D3hot
      1 Jun 09 20:30:25 yry-ThinkPad-X1-Carbon-Gen-11 kernel: pci 0000:00:16.3: [8086:51e3] type 00 class 0x070002 conventional PCI endpoint
      1 Jun 09 20:30:25 yry-ThinkPad-X1-Carbon-Gen-11 kernel: pci 0000:00:16.3: Adding to iommu group 12
      1 Jun 09 20:30:25 yry-ThinkPad-X1-Carbon-Gen-11 kernel: pci 0000:00:16.3: BAR 0 [io  0x2060-0x2067]
      1 Jun 09 20:30:25 yry-ThinkPad-X1-Carbon-Gen-11 kernel: pci 0000:00:16.3: BAR 1 [mem 0xbc301000-0xbc301fff]
      1 Jun 09 20:30:25 yry-ThinkPad-X1-Carbon-Gen-11 kernel: pci 0000:00:1f.0: [8086:519d] type 00 class 0x060100 conventional PCI endpoint
      1 Jun 09 20:30:25 yry-ThinkPad-X1-Carbon-Gen-11 kernel: pci 0000:00:1f.0: Adding to iommu group 13
      1 Jun 09 20:30:25 yry-ThinkPad-X1-Carbon-Gen-11 kernel: pci 0000:00:1f.3: [8086:51ca] type 00 class 0x040380 conventional PCI endpoint
      1 Jun 09 20:30:25 yry-ThinkPad-X1-Carbon-Gen-11 kernel: pci 0000:00:1f.3: Adding to iommu group 13
      1 Jun 09 20:30:25 yry-ThinkPad-X1-Carbon-Gen-11 kernel: pci 0000:00:1f.3: BAR 0 [mem 0x603d1d0000-0x603d1d3fff 64bit]
      1 Jun 09 20:30:25 yry-ThinkPad-X1-Carbon-Gen-11 kernel: pci 0000:00:1f.3: BAR 4 [mem 0x603d000000-0x603d0fffff 64bit]
      1 Jun 09 20:30:25 yry-ThinkPad-X1-Carbon-Gen-11 kernel: pci 0000:00:1f.3: PME# supported from D3hot D3cold
      1 Jun 09 20:30:25 yry-ThinkPad-X1-Carbon-Gen-11 kernel: pci 0000:00:1f.4: [8086:51a3] type 00 class 0x0c0500 conventional PCI endpoint
      1 Jun 09 20:30:25 yry-ThinkPad-X1-Carbon-Gen-11 kernel: pci 0000:00:1f.4: Adding to iommu group 13
      1 Jun 09 20:30:25 yry-ThinkPad-X1-Carbon-Gen-11 kernel: pci 0000:00:1f.4: BAR 0 [mem 0x603d1dc000-0x603d1dc0ff 64bit]
      1 Jun 09 20:30:25 yry-ThinkPad-X1-Carbon-Gen-11 kernel: pci 0000:00:1f.4: BAR 4 [io  0xefa0-0xefbf]
      1 Jun 09 20:30:25 yry-ThinkPad-X1-Carbon-Gen-11 kernel: pci 0000:00:1f.5: [8086:51a4] type 00 class 0x0c8000 conventional PCI endpoint
      1 Jun 09 20:30:25 yry-ThinkPad-X1-Carbon-Gen-11 kernel: pci 0000:00:1f.5: Adding to iommu group 13
      1 Jun 09 20:30:25 yry-ThinkPad-X1-Carbon-Gen-11 kernel: pci 0000:00:1f.5: BAR 0 [mem 0xa0800000-0xa0800fff]: assigned
      1 Jun 09 20:30:25 yry-ThinkPad-X1-Carbon-Gen-11 kernel: pci 0000:00:1f.5: BAR 0 [mem 0xfe010000-0xfe010fff]
      1 Jun 09 20:30:25 yry-ThinkPad-X1-Carbon-Gen-11 kernel: pci 0000:00:1f.5: BAR 0 [mem 0xfe010000-0xfe010fff]: can't claim; no compatible bridge window
      1 Jun 09 20:30:25 yry-ThinkPad-X1-Carbon-Gen-11 kernel: pci 0000:04:00.0: [1e0f:0010] type 00 class 0x010802 PCIe Endpoint
      1 Jun 09 20:30:25 yry-ThinkPad-X1-Carbon-Gen-11 kernel: pci 0000:04:00.0: Adding to iommu group 14
      1 Jun 09 20:30:25 yry-ThinkPad-X1-Carbon-Gen-11 kernel: pci 0000:04:00.0: BAR 0 [mem 0xbc200000-0xbc203fff 64bit]
      1 Jun 09 20:30:25 yry-ThinkPad-X1-Carbon-Gen-11 kernel: pci_bus 0000:00: max bus depth: 1 pci_try_num: 2
      1 Jun 09 20:30:25 yry-ThinkPad-X1-Carbon-Gen-11 kernel: pci_bus 0000:00: resource 4 [io  0x0000-0x0cf7 window]
      1 Jun 09 20:30:25 yry-ThinkPad-X1-Carbon-Gen-11 kernel: pci_bus 0000:00: resource 5 [io  0x0d00-0xffff window]
      1 Jun 09 20:30:25 yry-ThinkPad-X1-Carbon-Gen-11 kernel: pci_bus 0000:00: resource 6 [mem 0x000a0000-0x000bffff window]
      1 Jun 09 20:30:25 yry-ThinkPad-X1-Carbon-Gen-11 kernel: pci_bus 0000:00: resource 7 [mem 0xa0800000-0xbfffffff window]
      1 Jun 09 20:30:25 yry-ThinkPad-X1-Carbon-Gen-11 kernel: pci_bus 0000:00: resource 8 [mem 0x4000000000-0x7fffffffff window]
      1 Jun 09 20:30:25 yry-ThinkPad-X1-Carbon-Gen-11 kernel: pci_bus 0000:00: root bus resource [bus 00-fe]
      1 Jun 09 20:30:25 yry-ThinkPad-X1-Carbon-Gen-11 kernel: pci_bus 0000:00: root bus resource [io  0x0000-0x0cf7 window]
      1 Jun 09 20:30:25 yry-ThinkPad-X1-Carbon-Gen-11 kernel: pci_bus 0000:00: root bus resource [io  0x0d00-0xffff window]
      1 Jun 09 20:30:25 yry-ThinkPad-X1-Carbon-Gen-11 kernel: pci_bus 0000:00: root bus resource [mem 0x000a0000-0x000bffff window]
      1 Jun 09 20:30:25 yry-ThinkPad-X1-Carbon-Gen-11 kernel: pci_bus 0000:00: root bus resource [mem 0x4000000000-0x7fffffffff window]
      1 Jun 09 20:30:25 yry-ThinkPad-X1-Carbon-Gen-11 kernel: pci_bus 0000:00: root bus resource [mem 0xa0800000-0xbfffffff window]
      1 Jun 09 20:30:25 yry-ThinkPad-X1-Carbon-Gen-11 kernel: pci_bus 0000:04: resource 1 [mem 0xbc200000-0xbc2fffff]
      1 Jun 09 20:30:25 yry-ThinkPad-X1-Carbon-Gen-11 kernel: pci_bus 0000:20: resource 0 [io  0x3000-0x3fff]
      1 Jun 09 20:30:25 yry-ThinkPad-X1-Carbon-Gen-11 kernel: pci_bus 0000:20: resource 1 [mem 0xb0000000-0xbc1fffff]
      1 Jun 09 20:30:25 yry-ThinkPad-X1-Carbon-Gen-11 kernel: pci_bus 0000:20: resource 2 [mem 0x6000000000-0x601bffffff 64bit pref]
      1 Jun 09 20:30:25 yry-ThinkPad-X1-Carbon-Gen-11 kernel: pci_bus 0000:50: resource 0 [io  0x4000-0x4fff]
      1 Jun 09 20:30:25 yry-ThinkPad-X1-Carbon-Gen-11 kernel: pci_bus 0000:50: resource 1 [mem 0xa2000000-0xae1fffff]
      1 Jun 09 20:30:25 yry-ThinkPad-X1-Carbon-Gen-11 kernel: pci_bus 0000:50: resource 2 [mem 0x6020000000-0x603bffffff 64bit pref]
      1 Jun 09 20:30:25 yry-ThinkPad-X1-Carbon-Gen-11 kernel: PCI: CLS 0 bytes, default 64
      1 Jun 09 20:30:25 yry-ThinkPad-X1-Carbon-Gen-11 kernel: PCI-DMA: Using software bounce buffering for IO (SWIOTLB)
      2 Jun 09 20:30:25 yry-ThinkPad-X1-Carbon-Gen-11 kernel: PCI: ECAM [mem 0xc0000000-0xcfffffff] (base 0xc0000000) for domain 0000 [bus 00-ff]
      1 Jun 09 20:30:25 yry-ThinkPad-X1-Carbon-Gen-11 kernel: PCI: ECAM [mem 0xc0000000-0xcfffffff] reserved as ACPI motherboard resource
      1 Jun 09 20:30:25 yry-ThinkPad-X1-Carbon-Gen-11 kernel: pcieport 0000:00:06.0: PME: Signaling with IRQ 122
      1 Jun 09 20:30:25 yry-ThinkPad-X1-Carbon-Gen-11 kernel: pcieport 0000:00:07.0: pciehp: Slot #3 AttnBtn- PwrCtrl- MRL- AttnInd- PwrInd- HotPlug+ Surprise+ Interlock- NoCompl+ IbPresDis- LLActRep+
      1 Jun 09 20:30:25 yry-ThinkPad-X1-Carbon-Gen-11 kernel: pcieport 0000:00:07.0: PME: Signaling with IRQ 123
      1 Jun 09 20:30:25 yry-ThinkPad-X1-Carbon-Gen-11 kernel: pcieport 0000:00:07.2: pciehp: Slot #5 AttnBtn- PwrCtrl- MRL- AttnInd- PwrInd- HotPlug+ Surprise+ Interlock- NoCompl+ IbPresDis- LLActRep+
      1 Jun 09 20:30:25 yry-ThinkPad-X1-Carbon-Gen-11 kernel: pcieport 0000:00:07.2: PME: Signaling with IRQ 124
      1 Jun 09 20:30:25 yry-ThinkPad-X1-Carbon-Gen-11 kernel: PCI host bridge to bus 0000:00
      1 Jun 09 20:30:25 yry-ThinkPad-X1-Carbon-Gen-11 kernel: PCI: Ignoring E820 reservations for host bridge windows
      1 Jun 09 20:30:25 yry-ThinkPad-X1-Carbon-Gen-11 kernel: PCI: not using ECAM ([mem 0xc0000000-0xcfffffff] not reserved)
      1 Jun 09 20:30:25 yry-ThinkPad-X1-Carbon-Gen-11 kernel: PCI: pci_cache_line_size set to 64 bytes
      1 Jun 09 20:30:25 yry-ThinkPad-X1-Carbon-Gen-11 kernel: PCI: Using ACPI for IRQ routing
      1 Jun 09 20:30:25 yry-ThinkPad-X1-Carbon-Gen-11 kernel: PCI: Using configuration type 1 for base access
      1 Jun 09 20:30:25 yry-ThinkPad-X1-Carbon-Gen-11 kernel: PCI: Using host bridge windows from ACPI; if necessary, use "pci=nocrs" and report a bug
      1 Jun 09 20:30:25 yry-ThinkPad-X1-Carbon-Gen-11 kernel: pcpu-alloc: [0] 00 01 02 03 [0] 04 05 06 07 
      1 Jun 09 20:30:25 yry-ThinkPad-X1-Carbon-Gen-11 kernel: pcpu-alloc: [0] 08 09 10 11 
      1 Jun 09 20:30:25 yry-ThinkPad-X1-Carbon-Gen-11 kernel: pcpu-alloc: s229376 r8192 d114688 u524288 alloc=1*2097152
      1 Jun 09 20:30:25 yry-ThinkPad-X1-Carbon-Gen-11 kernel: percpu: Embedded 86 pages/cpu s229376 r8192 d114688 u524288
      1 Jun 09 20:30:25 yry-ThinkPad-X1-Carbon-Gen-11 kernel: Performance Events: XSAVE Architectural LBR, PEBS fmt4+-baseline,  AnyThread deprecated, Alderlake Hybrid events, 32-deep LBR, full-width counters, Intel PMU driver.
      1 Jun 09 20:30:25 yry-ThinkPad-X1-Carbon-Gen-11 kernel: pid_max: default: 32768 minimum: 301
      1 Jun 09 20:30:25 yry-ThinkPad-X1-Carbon-Gen-11 kernel: pinctrl core: initialized pinctrl subsystem
      1 Jun 09 20:30:25 yry-ThinkPad-X1-Carbon-Gen-11 kernel: platform eisa.0: Cannot allocate resource for EISA slot 1
      1 Jun 09 20:30:25 yry-ThinkPad-X1-Carbon-Gen-11 kernel: platform eisa.0: Cannot allocate resource for EISA slot 2
      1 Jun 09 20:30:25 yry-ThinkPad-X1-Carbon-Gen-11 kernel: platform eisa.0: Cannot allocate resource for EISA slot 3
      1 Jun 09 20:30:25 yry-ThinkPad-X1-Carbon-Gen-11 kernel: platform eisa.0: Cannot allocate resource for EISA slot 4
      1 Jun 09 20:30:25 yry-ThinkPad-X1-Carbon-Gen-11 kernel: platform eisa.0: Cannot allocate resource for EISA slot 5
      1 Jun 09 20:30:25 yry-ThinkPad-X1-Carbon-Gen-11 kernel: platform eisa.0: Cannot allocate resource for EISA slot 6
      1 Jun 09 20:30:25 yry-ThinkPad-X1-Carbon-Gen-11 kernel: platform eisa.0: Cannot allocate resource for EISA slot 7
      1 Jun 09 20:30:25 yry-ThinkPad-X1-Carbon-Gen-11 kernel: platform eisa.0: Cannot allocate resource for EISA slot 8
      1 Jun 09 20:30:25 yry-ThinkPad-X1-Carbon-Gen-11 kernel: platform eisa.0: EISA: Cannot allocate resource for mainboard
      1 Jun 09 20:30:25 yry-ThinkPad-X1-Carbon-Gen-11 kernel: platform eisa.0: EISA: Detected 0 cards
      1 Jun 09 20:30:25 yry-ThinkPad-X1-Carbon-Gen-11 kernel: platform eisa.0: Probing EISA bus 0
      1 Jun 09 20:30:25 yry-ThinkPad-X1-Carbon-Gen-11 kernel: platform INTC10A1:00: hash matches
      1 Jun 09 20:30:25 yry-ThinkPad-X1-Carbon-Gen-11 kernel: platform rtc_cmos: registered platform RTC device (no PNP device found)
      1 Jun 09 20:30:25 yry-ThinkPad-X1-Carbon-Gen-11 kernel: PM: hibernation: Registered nosave memory: [mem 0x00000000-0x00000fff]
      1 Jun 09 20:30:25 yry-ThinkPad-X1-Carbon-Gen-11 kernel: PM: hibernation: Registered nosave memory: [mem 0x0009f000-0x000fffff]
      1 Jun 09 20:30:25 yry-ThinkPad-X1-Carbon-Gen-11 kernel: PM: hibernation: Registered nosave memory: [mem 0x5862f000-0x5922efff]
      1 Jun 09 20:30:25 yry-ThinkPad-X1-Carbon-Gen-11 kernel: PM: hibernation: Registered nosave memory: [mem 0x5922f000-0x592fefff]
      1 Jun 09 20:30:25 yry-ThinkPad-X1-Carbon-Gen-11 kernel: PM: hibernation: Registered nosave memory: [mem 0x592ff000-0x5bcfefff]
      1 Jun 09 20:30:25 yry-ThinkPad-X1-Carbon-Gen-11 kernel: PM: hibernation: Registered nosave memory: [mem 0x875a9000-0x87639fff]
      1 Jun 09 20:30:25 yry-ThinkPad-X1-Carbon-Gen-11 kernel: PM: hibernation: Registered nosave memory: [mem 0x87720000-0x87720fff]
      1 Jun 09 20:30:25 yry-ThinkPad-X1-Carbon-Gen-11 kernel: PM: hibernation: Registered nosave memory: [mem 0x8dcff000-0x917fefff]
      1 Jun 09 20:30:25 yry-ThinkPad-X1-Carbon-Gen-11 kernel: PM: hibernation: Registered nosave memory: [mem 0x91800000-0x95ffffff]
      1 Jun 09 20:30:25 yry-ThinkPad-X1-Carbon-Gen-11 kernel: PM: hibernation: Registered nosave memory: [mem 0x96000000-0x973fffff]
      1 Jun 09 20:30:25 yry-ThinkPad-X1-Carbon-Gen-11 kernel: PM: hibernation: Registered nosave memory: [mem 0x97400000-0x977fffff]
      1 Jun 09 20:30:25 yry-ThinkPad-X1-Carbon-Gen-11 kernel: PM: hibernation: Registered nosave memory: [mem 0x97800000-0x981fffff]
      1 Jun 09 20:30:25 yry-ThinkPad-X1-Carbon-Gen-11 kernel: PM: hibernation: Registered nosave memory: [mem 0x98200000-0xa07fffff]
      1 Jun 09 20:30:25 yry-ThinkPad-X1-Carbon-Gen-11 kernel: PM: hibernation: Registered nosave memory: [mem 0xa0800000-0xfed1ffff]
      1 Jun 09 20:30:25 yry-ThinkPad-X1-Carbon-Gen-11 kernel: PM: hibernation: Registered nosave memory: [mem 0xfed20000-0xfed7ffff]
      1 Jun 09 20:30:25 yry-ThinkPad-X1-Carbon-Gen-11 kernel: PM: hibernation: Registered nosave memory: [mem 0xfed80000-0xffffffff]
      1 Jun 09 20:30:25 yry-ThinkPad-X1-Carbon-Gen-11 kernel: PM:   Magic number: 12:225:506
      1 Jun 09 20:30:25 yry-ThinkPad-X1-Carbon-Gen-11 kernel: PM: RTC time: 00:30:21, date: 2024-06-10
      1 Jun 09 20:30:25 yry-ThinkPad-X1-Carbon-Gen-11 kernel: pnp 00:04: disabling [mem 0xc0000000-0xcfffffff] because it overlaps 0000:00:02.0 BAR 9 [mem 0x00000000-0xdfffffff 64bit pref]
      1 Jun 09 20:30:25 yry-ThinkPad-X1-Carbon-Gen-11 kernel: pnp 00:05: disabling [mem 0xc0000000-0xcfffffff] because it overlaps 0000:00:02.0 BAR 9 [mem 0x00000000-0xdfffffff 64bit pref]
      1 Jun 09 20:30:25 yry-ThinkPad-X1-Carbon-Gen-11 kernel: pnp 00:08: disabling [mem 0x00000000-0x0009ffff] because it overlaps 0000:00:02.0 BAR 7 [mem 0x00000000-0x06ffffff 64bit]
      1 Jun 09 20:30:25 yry-ThinkPad-X1-Carbon-Gen-11 kernel: pnp 00:08: disabling [mem 0x00000000-0x0009ffff disabled] because it overlaps 0000:00:02.0 BAR 9 [mem 0x00000000-0xdfffffff 64bit pref]
      1 Jun 09 20:30:25 yry-ThinkPad-X1-Carbon-Gen-11 kernel: pnp 00:08: disabling [mem 0x000c0000-0x000c3fff] because it overlaps 0000:00:02.0 BAR 6 [mem 0x000c0000-0x000dffff]
      1 Jun 09 20:30:25 yry-ThinkPad-X1-Carbon-Gen-11 kernel: pnp 00:08: disabling [mem 0x000c0000-0x000c3fff disabled] because it overlaps 0000:00:02.0 BAR 7 [mem 0x00000000-0x06ffffff 64bit]
      1 Jun 09 20:30:25 yry-ThinkPad-X1-Carbon-Gen-11 kernel: pnp 00:08: disabling [mem 0x000c0000-0x000c3fff disabled] because it overlaps 0000:00:02.0 BAR 9 [mem 0x00000000-0xdfffffff 64bit pref]
      1 Jun 09 20:30:25 yry-ThinkPad-X1-Carbon-Gen-11 kernel: pnp 00:08: disabling [mem 0x000c8000-0x000cbfff] because it overlaps 0000:00:02.0 BAR 6 [mem 0x000c0000-0x000dffff]
      1 Jun 09 20:30:25 yry-ThinkPad-X1-Carbon-Gen-11 kernel: pnp 00:08: disabling [mem 0x000c8000-0x000cbfff disabled] because it overlaps 0000:00:02.0 BAR 7 [mem 0x00000000-0x06ffffff 64bit]
      1 Jun 09 20:30:25 yry-ThinkPad-X1-Carbon-Gen-11 kernel: pnp 00:08: disabling [mem 0x000c8000-0x000cbfff disabled] because it overlaps 0000:00:02.0 BAR 9 [mem 0x00000000-0xdfffffff 64bit pref]
      1 Jun 09 20:30:25 yry-ThinkPad-X1-Carbon-Gen-11 kernel: pnp 00:08: disabling [mem 0x000d0000-0x000d3fff] because it overlaps 0000:00:02.0 BAR 6 [mem 0x000c0000-0x000dffff]
      1 Jun 09 20:30:25 yry-ThinkPad-X1-Carbon-Gen-11 kernel: pnp 00:08: disabling [mem 0x000d0000-0x000d3fff disabled] because it overlaps 0000:00:02.0 BAR 7 [mem 0x00000000-0x06ffffff 64bit]
      1 Jun 09 20:30:25 yry-ThinkPad-X1-Carbon-Gen-11 kernel: pnp 00:08: disabling [mem 0x000d0000-0x000d3fff disabled] because it overlaps 0000:00:02.0 BAR 9 [mem 0x00000000-0xdfffffff 64bit pref]
      1 Jun 09 20:30:25 yry-ThinkPad-X1-Carbon-Gen-11 kernel: pnp 00:08: disabling [mem 0x000d8000-0x000dbfff] because it overlaps 0000:00:02.0 BAR 6 [mem 0x000c0000-0x000dffff]
      1 Jun 09 20:30:25 yry-ThinkPad-X1-Carbon-Gen-11 kernel: pnp 00:08: disabling [mem 0x000d8000-0x000dbfff disabled] because it overlaps 0000:00:02.0 BAR 7 [mem 0x00000000-0x06ffffff 64bit]
      1 Jun 09 20:30:25 yry-ThinkPad-X1-Carbon-Gen-11 kernel: pnp 00:08: disabling [mem 0x000d8000-0x000dbfff disabled] because it overlaps 0000:00:02.0 BAR 9 [mem 0x00000000-0xdfffffff 64bit pref]
      1 Jun 09 20:30:25 yry-ThinkPad-X1-Carbon-Gen-11 kernel: pnp 00:08: disabling [mem 0x000e0000-0x000e3fff] because it overlaps 0000:00:02.0 BAR 7 [mem 0x00000000-0x06ffffff 64bit]
      1 Jun 09 20:30:25 yry-ThinkPad-X1-Carbon-Gen-11 kernel: pnp 00:08: disabling [mem 0x000e0000-0x000e3fff disabled] because it overlaps 0000:00:02.0 BAR 9 [mem 0x00000000-0xdfffffff 64bit pref]
      1 Jun 09 20:30:25 yry-ThinkPad-X1-Carbon-Gen-11 kernel: pnp 00:08: disabling [mem 0x000e8000-0x000ebfff] because it overlaps 0000:00:02.0 BAR 7 [mem 0x00000000-0x06ffffff 64bit]
      1 Jun 09 20:30:25 yry-ThinkPad-X1-Carbon-Gen-11 kernel: pnp 00:08: disabling [mem 0x000e8000-0x000ebfff disabled] because it overlaps 0000:00:02.0 BAR 9 [mem 0x00000000-0xdfffffff 64bit pref]
      1 Jun 09 20:30:25 yry-ThinkPad-X1-Carbon-Gen-11 kernel: pnp 00:08: disabling [mem 0x000f0000-0x000fffff] because it overlaps 0000:00:02.0 BAR 7 [mem 0x00000000-0x06ffffff 64bit]
      1 Jun 09 20:30:25 yry-ThinkPad-X1-Carbon-Gen-11 kernel: pnp 00:08: disabling [mem 0x000f0000-0x000fffff disabled] because it overlaps 0000:00:02.0 BAR 9 [mem 0x00000000-0xdfffffff 64bit pref]
      1 Jun 09 20:30:25 yry-ThinkPad-X1-Carbon-Gen-11 kernel: pnp 00:08: disabling [mem 0x00100000-0xa07fffff] because it overlaps 0000:00:02.0 BAR 7 [mem 0x00000000-0x06ffffff 64bit]
      1 Jun 09 20:30:25 yry-ThinkPad-X1-Carbon-Gen-11 kernel: pnp 00:08: disabling [mem 0x00100000-0xa07fffff disabled] because it overlaps 0000:00:02.0 BAR 9 [mem 0x00000000-0xdfffffff 64bit pref]
      1 Jun 09 20:30:25 yry-ThinkPad-X1-Carbon-Gen-11 kernel: pnp: PnP ACPI: found 9 devices
      1 Jun 09 20:30:25 yry-ThinkPad-X1-Carbon-Gen-11 kernel: pnp: PnP ACPI init
      1 Jun 09 20:30:25 yry-ThinkPad-X1-Carbon-Gen-11 kernel: Policy zone: Normal
      1 Jun 09 20:30:25 yry-ThinkPad-X1-Carbon-Gen-11 kernel: ppdev: user-space parallel port driver
      1 Jun 09 20:30:25 yry-ThinkPad-X1-Carbon-Gen-11 kernel: PPP generic driver version 2.4.2
      1 Jun 09 20:30:25 yry-ThinkPad-X1-Carbon-Gen-11 kernel: pps_core: LinuxPPS API ver. 1 registered
      1 Jun 09 20:30:25 yry-ThinkPad-X1-Carbon-Gen-11 kernel: pps_core: Software ver. 5.3.6 - Copyright 2005-2007 Rodolfo Giometti <giometti@linux.it>
      1 Jun 09 20:30:25 yry-ThinkPad-X1-Carbon-Gen-11 kernel: printk: legacy console [tty0] enabled
      1 Jun 09 20:30:25 yry-ThinkPad-X1-Carbon-Gen-11 kernel: process: using mwait in idle threads
      1 Jun 09 20:30:25 yry-ThinkPad-X1-Carbon-Gen-11 kernel: proc_thermal_pci 0000:00:04.0: enabling device (0000 -> 0002)
      1 Jun 09 20:30:25 yry-ThinkPad-X1-Carbon-Gen-11 kernel: psmouse serio1: trackpoint: Elan TrackPoint firmware: 0xc2, buttons: 3/3
      1 Jun 09 20:30:25 yry-ThinkPad-X1-Carbon-Gen-11 kernel: pstore: Registered efi_pstore as persistent store backend
      1 Jun 09 20:30:25 yry-ThinkPad-X1-Carbon-Gen-11 kernel: pstore: Using crash dump compression: deflate
      1 Jun 09 20:30:25 yry-ThinkPad-X1-Carbon-Gen-11 kernel: PTP clock support registered
      1 Jun 09 20:30:25 yry-ThinkPad-X1-Carbon-Gen-11 kernel: RAMDISK: [mem 0x487a3000-0x4c649fff]
      1 Jun 09 20:30:25 yry-ThinkPad-X1-Carbon-Gen-11 kernel: random: crng init done
      1 Jun 09 20:30:25 yry-ThinkPad-X1-Carbon-Gen-11 kernel: RAPL PMU: API unit is 2^-32 Joules, 4 fixed counters, 655360 ms ovfl timer
      1 Jun 09 20:30:25 yry-ThinkPad-X1-Carbon-Gen-11 kernel: RAPL PMU: hw unit of domain package 2^-14 Joules
      1 Jun 09 20:30:25 yry-ThinkPad-X1-Carbon-Gen-11 kernel: RAPL PMU: hw unit of domain pp0-core 2^-14 Joules
      1 Jun 09 20:30:25 yry-ThinkPad-X1-Carbon-Gen-11 kernel: RAPL PMU: hw unit of domain pp1-gpu 2^-14 Joules
      1 Jun 09 20:30:25 yry-ThinkPad-X1-Carbon-Gen-11 kernel: RAPL PMU: hw unit of domain psys 2^-14 Joules
      1 Jun 09 20:30:25 yry-ThinkPad-X1-Carbon-Gen-11 kernel: RAS: Correctable Errors collector initialized.
      1 Jun 09 20:30:25 yry-ThinkPad-X1-Carbon-Gen-11 kernel: rcu: Adjusting geometry for rcu_fanout_leaf=16, nr_cpu_ids=12
      1 Jun 09 20:30:25 yry-ThinkPad-X1-Carbon-Gen-11 kernel: rcu: Hierarchical SRCU implementation.
      1 Jun 09 20:30:25 yry-ThinkPad-X1-Carbon-Gen-11 kernel: rcu:         Max phase no-delay instances is 400.
      1 Jun 09 20:30:25 yry-ThinkPad-X1-Carbon-Gen-11 kernel: rcu: Preemptible hierarchical RCU implementation.
      1 Jun 09 20:30:25 yry-ThinkPad-X1-Carbon-Gen-11 kernel: rcu: RCU calculated value of scheduler-enlistment delay is 100 jiffies.
      1 Jun 09 20:30:25 yry-ThinkPad-X1-Carbon-Gen-11 kernel: rcu:         RCU restricting CPUs from NR_CPUS=8192 to nr_cpu_ids=12.
      1 Jun 09 20:30:25 yry-ThinkPad-X1-Carbon-Gen-11 kernel: rcu: srcu_init: Setting srcu_struct sizes based on contention.
      1 Jun 09 20:30:25 yry-ThinkPad-X1-Carbon-Gen-11 kernel: RCU Tasks Rude: Setting shift to 4 and lim to 1 rcu_task_cb_adjust=1.
      1 Jun 09 20:30:25 yry-ThinkPad-X1-Carbon-Gen-11 kernel: RCU Tasks: Setting shift to 4 and lim to 1 rcu_task_cb_adjust=1.
      1 Jun 09 20:30:25 yry-ThinkPad-X1-Carbon-Gen-11 kernel: RCU Tasks Trace: Setting shift to 4 and lim to 1 rcu_task_cb_adjust=1.
      1 Jun 09 20:30:25 yry-ThinkPad-X1-Carbon-Gen-11 kernel: registered taskstats version 1
      1 Jun 09 20:30:25 yry-ThinkPad-X1-Carbon-Gen-11 kernel: Register File Data Sampling: Mitigation: Clear Register File
      1 Jun 09 20:30:25 yry-ThinkPad-X1-Carbon-Gen-11 kernel: Reserving Intel graphics memory at [mem 0x9c800000-0xa07fffff]
      1 Jun 09 20:30:25 yry-ThinkPad-X1-Carbon-Gen-11 kernel: resource: resource sanity check: requesting [mem 0x00000000fedc0000-0x00000000fedcffff], which spans more than pnp 00:05 [mem 0xfedc0000-0xfedc7fff]
      1 Jun 09 20:30:25 yry-ThinkPad-X1-Carbon-Gen-11 kernel: rtc_cmos rtc_cmos: alarms up to one month, y3k, 114 bytes nvram
      1 Jun 09 20:30:25 yry-ThinkPad-X1-Carbon-Gen-11 kernel: rtc_cmos rtc_cmos: registered as rtc0
      1 Jun 09 20:30:25 yry-ThinkPad-X1-Carbon-Gen-11 kernel: rtc_cmos rtc_cmos: RTC can wake from S4
      1 Jun 09 20:30:25 yry-ThinkPad-X1-Carbon-Gen-11 kernel: rtc_cmos rtc_cmos: setting system clock to 2024-06-10T00:30:23 UTC (1717979423)
      1 Jun 09 20:30:25 yry-ThinkPad-X1-Carbon-Gen-11 kernel:         Rude variant of Tasks RCU enabled.
      1 Jun 09 20:30:25 yry-ThinkPad-X1-Carbon-Gen-11 kernel: Run /init as init process
      1 Jun 09 20:30:25 yry-ThinkPad-X1-Carbon-Gen-11 kernel: sched_clock: Marking stable (1568000774, 30113892)->(1665656448, -67541782)
      1 Jun 09 20:30:25 yry-ThinkPad-X1-Carbon-Gen-11 kernel: SCSI subsystem initialized
      2 Jun 09 20:30:25 yry-ThinkPad-X1-Carbon-Gen-11 kernel: secureboot: Secure boot disabled
      1 Jun 09 20:30:25 yry-ThinkPad-X1-Carbon-Gen-11 kernel: Segment Routing with IPv6
      1 Jun 09 20:30:25 yry-ThinkPad-X1-Carbon-Gen-11 kernel: Serial: 8250/16550 driver, 32 ports, IRQ sharing enabled
      1 Jun 09 20:30:25 yry-ThinkPad-X1-Carbon-Gen-11 kernel: serio: i8042 AUX port at 0x60,0x64 irq 12
      1 Jun 09 20:30:25 yry-ThinkPad-X1-Carbon-Gen-11 kernel: serio: i8042 KBD port at 0x60,0x64 irq 1
      1 Jun 09 20:30:25 yry-ThinkPad-X1-Carbon-Gen-11 kernel: setup_percpu: NR_CPUS:8192 nr_cpumask_bits:12 nr_cpu_ids:12 nr_node_ids:1
      1 Jun 09 20:30:25 yry-ThinkPad-X1-Carbon-Gen-11 kernel: shpchp: Standard Hot Plug PCI Controller Driver version: 0.4
      1 Jun 09 20:30:25 yry-ThinkPad-X1-Carbon-Gen-11 kernel: signal: max sigframe size: 3632
      1 Jun 09 20:30:25 yry-ThinkPad-X1-Carbon-Gen-11 kernel: simple-framebuffer simple-framebuffer.0: [drm] fb0: simpledrmdrmfb frame buffer device
      1 Jun 09 20:30:25 yry-ThinkPad-X1-Carbon-Gen-11 kernel: SLUB: HWalign=64, Order=0-3, MinObjects=0, CPUs=12, Nodes=1
      1 Jun 09 20:30:25 yry-ThinkPad-X1-Carbon-Gen-11 kernel: SMBIOS 3.4.0 present.
      1 Jun 09 20:30:25 yry-ThinkPad-X1-Carbon-Gen-11 kernel: smpboot: Allowing 12 CPUs, 0 hotplug CPUs
      1 Jun 09 20:30:25 yry-ThinkPad-X1-Carbon-Gen-11 kernel: smpboot: CPU0: 13th Gen Intel(R) Core(TM) i7-1365U (family: 0x6, model: 0xba, stepping: 0x3)
      1 Jun 09 20:30:25 yry-ThinkPad-X1-Carbon-Gen-11 kernel: smpboot: Max logical packages: 1
      1 Jun 09 20:30:25 yry-ThinkPad-X1-Carbon-Gen-11 kernel: smpboot: Total of 12 processors activated (64512.00 BogoMIPS)
      1 Jun 09 20:30:25 yry-ThinkPad-X1-Carbon-Gen-11 kernel: smpboot: x86: Booting SMP configuration:
      1 Jun 09 20:30:25 yry-ThinkPad-X1-Carbon-Gen-11 kernel: smp: Bringing up secondary CPUs ...
      1 Jun 09 20:30:25 yry-ThinkPad-X1-Carbon-Gen-11 kernel: smp: Brought up 1 node, 12 CPUs
      1 Jun 09 20:30:25 yry-ThinkPad-X1-Carbon-Gen-11 kernel: software IO TLB: area num 16.
      1 Jun 09 20:30:25 yry-ThinkPad-X1-Carbon-Gen-11 kernel: software IO TLB: mapped [mem 0x00000000835a9000-0x00000000875a9000] (64MB)
      1 Jun 09 20:30:25 yry-ThinkPad-X1-Carbon-Gen-11 kernel: Spectre V1 : Mitigation: usercopy/swapgs barriers and __user pointer sanitization
      1 Jun 09 20:30:25 yry-ThinkPad-X1-Carbon-Gen-11 kernel: Spectre V2 : mitigation: Enabling conditional Indirect Branch Prediction Barrier
      1 Jun 09 20:30:25 yry-ThinkPad-X1-Carbon-Gen-11 kernel: Spectre V2 : Mitigation: Enhanced / Automatic IBRS
      1 Jun 09 20:30:25 yry-ThinkPad-X1-Carbon-Gen-11 kernel: Spectre V2 : Spectre v2 / PBRSB-eIBRS: Retire a single CALL on VMEXIT
      1 Jun 09 20:30:25 yry-ThinkPad-X1-Carbon-Gen-11 kernel: Spectre V2 : Spectre v2 / SpectreRSB mitigation: Filling RSB on context switch
      1 Jun 09 20:30:25 yry-ThinkPad-X1-Carbon-Gen-11 kernel: Speculative Store Bypass: Mitigation: Speculative Store Bypass disabled via prctl
      1 Jun 09 20:30:25 yry-ThinkPad-X1-Carbon-Gen-11 kernel: spi-nor spi0.0: unrecognized JEDEC id bytes: f7 f0 30 09 03 00
      1 Jun 09 20:30:25 yry-ThinkPad-X1-Carbon-Gen-11 kernel:     splash
      1 Jun 09 20:30:25 yry-ThinkPad-X1-Carbon-Gen-11 kernel: squashfs: version 4.0 (2009/01/31) Phillip Lougher
      1 Jun 09 20:30:25 yry-ThinkPad-X1-Carbon-Gen-11 kernel: system 00:00: [io  0x0680-0x069f] has been reserved
      1 Jun 09 20:30:25 yry-ThinkPad-X1-Carbon-Gen-11 kernel: system 00:00: [io  0x164e-0x164f] has been reserved
      1 Jun 09 20:30:25 yry-ThinkPad-X1-Carbon-Gen-11 kernel: system 00:01: [io  0x1854-0x1857] has been reserved
      1 Jun 09 20:30:25 yry-ThinkPad-X1-Carbon-Gen-11 kernel: system 00:04: [io  0x0800-0x087f] has been reserved
      1 Jun 09 20:30:25 yry-ThinkPad-X1-Carbon-Gen-11 kernel: system 00:04: [io  0x0880-0x08ff] has been reserved
      1 Jun 09 20:30:25 yry-ThinkPad-X1-Carbon-Gen-11 kernel: system 00:04: [io  0x0900-0x097f] has been reserved
      1 Jun 09 20:30:25 yry-ThinkPad-X1-Carbon-Gen-11 kernel: system 00:04: [io  0x0980-0x09ff] has been reserved
      1 Jun 09 20:30:25 yry-ThinkPad-X1-Carbon-Gen-11 kernel: system 00:04: [io  0x0a00-0x0a7f] has been reserved
      1 Jun 09 20:30:25 yry-ThinkPad-X1-Carbon-Gen-11 kernel: system 00:04: [io  0x0a80-0x0aff] has been reserved
